  *********************************************************************************************************
  **                                                                                                     **
  **           888888888888                                                                              **
  **         8888888888888888                                                                            **
  **      888888888888888888                                                                             **
  **     888888888888888888                                                                              **
  **    888888888888888                                                                                  **
  **   88888888888888888888                               88888                       8888:              **
  **   8888888888888888888888Z                            88888                       8888:              **
  **   888888888888888888888888?                          88888                       8888:              **
  **   8888888888888      8888888                                        888888       8888:              **
  **    88888888888         888888     8888:     88888    88888        888888888I     8888:    888888    **
  **    8888888888           88888:    8888:     88888    88888      $888888888888    8888:   888888     **
  **    I8Z 88888             88888    8888:     88888    88888    .888888     8888   8888: 888888       **
  **    .8Z 88888             88888    8888:     88888    88888    $88888             8888:88888         **
  **     8I 88888      .=88. .88888    8888:     88888    88888    88888              8888888888         **
  **    :8  88888      888888$8888$    8888:     88888    88888    8888O              88888888888        **
  **   ,7   +88888.     8888888888.    8888:     88888    88888    888888             88888O888888       **
  **         $888888:.   .8888888      88888....888888    88888     888888     8888   8888:  888888      **
  **          I8888888888888888888     888888888888888    88888     O888888888888O    8888:   888888     **
  **            O888888888888888888     88888888888888    88888       88888888888$    8888:    888888    **
  **               8888888Z     888      .8888I  88888    88888         8888888       8888:     888888   **
  **                                                                                                     **
  **                                                                                                     **
  **                                         Copyright (c) 2022                                          **
  **                          Regents of the University of California San Diego                          **
  **                                    & Michigan State University                                      **
  **                                        All Rights Reserved.                                         **
  **                                                                                                     **
  **             This software is subject to the terms of the Mozilla Public License, v. 2.0.            **
  **                                                                                                     **
  *********************************************************************************************************
                                                                                                           
  Cite this work as:                                                                                       
  Manathunga, M.; Shajan, A.; Giese, T. J.; Cruzeiro, V.W.D.; Smith, J.; Miao, Y.; He, X.; Ayers, K.;      
  Brothers, E.; Goetz, A.W.; Merz, K.M. QUICK-22.03                                                        
  University of California San Diego, CA and Michigan State University, East Lansing, MI, 2022             
                                                                                                           
  If you have any comments or queries, please send us an email for technical support:                      
  quick.merzlab@gmail.com                                                                                  
                                                                                                           
| TASK STARTS ON: Tue May  3 18:18:20 2022
| INPUT FILE :    ene_PO4_3_rhf_631gs.in
| OUTPUT FILE:    ene_PO4_3_rhf_631gs.out
| DATA FILE  :    ene_PO4_3_rhf_631gs.dat
| BASIS SET PATH: /mnt/home/manathun/Work/fix-delta-density-dft/basis

|------------ GPU INFORMATION ---------------
| CUDA ENABLED DEVICE         :        4
| CUDA DEVICE IN USE          :        0
| CUDA DEVICE NAME            : Tesla V100S-PCIE-32GB
| CUDA DEVICE PM              :       80
| CUDA DEVICE CORE FREQ(GHZ)  :     1.60
| CUDA DEVICE MEMORY SIZE (MB):    32510
| SUPPORTING CUDA VERSION     :      7.0
|--------------------------------------------

 @ Read Job And Atom

  KEYWORD=HF  BASIS=6-31G* CUTOFF=1.0E-9 DENSERMS=1.0E-6  ZMAKE ENERGY DIPOLE CHARGE=-3                                                                                                                           
 ============== JOB CARD =============
 METHOD = HATREE FOCK
 DIRECT SCF 
 SAD INITAL GUESS 
 USE DIIS SCF
 PRINT ENERGY EVERY CYCLE
 READ SAD GUESS FROM FILE
 Z-MATRIX CONSTRUCTION
 DIPOLE
 MAX SCF CYCLES =    200
 MAX DIIS CYCLES =   10
 DELTA DENSITY START CYCLE =    5
 COMPUTATIONAL CUTOFF: 
      TWO-e INTEGRAL   =  0.100E-08
      BASIS SET PRIME  =  0.100E-09
      MATRIX ELEMENTS  =  0.100E-09
      BASIS FUNCTION   =  0.100E-09
 DENSITY MATRIX MAXIMUM RMS FOR CONVERGENCE  =  0.100E-05
 BASIS SET = 6-31G*,  TYPE = CARTESIAN
| BASIS FILE = /mnt/home/manathun/Work/fix-delta-density-dft/basis/6-31GD.BAS

 @ Finish reading job


 @ Begin SAD initial guess

 For Atom Kind =    1
 ELEMENT = P 
 BASIS FUNCTIONS =   19
 For Atom Kind =    2
 ELEMENT = O 
 BASIS FUNCTIONS =   15

 @ Finish SAD initial guess


 @ Begin Reading Molecular Information


 =========== Molecule Input ==========
 TOTAL MOLECULAR CHARGE  =   -3    MULTIPLICITY                =    1
 TOTAL ATOM NUMBER       =    5    NUMBER OF ATOM TYPES        =    2
 NUMBER OF HYDROGEN ATOM =    0    NUMBER OF NON-HYDROGEN ATOM =    5
 NUMBER OF ELECTRONS     =   50

 -- INPUT GEOMETRY -- :
    P           0.0000      -0.0001       0.0000
    O           1.5234      -0.0688      -0.1977
    O          -0.6406       0.7180      -1.1991
    O          -0.5679      -1.4248       0.1073
    O          -0.3149       0.7757       1.2895

 -- DISTANCE MATRIX -- :
              1           2           3           4           5
      1     0.00000
      2     2.90585     0.00000
      3     2.90544     4.74496     0.00000
      4     2.90538     4.74517     4.74451     0.00000
      5     2.90541     4.74479     4.74413     4.74461     0.00000

============== BASIS INFOS ==============
 BASIS FUNCTIONS =   79
 NSHELL =   21 NPRIM  =  164
 JSHELL =   21 JBASIS =   61


 @ End Reading Molecular Information 


 @ Begin Energy Calculation

                                         SCF ENERGY
| ------------------------------------------------------------------------------------------------------------------------
| NCYC       ENERGY         DELTA_E      SCF_TIME  DII_CYC   DII_TIME   O_TIME  DIAG_TIME    MAX_ERR    RMS_CHG    MAX_CHG
| ------------------------------------------------------------------------------------------------------------------------
|  1   -640.993421002      ------         0.052     1        0.01      0.04      0.01    0.1851E+01  0.3598E-01  0.4695E+00
|  2   -639.446303481  -.154712E+01       0.035     2        0.01      0.03      0.01    0.2748E+00  0.1660E-01  0.2334E+00
|  3   -639.641632611  0.195329E+00       0.035     3        0.01      0.03      0.01    0.1292E+00  0.5010E-02  0.8359E-01
|  4   -639.701785188  0.601526E-01       0.035     4        0.01      0.03      0.01    0.1555E-01  0.1916E-02  0.3430E-01
|  5   -639.704189814  0.240463E-02       0.033     5        0.01      0.03      0.01    0.3747E-02  0.4297E-03  0.4665E-02
|  6   -639.704342590  0.152776E-03       0.032     6        0.01      0.02      0.01    0.1563E-02  0.1521E-03  0.1857E-02
|  7   -639.704357407  0.148163E-04       0.032     7        0.01      0.02      0.01    0.2659E-03  0.3045E-04  0.3736E-03
|  8   -639.704357894  0.486926E-06       0.031     8        0.01      0.02      0.01    0.1562E-03  0.6817E-05  0.1135E-03
|  9   -639.704357939  0.454211E-07       0.030     9        0.01      0.02      0.01    0.3113E-04  0.3079E-05  0.5410E-04
| 10   -639.704357942  0.264714E-08       0.030    10        0.01      0.02      0.01    0.4110E-05  0.6773E-06  0.7415E-05
| ------------------------------------------------------------------------------------------------------------------------
| REACH CONVERGENCE AFTER  10 CYCLES
| MAX ERROR = 0.410981E-05   RMS CHANGE = 0.677334E-06   MAX CHANGE = 0.741478E-05
| -----------------------------------------------
 ELECTRONIC ENERGY    =   -885.839574912
 CORE_CORE REPULSION  =    246.135216970
 TOTAL ENERGY         =   -639.704357942

 @ End Energy calculation


 @ Begin Zmake conversion

  
 Z-MATRIX:

   ATOM  ELEMENTAL  BOND LENGTH    BOND ANGLE    DIHEDRAL ANGLE
  NUMBER  SYMBOL    (ANGSTROMS)    (DEGREES)       (DEGREES)
     I                 I-NA         I-NA-NB        I-NA-NB-NC      NA   NB   NC

     1      P        0.00000  0     0.00000  0      0.00000  0      0    0    0
     2      O        1.53771  1     0.00000  0      0.00000  0      1    0    0
     3      O        1.53749  1   109.47353  1      0.00000  0      1    2    0
     4      O        1.53746  1   109.48195  1    120.00795  1      1    2    3
     5      O        1.53748  1   109.46827  1   -119.98261  1      1    2    3

 @ End Zmake conversion


 @ Begin Charge and Dipole Calculation

    ATOMIC CHARGES
   ATOM          MULLIKEN            LOWDIN
   P              1.2446             1.0299
   O             -1.0613            -1.0100
   O             -1.0611            -1.0055
   O             -1.0611            -1.0080
   O             -1.0611            -1.0064
   TOTAL        -3.0000            -3.0000

    DIPOLE (DEBYE)
      X         Y         Z        TOTAL
   -0.0008   -0.0015    0.0001    0.0017

 @ End Charge and Dipole Calculation


 @ Output Timing Information

------------- TIMING ---------------
| INITIAL GUESS TIME  =     0.891033000( 20.03%)
| TOTAL SCF TIME      =     0.355198000(  7.99%)
|       TOTAL OP TIME      =     0.274772000(  6.18%)
|             TOTAL 1e TIME      =     0.009096000(  0.20%)
|             TOTAL 2e TIME      =     0.254486000(  5.72%)
|       TOTAL DII TIME      =     0.080224000(  1.80%)
|             TOTAL DIAG TIME    =     0.068387000(  1.54%)
| TOTAL TIME          =     4.448163000
------------------------------------
| Job cpu time:  0 days  0 hours  0 minutes  4.4 seconds.

 @ Finish Output Timing Information

| Normal Termination. Task Finished on: Tue May  3 18:18:25 2022
