  *********************************************************************************************************
  **                                                                                                     **
  **           888888888888                                                                              **
  **         8888888888888888                                                                            **
  **      888888888888888888                                                                             **
  **     888888888888888888                                                                              **
  **    888888888888888                                                                                  **
  **   88888888888888888888                               88888                       8888:              **
  **   8888888888888888888888Z                            88888                       8888:              **
  **   888888888888888888888888?                          88888                       8888:              **
  **   8888888888888      8888888                                        888888       8888:              **
  **    88888888888         888888     8888:     88888    88888        888888888I     8888:    888888    **
  **    8888888888           88888:    8888:     88888    88888      $888888888888    8888:   888888     **
  **    I8Z 88888             88888    8888:     88888    88888    .888888     8888   8888: 888888       **
  **    .8Z 88888             88888    8888:     88888    88888    $88888             8888:88888         **
  **     8I 88888      .=88. .88888    8888:     88888    88888    88888              8888888888         **
  **    :8  88888      888888$8888$    8888:     88888    88888    8888O              88888888888        **
  **   ,7   +88888.     8888888888.    8888:     88888    88888    888888             88888O888888       **
  **         $888888:.   .8888888      88888....888888    88888     888888     8888   8888:  888888      **
  **          I8888888888888888888     888888888888888    88888     O888888888888O    8888:   888888     **
  **            O888888888888888888     88888888888888    88888       88888888888$    8888:    888888    **
  **               8888888Z     888      .8888I  88888    88888         8888888       8888:     888888   **
  **                                                                                                     **
  **                                                                                                     **
  **                                         Copyright (c) 2022                                          **
  **                          Regents of the University of California San Diego                          **
  **                                    & Michigan State University                                      **
  **                                        All Rights Reserved.                                         **
  **                                                                                                     **
  **             This software is subject to the terms of the Mozilla Public License, v. 2.0.            **
  **                                                                                                     **
  *********************************************************************************************************
                                                                                                           
  Cite this work as:                                                                                       
  Manathunga, M.; Shajan, A.; Giese, T. J.; Cruzeiro, V.W.D.; Smith, J.; Miao, Y.; He, X.; Ayers, K.;      
  Brothers, E.; Goetz, A.W.; Merz, K.M. QUICK-22.03                                                        
  University of California San Diego, CA and Michigan State University, East Lansing, MI, 2022             
                                                                                                           
  If you have any comments or queries, please send us an email for technical support:                      
  quick.merzlab@gmail.com                                                                                  
                                                                                                           
| TASK STARTS ON: Tue May  3 18:20:54 2022
| INPUT FILE :    ene_wat2_mp2_631gss.in
| OUTPUT FILE:    ene_wat2_mp2_631gss.out
| DATA FILE  :    ene_wat2_mp2_631gss.dat
| BASIS SET PATH: /mnt/home/manathun/Work/fix-delta-density-dft/basis

|------------ GPU INFORMATION ---------------
| CUDA ENABLED DEVICE         :        4
| CUDA DEVICE IN USE          :        0
| CUDA DEVICE NAME            : Tesla V100S-PCIE-32GB
| CUDA DEVICE PM              :       80
| CUDA DEVICE CORE FREQ(GHZ)  :     1.60
| CUDA DEVICE MEMORY SIZE (MB):    32510
| SUPPORTING CUDA VERSION     :      7.0
|--------------------------------------------

 @ Read Job And Atom

  KEYWORD=MP2 BASIS=6-31G** CUTOFF=1.0E-9 DENSERMS=1.0E-6  ZMAKE ENERGY DIPOLE                                                                                                                                    
 ============== JOB CARD =============
 METHOD = HATREE FOCK
 DIRECT SCF 
 SAD INITAL GUESS 
 USE DIIS SCF
 PRINT ENERGY EVERY CYCLE
 READ SAD GUESS FROM FILE
 Z-MATRIX CONSTRUCTION
 DIPOLE
 MAX SCF CYCLES =    200
 MAX DIIS CYCLES =   10
 DELTA DENSITY START CYCLE =    5
 COMPUTATIONAL CUTOFF: 
      TWO-e INTEGRAL   =  0.100E-08
      BASIS SET PRIME  =  0.100E-09
      MATRIX ELEMENTS  =  0.100E-09
      BASIS FUNCTION   =  0.100E-09
 DENSITY MATRIX MAXIMUM RMS FOR CONVERGENCE  =  0.100E-05
 BASIS SET = 6-31G**,  TYPE = CARTESIAN
| BASIS FILE = /mnt/home/manathun/Work/fix-delta-density-dft/basis/6-31GDP.BAS

 @ Finish reading job


 @ Begin SAD initial guess

 For Atom Kind =    1
 ELEMENT = O 
 BASIS FUNCTIONS =   15
 For Atom Kind =    2
 ELEMENT = H 
 BASIS FUNCTIONS =    5

 @ Finish SAD initial guess


 @ Begin Reading Molecular Information


 =========== Molecule Input ==========
 TOTAL MOLECULAR CHARGE  =    0    MULTIPLICITY                =    1
 TOTAL ATOM NUMBER       =    6    NUMBER OF ATOM TYPES        =    2
 NUMBER OF HYDROGEN ATOM =    4    NUMBER OF NON-HYDROGEN ATOM =    2
 NUMBER OF ELECTRONS     =   20

 -- INPUT GEOMETRY -- :
    O          -1.7945      -0.9234       2.7683
    O          -0.7415       1.7521       2.8963
    H          -1.2421       0.9212       2.9842
    H          -2.3382      -1.3597       3.4309
    H          -0.8795      -1.3030       2.8658
    H          -0.9205       2.0364       1.9840

 -- DISTANCE MATRIX -- :
              1           2           3           4           5
      1     0.00000
      2     5.43885     0.00000
      3     3.66153     1.84069     0.00000
      4     1.81759     6.68631     4.85619     0.00000
      5     1.88100     5.77953     4.26453     2.95829     0.00000
      6     6.01745     1.83707     2.89541     7.47284     6.52737
              6
      6     0.00000

============== BASIS INFOS ==============
 BASIS FUNCTIONS =   50
 NSHELL =   20 NPRIM  =   84
 JSHELL =   20 JBASIS =   42


 @ End Reading Molecular Information 


 @ Begin Energy Calculation

                                         SCF ENERGY
| ------------------------------------------------------------------------------------------------------------------------
| NCYC       ENERGY         DELTA_E      SCF_TIME  DII_CYC   DII_TIME   O_TIME  DIAG_TIME    MAX_ERR    RMS_CHG    MAX_CHG
| ------------------------------------------------------------------------------------------------------------------------
|  1   -151.970212547      ------         0.020     1        0.01      0.01      0.01    0.1753E+01  0.3829E-01  0.4183E+00
|  2   -151.979201833  0.898929E-02       0.016     2        0.01      0.01      0.01    0.2332E+00  0.9275E-02  0.1682E+00
|  3   -152.036901294  0.576995E-01       0.012     3        0.01      0.01      0.01    0.9494E-01  0.3444E-02  0.5502E-01
|  4   -152.049516494  0.126152E-01       0.012     4        0.01      0.01      0.01    0.2768E-01  0.1178E-02  0.2243E-01
|  5   -152.050695765  0.117927E-02       0.011     5        0.01      0.01      0.01    0.5339E-02  0.5276E-03  0.6275E-02
|  6   -152.050818008  0.122243E-03       0.011     6        0.01      0.01      0.01    0.1422E-02  0.1191E-03  0.1450E-02
|  7   -152.050823382  0.537437E-05       0.011     7        0.01      0.00      0.01    0.5047E-03  0.3530E-04  0.4178E-03
|  8   -152.050823956  0.574045E-06       0.011     8        0.01      0.00      0.01    0.7873E-04  0.1483E-04  0.1708E-03
|  9   -152.050824020  0.633376E-07       0.011     9        0.01      0.00      0.01    0.1764E-04  0.3974E-05  0.4220E-04
| 10   -152.050824023  0.306022E-08       0.010    10        0.01      0.00      0.01    0.3785E-05  0.5821E-06  0.7597E-05
| ------------------------------------------------------------------------------------------------------------------------
| REACH CONVERGENCE AFTER  10 CYCLES
| MAX ERROR = 0.378481E-05   RMS CHANGE = 0.582103E-06   MAX CHANGE = 0.759709E-05
| -----------------------------------------------
 ELECTRONIC ENERGY    =   -188.679305454
 CORE_CORE REPULSION  =     36.628481432
 TOTAL ENERGY         =   -152.050824023

 @ End Energy calculation


 @ Begin MP2 Calculation

SECOND ORDER ENERGY =    -0.403468390
EMP2                =  -152.454292413

 @ End MP2 Calculation


 @ Begin Zmake conversion

  
 Z-MATRIX:

   ATOM  ELEMENTAL  BOND LENGTH    BOND ANGLE    DIHEDRAL ANGLE
  NUMBER  SYMBOL    (ANGSTROMS)    (DEGREES)       (DEGREES)
     I                 I-NA         I-NA-NB        I-NA-NB-NC      NA   NB   NC

     1      O        0.00000  0     0.00000  0      0.00000  0      0    0    0
     2      O        2.87812  1     0.00000  0      0.00000  0      1    0    0
     3      H        1.93760  1     6.15055  1      0.00000  0      1    2    0
     4      H        0.96183  1   126.72240  1    -24.40948  1      1    2    3
     5      H        0.99538  1    90.79436  1   -135.43640  1      1    2    3
     6      H        3.18430  1    17.53072  1    112.51553  1      1    2    3

 @ End Zmake conversion


 @ Begin Charge and Dipole Calculation

    ATOMIC CHARGES
   ATOM          MULLIKEN            LOWDIN
   O             -0.6877            -0.4484
   O             -0.7303            -0.4914
   H              0.3733             0.2230
   H              0.3551             0.2389
   H              0.3621             0.2533
   H              0.3276             0.2247
   TOTAL        -0.0000             0.0000

    DIPOLE (DEBYE)
      X         Y         Z        TOTAL
   -0.7666   -3.0689   -0.0458    3.1635

 @ End Charge and Dipole Calculation


 @ Output Timing Information

------------- TIMING ---------------
| INITIAL GUESS TIME  =     0.853970000( 20.34%)
| TOTAL SCF TIME      =     0.128037000(  3.05%)
|       TOTAL OP TIME      =     0.058383000(  1.39%)
|             TOTAL 1e TIME      =     0.002563000(  0.06%)
|             TOTAL 2e TIME      =     0.052580000(  1.25%)
|       TOTAL DII TIME      =     0.069551000(  1.66%)
|             TOTAL DIAG TIME    =     0.062556000(  1.49%)
| TOTAL MP2 TIME     =     0.175548000(  4.18%)
| TOTAL TIME          =     4.198710000
------------------------------------
| Job cpu time:  0 days  0 hours  0 minutes  4.2 seconds.

 @ Finish Output Timing Information

| Normal Termination. Task Finished on: Tue May  3 18:20:59 2022
