  *********************************************************************************************************
  **                                                                                                     **
  **           888888888888                                                                              **
  **         8888888888888888                                                                            **
  **      888888888888888888                                                                             **
  **     888888888888888888                                                                              **
  **    888888888888888                                                                                  **
  **   88888888888888888888                               88888                       8888:              **
  **   8888888888888888888888Z                            88888                       8888:              **
  **   888888888888888888888888?                          88888                       8888:              **
  **   8888888888888      8888888                                        888888       8888:              **
  **    88888888888         888888     8888:     88888    88888        888888888I     8888:    888888    **
  **    8888888888           88888:    8888:     88888    88888      $888888888888    8888:   888888     **
  **    I8Z 88888             88888    8888:     88888    88888    .888888     8888   8888: 888888       **
  **    .8Z 88888             88888    8888:     88888    88888    $88888             8888:88888         **
  **     8I 88888      .=88. .88888    8888:     88888    88888    88888              8888888888         **
  **    :8  88888      888888$8888$    8888:     88888    88888    8888O              88888888888        **
  **   ,7   +88888.     8888888888.    8888:     88888    88888    888888             88888O888888       **
  **         $888888:.   .8888888      88888....888888    88888     888888     8888   8888:  888888      **
  **          I8888888888888888888     888888888888888    88888     O888888888888O    8888:   888888     **
  **            O888888888888888888     88888888888888    88888       88888888888$    8888:    888888    **
  **               8888888Z     888      .8888I  88888    88888         8888888       8888:     888888   **
  **                                                                                                     **
  **                                                                                                     **
  **                                         Copyright (c) 2022                                          **
  **                          Regents of the University of California San Diego                          **
  **                                    & Michigan State University                                      **
  **                                        All Rights Reserved.                                         **
  **                                                                                                     **
  **             This software is subject to the terms of the Mozilla Public License, v. 2.0.            **
  **                                                                                                     **
  *********************************************************************************************************
                                                                                                           
  Cite this work as:                                                                                       
  Manathunga, M.; Shajan, A.; Giese, T. J.; Cruzeiro, V.W.D.; Smith, J.; Miao, Y.; He, X.; Ayers, K.;      
  Brothers, E.; Goetz, A.W.; Merz, K.M. QUICK-22.03                                                        
  University of California San Diego, CA and Michigan State University, East Lansing, MI, 2022             
                                                                                                           
  If you have any comments or queries, please send us an email for technical support:                      
  quick.merzlab@gmail.com                                                                                  
                                                                                                           
| TASK STARTS ON: Tue May  3 18:18:25 2022
| INPUT FILE :    ene_SiH4_rhf_631gs.in
| OUTPUT FILE:    ene_SiH4_rhf_631gs.out
| DATA FILE  :    ene_SiH4_rhf_631gs.dat
| BASIS SET PATH: /mnt/home/manathun/Work/fix-delta-density-dft/basis

|------------ GPU INFORMATION ---------------
| CUDA ENABLED DEVICE         :        4
| CUDA DEVICE IN USE          :        0
| CUDA DEVICE NAME            : Tesla V100S-PCIE-32GB
| CUDA DEVICE PM              :       80
| CUDA DEVICE CORE FREQ(GHZ)  :     1.60
| CUDA DEVICE MEMORY SIZE (MB):    32510
| SUPPORTING CUDA VERSION     :      7.0
|--------------------------------------------

 @ Read Job And Atom

  KEYWORD=HF  BASIS=6-31G* CUTOFF=1.0E-9 DENSERMS=1.0E-6  ZMAKE ENERGY DIPOLE CHARGE=0                                                                                                                            
 ============== JOB CARD =============
 METHOD = HATREE FOCK
 DIRECT SCF 
 SAD INITAL GUESS 
 USE DIIS SCF
 PRINT ENERGY EVERY CYCLE
 READ SAD GUESS FROM FILE
 Z-MATRIX CONSTRUCTION
 DIPOLE
 MAX SCF CYCLES =    200
 MAX DIIS CYCLES =   10
 DELTA DENSITY START CYCLE =    5
 COMPUTATIONAL CUTOFF: 
      TWO-e INTEGRAL   =  0.100E-08
      BASIS SET PRIME  =  0.100E-09
      MATRIX ELEMENTS  =  0.100E-09
      BASIS FUNCTION   =  0.100E-09
 DENSITY MATRIX MAXIMUM RMS FOR CONVERGENCE  =  0.100E-05
 BASIS SET = 6-31G*,  TYPE = CARTESIAN
| BASIS FILE = /mnt/home/manathun/Work/fix-delta-density-dft/basis/6-31GD.BAS

 @ Finish reading job


 @ Begin SAD initial guess

 For Atom Kind =    1
 ELEMENT = SI
 BASIS FUNCTIONS =   19
 For Atom Kind =    2
 ELEMENT = H 
 BASIS FUNCTIONS =    2

 @ Finish SAD initial guess


 @ Begin Reading Molecular Information


 =========== Molecule Input ==========
 TOTAL MOLECULAR CHARGE  =    0    MULTIPLICITY                =    1
 TOTAL ATOM NUMBER       =    5    NUMBER OF ATOM TYPES        =    2
 NUMBER OF HYDROGEN ATOM =    4    NUMBER OF NON-HYDROGEN ATOM =    1
 NUMBER OF ELECTRONS     =   18

 -- INPUT GEOMETRY -- :
    SI         -1.7719      -1.4158       0.0226
    H          -0.6719      -1.4158       0.0226
    H          -2.1386      -0.9311      -0.8942
    H          -2.1386      -0.8640       0.9008
    H          -2.1386      -2.4521       0.0614

 -- DISTANCE MATRIX -- :
              1           2           3           4           5
      1     0.00000
      2     2.07870     0.00000
      3     2.07869     3.39450     0.00000
      4     2.07871     3.39451     3.39450     0.00000
      5     2.07869     3.39450     3.39449     3.39450     0.00000

============== BASIS INFOS ==============
 BASIS FUNCTIONS =   27
 NSHELL =   13 NPRIM  =   68
 JSHELL =   13 JBASIS =   33


 @ End Reading Molecular Information 


 @ Begin Energy Calculation

                                         SCF ENERGY
| ------------------------------------------------------------------------------------------------------------------------
| NCYC       ENERGY         DELTA_E      SCF_TIME  DII_CYC   DII_TIME   O_TIME  DIAG_TIME    MAX_ERR    RMS_CHG    MAX_CHG
| ------------------------------------------------------------------------------------------------------------------------
|  1   -291.868057032      ------         0.030     1        0.01      0.02      0.01    0.3538E+01  0.6718E-01  0.3491E+00
|  2   -290.809347994  -.105871E+01       0.022     2        0.01      0.02      0.01    0.6628E-01  0.1313E-01  0.1444E+00
|  3   -290.831845540  0.224975E-01       0.020     3        0.01      0.01      0.00    0.2131E-01  0.4839E-02  0.4055E-01
|  4   -290.833680487  0.183495E-02       0.026     4        0.01      0.01      0.01    0.5353E-02  0.1340E-02  0.8112E-02
|  5   -290.833790288  0.109800E-03       0.027     5        0.01      0.01      0.01    0.6689E-03  0.2352E-03  0.1368E-02
|  6   -290.833792617  0.232894E-05       0.025     6        0.01      0.01      0.01    0.3778E-04  0.1710E-04  0.1694E-03
|  7   -290.833792629  0.125967E-07       0.023     7        0.01      0.01      0.01    0.4170E-05  0.1649E-05  0.1526E-04
|  8   -290.833792630  0.371937E-09       0.022     8        0.01      0.01      0.01    0.6357E-06  0.2295E-06  0.1628E-05
| ------------------------------------------------------------------------------------------------------------------------
| REACH CONVERGENCE AFTER   8 CYCLES
| MAX ERROR = 0.635726E-06   RMS CHANGE = 0.229512E-06   MAX CHANGE = 0.162769E-05
| -----------------------------------------------
 ELECTRONIC ENERGY    =   -319.541289931
 CORE_CORE REPULSION  =     28.707497301
 TOTAL ENERGY         =   -290.833792630

 @ End Energy calculation


 @ Begin Zmake conversion

  
 Z-MATRIX:

   ATOM  ELEMENTAL  BOND LENGTH    BOND ANGLE    DIHEDRAL ANGLE
  NUMBER  SYMBOL    (ANGSTROMS)    (DEGREES)       (DEGREES)
     I                 I-NA         I-NA-NB        I-NA-NB-NC      NA   NB   NC

     1      SI       0.00000  0     0.00000  0      0.00000  0      0    0    0
     2      H        1.10000  1     0.00000  0      0.00000  0      1    0    0
     3      H        1.10000  1   109.47147  1      0.00000  0      1    2    0
     4      H        1.10001  1   109.47126  1   -119.99987  1      1    2    3
     5      H        1.10000  1   109.47149  1    120.00059  1      1    2    3

 @ End Zmake conversion


 @ Begin Charge and Dipole Calculation

    ATOMIC CHARGES
   ATOM          MULLIKEN            LOWDIN
   SI             0.1620             0.0510
   H             -0.0405            -0.0194
   H             -0.0405            -0.0089
   H             -0.0405            -0.0077
   H             -0.0405            -0.0149
   TOTAL        -0.0000            -0.0000

    DIPOLE (DEBYE)
      X         Y         Z        TOTAL
    0.0000   -0.0000   -0.0000    0.0000

 @ End Charge and Dipole Calculation


 @ Output Timing Information

------------- TIMING ---------------
| INITIAL GUESS TIME  =     0.841556000( 20.50%)
| TOTAL SCF TIME      =     0.197900000(  4.82%)
|       TOTAL OP TIME      =     0.125376000(  3.05%)
|             TOTAL 1e TIME      =     0.001692000(  0.04%)
|             TOTAL 2e TIME      =     0.121156000(  2.95%)
|       TOTAL DII TIME      =     0.072429000(  1.76%)
|             TOTAL DIAG TIME    =     0.066477000(  1.62%)
| TOTAL TIME          =     4.104603000
------------------------------------
| Job cpu time:  0 days  0 hours  0 minutes  4.1 seconds.

 @ Finish Output Timing Information

| Normal Termination. Task Finished on: Tue May  3 18:18:29 2022
