  *********************************************************************************************************
  **                                                                                                     **
  **           888888888888                                                                              **
  **         8888888888888888                                                                            **
  **      888888888888888888                                                                             **
  **     888888888888888888                                                                              **
  **    888888888888888                                                                                  **
  **   88888888888888888888                               88888                       8888:              **
  **   8888888888888888888888Z                            88888                       8888:              **
  **   888888888888888888888888?                          88888                       8888:              **
  **   8888888888888      8888888                                        888888       8888:              **
  **    88888888888         888888     8888:     88888    88888        888888888I     8888:    888888    **
  **    8888888888           88888:    8888:     88888    88888      $888888888888    8888:   888888     **
  **    I8Z 88888             88888    8888:     88888    88888    .888888     8888   8888: 888888       **
  **    .8Z 88888             88888    8888:     88888    88888    $88888             8888:88888         **
  **     8I 88888      .=88. .88888    8888:     88888    88888    88888              8888888888         **
  **    :8  88888      888888$8888$    8888:     88888    88888    8888O              88888888888        **
  **   ,7   +88888.     8888888888.    8888:     88888    88888    888888             88888O888888       **
  **         $888888:.   .8888888      88888....888888    88888     888888     8888   8888:  888888      **
  **          I8888888888888888888     888888888888888    88888     O888888888888O    8888:   888888     **
  **            O888888888888888888     88888888888888    88888       88888888888$    8888:    888888    **
  **               8888888Z     888      .8888I  88888    88888         8888888       8888:     888888   **
  **                                                                                                     **
  **                                                                                                     **
  **                                         Copyright (c) 2022                                          **
  **                          Regents of the University of California San Diego                          **
  **                                    & Michigan State University                                      **
  **                                        All Rights Reserved.                                         **
  **                                                                                                     **
  **             This software is subject to the terms of the Mozilla Public License, v. 2.0.            **
  **                                                                                                     **
  *********************************************************************************************************
                                                                                                           
  Cite this work as:                                                                                       
  Manathunga, M.; Shajan, A.; Giese, T. J.; Cruzeiro, V.W.D.; Smith, J.; Miao, Y.; He, X.; Ayers, K.;      
  Brothers, E.; Goetz, A.W.; Merz, K.M. QUICK-22.03                                                        
  University of California San Diego, CA and Michigan State University, East Lansing, MI, 2022             
                                                                                                           
  If you have any comments or queries, please send us an email for technical support:                      
  quick.merzlab@gmail.com                                                                                  
                                                                                                           
| TASK STARTS ON: Tue May  3 18:18:48 2022
| INPUT FILE :    ene_CH4_rhf_631gss.in
| OUTPUT FILE:    ene_CH4_rhf_631gss.out
| DATA FILE  :    ene_CH4_rhf_631gss.dat
| BASIS SET PATH: /mnt/home/manathun/Work/fix-delta-density-dft/basis

|------------ GPU INFORMATION ---------------
| CUDA ENABLED DEVICE         :        4
| CUDA DEVICE IN USE          :        0
| CUDA DEVICE NAME            : Tesla V100S-PCIE-32GB
| CUDA DEVICE PM              :       80
| CUDA DEVICE CORE FREQ(GHZ)  :     1.60
| CUDA DEVICE MEMORY SIZE (MB):    32510
| SUPPORTING CUDA VERSION     :      7.0
|--------------------------------------------

 @ Read Job And Atom

  KEYWORD=HF  BASIS=6-31G** CUTOFF=1.0E-9 DENSERMS=1.0E-6  ZMAKE ENERGY DIPOLE CHARGE=0                                                                                                                           
 ============== JOB CARD =============
 METHOD = HATREE FOCK
 DIRECT SCF 
 SAD INITAL GUESS 
 USE DIIS SCF
 PRINT ENERGY EVERY CYCLE
 READ SAD GUESS FROM FILE
 Z-MATRIX CONSTRUCTION
 DIPOLE
 MAX SCF CYCLES =    200
 MAX DIIS CYCLES =   10
 DELTA DENSITY START CYCLE =    5
 COMPUTATIONAL CUTOFF: 
      TWO-e INTEGRAL   =  0.100E-08
      BASIS SET PRIME  =  0.100E-09
      MATRIX ELEMENTS  =  0.100E-09
      BASIS FUNCTION   =  0.100E-09
 DENSITY MATRIX MAXIMUM RMS FOR CONVERGENCE  =  0.100E-05
 BASIS SET = 6-31G**,  TYPE = CARTESIAN
| BASIS FILE = /mnt/home/manathun/Work/fix-delta-density-dft/basis/6-31GDP.BAS

 @ Finish reading job


 @ Begin SAD initial guess

 For Atom Kind =    1
 ELEMENT = C 
 BASIS FUNCTIONS =   15
 For Atom Kind =    2
 ELEMENT = H 
 BASIS FUNCTIONS =    5

 @ Finish SAD initial guess


 @ Begin Reading Molecular Information


 =========== Molecule Input ==========
 TOTAL MOLECULAR CHARGE  =    0    MULTIPLICITY                =    1
 TOTAL ATOM NUMBER       =    5    NUMBER OF ATOM TYPES        =    2
 NUMBER OF HYDROGEN ATOM =    4    NUMBER OF NON-HYDROGEN ATOM =    1
 NUMBER OF ELECTRONS     =   10

 -- INPUT GEOMETRY -- :
    C          -0.0048      -0.0024      -0.0748
    H          -0.9064       0.5182      -0.4497
    H           0.8980       0.5198      -0.4449
    H          -0.0029      -1.0436      -0.4494
    H          -0.0077      -0.0039       1.0341

 -- DISTANCE MATRIX -- :
              1           2           3           4           5
      1     0.00000
      2     2.09110     0.00000
      3     2.09111     3.40972     0.00000
      4     2.09111     3.40972     3.40973     0.00000
      5     2.09545     3.42332     3.42332     3.42332     0.00000

============== BASIS INFOS ==============
 BASIS FUNCTIONS =   35
 NSHELL =   16 NPRIM  =   56
 JSHELL =   16 JBASIS =   31


 @ End Reading Molecular Information 


 @ Begin Energy Calculation

                                         SCF ENERGY
| ------------------------------------------------------------------------------------------------------------------------
| NCYC       ENERGY         DELTA_E      SCF_TIME  DII_CYC   DII_TIME   O_TIME  DIAG_TIME    MAX_ERR    RMS_CHG    MAX_CHG
| ------------------------------------------------------------------------------------------------------------------------
|  1    -40.253072963      ------         0.017     1        0.01      0.01      0.01    0.2014E+01  0.4445E-01  0.4819E+00
|  2    -40.174776008  -.782970E-01       0.012     2        0.01      0.00      0.01    0.7694E-01  0.7327E-02  0.6333E-01
|  3    -40.197958036  0.231820E-01       0.010     3        0.01      0.00      0.01    0.3176E-01  0.2277E-02  0.3056E-01
|  4    -40.200003942  0.204591E-02       0.009     4        0.01      0.00      0.01    0.7654E-02  0.8711E-03  0.7814E-02
|  5    -40.200215332  0.211390E-03       0.008     5        0.01      0.00      0.00    0.2760E-02  0.2055E-03  0.2739E-02
|  6    -40.200227234  0.119015E-04       0.008     6        0.01      0.00      0.00    0.3276E-03  0.4917E-04  0.4268E-03
|  7    -40.200227734  0.500687E-06       0.008     7        0.01      0.00      0.01    0.3218E-04  0.4966E-05  0.3882E-04
|  8    -40.200227741  0.630549E-08       0.008     8        0.01      0.00      0.00    0.3561E-05  0.9620E-06  0.9151E-05
| ------------------------------------------------------------------------------------------------------------------------
| REACH CONVERGENCE AFTER   8 CYCLES
| MAX ERROR = 0.356106E-05   RMS CHANGE = 0.961951E-06   MAX CHANGE = 0.915065E-05
| -----------------------------------------------
 ELECTRONIC ENERGY    =    -53.427634120
 CORE_CORE REPULSION  =     13.227406379
 TOTAL ENERGY         =    -40.200227741

 @ End Energy calculation


 @ Begin Zmake conversion

  
 Z-MATRIX:

   ATOM  ELEMENTAL  BOND LENGTH    BOND ANGLE    DIHEDRAL ANGLE
  NUMBER  SYMBOL    (ANGSTROMS)    (DEGREES)       (DEGREES)
     I                 I-NA         I-NA-NB        I-NA-NB-NC      NA   NB   NC

     1      C        0.00000  0     0.00000  0      0.00000  0      0    0    0
     2      H        1.10656  1     0.00000  0      0.00000  0      1    0    0
     3      H        1.10657  1   109.23234  1      0.00000  0      1    2    0
     4      H        1.10657  1   109.23222  1   -119.41952  1      1    2    3
     5      H        1.10887  1   109.70930  1    120.29025  1      1    2    3

 @ End Zmake conversion


 @ Begin Charge and Dipole Calculation

    ATOMIC CHARGES
   ATOM          MULLIKEN            LOWDIN
   C             -0.4685            -0.4253
   H              0.1171             0.1076
   H              0.1171             0.1076
   H              0.1171             0.1056
   H              0.1171             0.1046
   TOTAL         0.0000             0.0000

    DIPOLE (DEBYE)
      X         Y         Z        TOTAL
    0.0000    0.0000   -0.0054    0.0054

 @ End Charge and Dipole Calculation


 @ Output Timing Information

------------- TIMING ---------------
| INITIAL GUESS TIME  =     0.842981000( 21.15%)
| TOTAL SCF TIME      =     0.083172000(  2.09%)
|       TOTAL OP TIME      =     0.031236000(  0.78%)
|             TOTAL 1e TIME      =     0.001384000(  0.03%)
|             TOTAL 2e TIME      =     0.027520000(  0.69%)
|       TOTAL DII TIME      =     0.051867000(  1.30%)
|             TOTAL DIAG TIME    =     0.047066000(  1.18%)
| TOTAL TIME          =     3.985722000
------------------------------------
| Job cpu time:  0 days  0 hours  0 minutes  4.0 seconds.

 @ Finish Output Timing Information

| Normal Termination. Task Finished on: Tue May  3 18:18:52 2022
