  *********************************************************************************************************
  **                                                                                                     **
  **           888888888888                                                                              **
  **         8888888888888888                                                                            **
  **      888888888888888888                                                                             **
  **     888888888888888888                                                                              **
  **    888888888888888                                                                                  **
  **   88888888888888888888                               88888                       8888:              **
  **   8888888888888888888888Z                            88888                       8888:              **
  **   888888888888888888888888?                          88888                       8888:              **
  **   8888888888888      8888888                                        888888       8888:              **
  **    88888888888         888888     8888:     88888    88888        888888888I     8888:    888888    **
  **    8888888888           88888:    8888:     88888    88888      $888888888888    8888:   888888     **
  **    I8Z 88888             88888    8888:     88888    88888    .888888     8888   8888: 888888       **
  **    .8Z 88888             88888    8888:     88888    88888    $88888             8888:88888         **
  **     8I 88888      .=88. .88888    8888:     88888    88888    88888              8888888888         **
  **    :8  88888      888888$8888$    8888:     88888    88888    8888O              88888888888        **
  **   ,7   +88888.     8888888888.    8888:     88888    88888    888888             88888O888888       **
  **         $888888:.   .8888888      88888....888888    88888     888888     8888   8888:  888888      **
  **          I8888888888888888888     888888888888888    88888     O888888888888O    8888:   888888     **
  **            O888888888888888888     88888888888888    88888       88888888888$    8888:    888888    **
  **               8888888Z     888      .8888I  88888    88888         8888888       8888:     888888   **
  **                                                                                                     **
  **                                                                                                     **
  **                                         Copyright (c) 2022                                          **
  **                          Regents of the University of California San Diego                          **
  **                                    & Michigan State University                                      **
  **                                        All Rights Reserved.                                         **
  **                                                                                                     **
  **             This software is subject to the terms of the Mozilla Public License, v. 2.0.            **
  **                                                                                                     **
  *********************************************************************************************************
                                                                                                           
  Cite this work as:                                                                                       
  Manathunga, M.; Shajan, A.; Giese, T. J.; Cruzeiro, V.W.D.; Smith, J.; Miao, Y.; He, X.; Ayers, K.;      
  Brothers, E.; Goetz, A.W.; Merz, K.M. QUICK-22.03                                                        
  University of California San Diego, CA and Michigan State University, East Lansing, MI, 2022             
                                                                                                           
  If you have any comments or queries, please send us an email for technical support:                      
  quick.merzlab@gmail.com                                                                                  
                                                                                                           
| TASK STARTS ON: Tue May  3 18:15:40 2022
| INPUT FILE :    ene_SO2_rhf_sto3g.in
| OUTPUT FILE:    ene_SO2_rhf_sto3g.out
| DATA FILE  :    ene_SO2_rhf_sto3g.dat
| BASIS SET PATH: /mnt/home/manathun/Work/fix-delta-density-dft/basis

|------------ GPU INFORMATION ---------------
| CUDA ENABLED DEVICE         :        4
| CUDA DEVICE IN USE          :        0
| CUDA DEVICE NAME            : Tesla V100S-PCIE-32GB
| CUDA DEVICE PM              :       80
| CUDA DEVICE CORE FREQ(GHZ)  :     1.60
| CUDA DEVICE MEMORY SIZE (MB):    32510
| SUPPORTING CUDA VERSION     :      7.0
|--------------------------------------------

 @ Read Job And Atom

  KEYWORD=HF  BASIS=STO-3G CUTOFF=1.0E-9 DENSERMS=1.0E-6  ZMAKE ENERGY DIPOLE CHARGE=0                                                                                                                            
 ============== JOB CARD =============
 METHOD = HATREE FOCK
 DIRECT SCF 
 SAD INITAL GUESS 
 USE DIIS SCF
 PRINT ENERGY EVERY CYCLE
 READ SAD GUESS FROM FILE
 Z-MATRIX CONSTRUCTION
 DIPOLE
 MAX SCF CYCLES =    200
 MAX DIIS CYCLES =   10
 DELTA DENSITY START CYCLE =    5
 COMPUTATIONAL CUTOFF: 
      TWO-e INTEGRAL   =  0.100E-08
      BASIS SET PRIME  =  0.100E-09
      MATRIX ELEMENTS  =  0.100E-09
      BASIS FUNCTION   =  0.100E-09
 DENSITY MATRIX MAXIMUM RMS FOR CONVERGENCE  =  0.100E-05
 BASIS SET = STO-3G,  TYPE = CARTESIAN
| BASIS FILE = /mnt/home/manathun/Work/fix-delta-density-dft/basis/STO-3G.BAS

 @ Finish reading job


 @ Begin SAD initial guess

 For Atom Kind =    1
 ELEMENT = S 
 BASIS FUNCTIONS =    9
 For Atom Kind =    2
 ELEMENT = O 
 BASIS FUNCTIONS =    5

 @ Finish SAD initial guess


 @ Begin Reading Molecular Information


 =========== Molecule Input ==========
 TOTAL MOLECULAR CHARGE  =    0    MULTIPLICITY                =    1
 TOTAL ATOM NUMBER       =    3    NUMBER OF ATOM TYPES        =    2
 NUMBER OF HYDROGEN ATOM =    0    NUMBER OF NON-HYDROGEN ATOM =    3
 NUMBER OF ELECTRONS     =   32

 -- INPUT GEOMETRY -- :
    S          -1.2972       0.8511       0.0835
    O           0.1345       0.8525      -0.1352
    O          -1.5682       0.8600      -1.3392

 -- DISTANCE MATRIX -- :
              1           2           3
      1     0.00000
      2     2.73683     0.00000
      3     2.73682     3.94075     0.00000

============== BASIS INFOS ==============
 BASIS FUNCTIONS =   19
 NSHELL =    7 NPRIM  =   57
 JSHELL =    7 JBASIS =   21


 @ End Reading Molecular Information 


 @ Begin Energy Calculation

                                         SCF ENERGY
| ------------------------------------------------------------------------------------------------------------------------
| NCYC       ENERGY         DELTA_E      SCF_TIME  DII_CYC   DII_TIME   O_TIME  DIAG_TIME    MAX_ERR    RMS_CHG    MAX_CHG
| ------------------------------------------------------------------------------------------------------------------------
|  1   -541.078458525      ------         0.013     1        0.01      0.01      0.01    0.1366E+01  0.1741E+00  0.8643E+00
|  2   -540.414926572  -.663532E+00       0.010     2        0.01      0.00      0.01    0.2703E+00  0.7521E-01  0.5089E+00
|  3   -540.522604492  0.107678E+00       0.009     3        0.01      0.00      0.01    0.1535E+00  0.3367E-01  0.2423E+00
|  4   -540.570569573  0.479651E-01       0.007     4        0.00      0.00      0.00    0.3823E-01  0.1268E-01  0.7534E-01
|  5   -540.579037192  0.846762E-02       0.008     5        0.01      0.00      0.01    0.1774E-01  0.1300E-01  0.6873E-01
|  6   -540.585039634  0.600244E-02       0.007     6        0.01      0.00      0.00    0.1456E-01  0.1898E-01  0.1219E+00
|  7   -540.590226973  0.518734E-02       0.007     7        0.00      0.00      0.00    0.6982E-02  0.1074E-01  0.7146E-01
|  8   -540.591699065  0.147209E-02       0.007     8        0.00      0.00      0.00    0.3079E-02  0.7949E-02  0.4884E-01
|  9   -540.592119996  0.420931E-03       0.007     9        0.00      0.00      0.00    0.7867E-03  0.1257E-02  0.5576E-02
| 10   -540.592137124  0.171275E-04       0.007    10        0.01      0.00      0.00    0.4173E-03  0.4458E-03  0.2592E-02
| 11   -540.592141279  0.415562E-05       0.007     1        0.01      0.00      0.00    0.2377E-03  0.3732E-03  0.2427E-02
| 12   -540.592143139  0.185978E-05       0.007     2        0.00      0.00      0.00    0.1154E-03  0.2961E-03  0.2014E-02
| 13   -540.592143680  0.540537E-06       0.007     3        0.01      0.00      0.00    0.1168E-03  0.5956E-04  0.3246E-03
| 14   -540.592143715  0.357172E-07       0.014     4        0.01      0.00      0.01    0.1914E-04  0.1490E-04  0.7776E-04
| 15   -540.592143719  0.400324E-08       0.014     5        0.01      0.00      0.01    0.1566E-04  0.9360E-05  0.5141E-04
| 16   -540.592143721  0.139674E-08       0.013     6        0.01      0.00      0.01    0.9504E-05  0.5525E-05  0.2818E-04
| 17   -540.592143721  0.387089E-09       0.012     7        0.01      0.00      0.01    0.2099E-05  0.1537E-05  0.7231E-05
| 18   -540.592143720  -.106901E-08       0.011     8        0.01      0.00      0.01    0.3944E-06  0.1325E-06  0.7011E-06
| ------------------------------------------------------------------------------------------------------------------------
| REACH CONVERGENCE AFTER  18 CYCLES
| MAX ERROR = 0.394391E-06   RMS CHANGE = 0.132547E-06   MAX CHANGE = 0.701051E-06
| -----------------------------------------------
 ELECTRONIC ENERGY    =   -650.371803334
 CORE_CORE REPULSION  =    109.779659614
 TOTAL ENERGY         =   -540.592143720

 @ End Energy calculation


 @ Begin Zmake conversion

  
 Z-MATRIX:

   ATOM  ELEMENTAL  BOND LENGTH    BOND ANGLE    DIHEDRAL ANGLE
  NUMBER  SYMBOL    (ANGSTROMS)    (DEGREES)       (DEGREES)
     I                 I-NA         I-NA-NB        I-NA-NB-NC      NA   NB   NC

     1      S        0.00000  0     0.00000  0      0.00000  0      0    0    0
     2      O        1.44827  1     0.00000  0      0.00000  0      1    0    0
     3      O        1.44826  1    92.10048  1      0.00000  0      1    2    0

 @ End Zmake conversion


 @ Begin Charge and Dipole Calculation

    ATOMIC CHARGES
   ATOM          MULLIKEN            LOWDIN
   S              0.8541             0.8416
   O             -0.4271            -0.4208
   O             -0.4271            -0.4208
   TOTAL         0.0000             0.0000

    DIPOLE (DEBYE)
      X         Y         Z        TOTAL
   -1.7618   -0.0157    2.4915    3.0515

 @ End Charge and Dipole Calculation


 @ Output Timing Information

------------- TIMING ---------------
| INITIAL GUESS TIME  =     0.189830000(  5.27%)
| TOTAL SCF TIME      =     0.166764000(  4.63%)
|       TOTAL OP TIME      =     0.037699000(  1.05%)
|             TOTAL 1e TIME      =     0.001172000(  0.03%)
|             TOTAL 2e TIME      =     0.033832000(  0.94%)
|       TOTAL DII TIME      =     0.128925000(  3.58%)
|             TOTAL DIAG TIME    =     0.117845000(  3.27%)
| TOTAL TIME          =     3.605011000
------------------------------------
| Job cpu time:  0 days  0 hours  0 minutes  3.6 seconds.

 @ Finish Output Timing Information

| Normal Termination. Task Finished on: Tue May  3 18:15:44 2022
