  *********************************************************************************************************
  **                                                                                                     **
  **           888888888888                                                                              **
  **         8888888888888888                                                                            **
  **      888888888888888888                                                                             **
  **     888888888888888888                                                                              **
  **    888888888888888                                                                                  **
  **   88888888888888888888                               88888                       8888:              **
  **   8888888888888888888888Z                            88888                       8888:              **
  **   888888888888888888888888?                          88888                       8888:              **
  **   8888888888888      8888888                                        888888       8888:              **
  **    88888888888         888888     8888:     88888    88888        888888888I     8888:    888888    **
  **    8888888888           88888:    8888:     88888    88888      $888888888888    8888:   888888     **
  **    I8Z 88888             88888    8888:     88888    88888    .888888     8888   8888: 888888       **
  **    .8Z 88888             88888    8888:     88888    88888    $88888             8888:88888         **
  **     8I 88888      .=88. .88888    8888:     88888    88888    88888              8888888888         **
  **    :8  88888      888888$8888$    8888:     88888    88888    8888O              88888888888        **
  **   ,7   +88888.     8888888888.    8888:     88888    88888    888888             88888O888888       **
  **         $888888:.   .8888888      88888....888888    88888     888888     8888   8888:  888888      **
  **          I8888888888888888888     888888888888888    88888     O888888888888O    8888:   888888     **
  **            O888888888888888888     88888888888888    88888       88888888888$    8888:    888888    **
  **               8888888Z     888      .8888I  88888    88888         8888888       8888:     888888   **
  **                                                                                                     **
  **                                                                                                     **
  **                                         Copyright (c) 2022                                          **
  **                          Regents of the University of California San Diego                          **
  **                                    & Michigan State University                                      **
  **                                        All Rights Reserved.                                         **
  **                                                                                                     **
  **             This software is subject to the terms of the Mozilla Public License, v. 2.0.            **
  **                                                                                                     **
  *********************************************************************************************************
                                                                                                           
  Cite this work as:                                                                                       
  Manathunga, M.; Shajan, A.; Giese, T. J.; Cruzeiro, V.W.D.; Smith, J.; Miao, Y.; He, X.; Ayers, K.;      
  Brothers, E.; Goetz, A.W.; Merz, K.M. QUICK-22.03                                                        
  University of California San Diego, CA and Michigan State University, East Lansing, MI, 2022             
                                                                                                           
  If you have any comments or queries, please send us an email for technical support:                      
  quick.merzlab@gmail.com                                                                                  
                                                                                                           
| TASK STARTS ON: Tue May  3 18:15:52 2022
| INPUT FILE :    ene_BH3_rhf_321g.in
| OUTPUT FILE:    ene_BH3_rhf_321g.out
| DATA FILE  :    ene_BH3_rhf_321g.dat
| BASIS SET PATH: /mnt/home/manathun/Work/fix-delta-density-dft/basis

|------------ GPU INFORMATION ---------------
| CUDA ENABLED DEVICE         :        4
| CUDA DEVICE IN USE          :        0
| CUDA DEVICE NAME            : Tesla V100S-PCIE-32GB
| CUDA DEVICE PM              :       80
| CUDA DEVICE CORE FREQ(GHZ)  :     1.60
| CUDA DEVICE MEMORY SIZE (MB):    32510
| SUPPORTING CUDA VERSION     :      7.0
|--------------------------------------------

 @ Read Job And Atom

  KEYWORD=HF  BASIS=3-21G CUTOFF=1.0E-9 DENSERMS=1.0E-6  ZMAKE ENERGY DIPOLE CHARGE=0                                                                                                                             
 ============== JOB CARD =============
 METHOD = HATREE FOCK
 DIRECT SCF 
 SAD INITAL GUESS 
 USE DIIS SCF
 PRINT ENERGY EVERY CYCLE
 READ SAD GUESS FROM FILE
 Z-MATRIX CONSTRUCTION
 DIPOLE
 MAX SCF CYCLES =    200
 MAX DIIS CYCLES =   10
 DELTA DENSITY START CYCLE =    5
 COMPUTATIONAL CUTOFF: 
      TWO-e INTEGRAL   =  0.100E-08
      BASIS SET PRIME  =  0.100E-09
      MATRIX ELEMENTS  =  0.100E-09
      BASIS FUNCTION   =  0.100E-09
 DENSITY MATRIX MAXIMUM RMS FOR CONVERGENCE  =  0.100E-05
 BASIS SET = 3-21G,  TYPE = CARTESIAN
| BASIS FILE = /mnt/home/manathun/Work/fix-delta-density-dft/basis/3-21G.BAS

 @ Finish reading job


 @ Begin SAD initial guess

 For Atom Kind =    1
 ELEMENT = B 
 BASIS FUNCTIONS =    9
 For Atom Kind =    2
 ELEMENT = H 
 BASIS FUNCTIONS =    2

 @ Finish SAD initial guess


 @ Begin Reading Molecular Information


 =========== Molecule Input ==========
 TOTAL MOLECULAR CHARGE  =    0    MULTIPLICITY                =    1
 TOTAL ATOM NUMBER       =    4    NUMBER OF ATOM TYPES        =    2
 NUMBER OF HYDROGEN ATOM =    3    NUMBER OF NON-HYDROGEN ATOM =    1
 NUMBER OF ELECTRONS     =    8

 -- INPUT GEOMETRY -- :
    B          -1.8040       1.1636      -0.1521
    H          -0.7040       1.1636      -0.1521
    H          -2.3540       0.2898      -0.5314
    H          -2.3540       2.0375       0.2273

 -- DISTANCE MATRIX -- :
              1           2           3           4
      1     0.00000
      2     2.07870     0.00000
      3     2.07870     3.60041     0.00000
      4     2.07870     3.60041     3.60041     0.00000

============== BASIS INFOS ==============
 BASIS FUNCTIONS =   15
 NSHELL =    9 NPRIM  =   24
 JSHELL =    9 JBASIS =   15


 @ End Reading Molecular Information 


 @ Begin Energy Calculation

                                         SCF ENERGY
| ------------------------------------------------------------------------------------------------------------------------
| NCYC       ENERGY         DELTA_E      SCF_TIME  DII_CYC   DII_TIME   O_TIME  DIAG_TIME    MAX_ERR    RMS_CHG    MAX_CHG
| ------------------------------------------------------------------------------------------------------------------------
|  1    -26.330979656      ------         0.012     1        0.01      0.00      0.01    0.1353E+01  0.1018E+00  0.8632E+00
|  2    -26.207223579  -.123756E+00       0.008     2        0.01      0.00      0.01    0.6058E-01  0.1691E-01  0.8167E-01
|  3    -26.222574055  0.153505E-01       0.008     3        0.01      0.00      0.01    0.1944E-01  0.4697E-02  0.2603E-01
|  4    -26.223972513  0.139846E-02       0.008     4        0.01      0.00      0.01    0.8678E-02  0.1465E-02  0.5598E-02
|  5    -26.224178918  0.206405E-03       0.009     5        0.01      0.00      0.01    0.3081E-02  0.6356E-03  0.2627E-02
|  6    -26.224208703  0.297851E-04       0.006     6        0.00      0.00      0.00    0.4197E-03  0.1139E-03  0.3965E-03
|  7    -26.224209412  0.709195E-06       0.006     7        0.01      0.00      0.00    0.3671E-04  0.1211E-04  0.4593E-04
|  8    -26.224209418  0.629572E-08       0.006     8        0.01      0.00      0.00    0.7241E-05  0.2154E-05  0.9626E-05
|  9    -26.224209419  0.328326E-09       0.006     9        0.01      0.00      0.00    0.1928E-06  0.9605E-07  0.5043E-06
| ------------------------------------------------------------------------------------------------------------------------
| REACH CONVERGENCE AFTER   9 CYCLES
| MAX ERROR = 0.192765E-06   RMS CHANGE = 0.960504E-07   MAX CHANGE = 0.504285E-06
| -----------------------------------------------
 ELECTRONIC ENERGY    =    -34.273505851
 CORE_CORE REPULSION  =      8.049296432
 TOTAL ENERGY         =    -26.224209419

 @ End Energy calculation


 @ Begin Zmake conversion

  
 Z-MATRIX:

   ATOM  ELEMENTAL  BOND LENGTH    BOND ANGLE    DIHEDRAL ANGLE
  NUMBER  SYMBOL    (ANGSTROMS)    (DEGREES)       (DEGREES)
     I                 I-NA         I-NA-NB        I-NA-NB-NC      NA   NB   NC

     1      B        0.00000  0     0.00000  0      0.00000  0      0    0    0
     2      H        1.10000  1     0.00000  0      0.00000  0      1    0    0
     3      H        1.10000  1   120.00003  1      0.00000  0      1    2    0
     4      H        1.10000  1   120.00003  1   -180.00000  1      1    2    3

 @ End Zmake conversion


 @ Begin Charge and Dipole Calculation

    ATOMIC CHARGES
   ATOM          MULLIKEN            LOWDIN
   B              0.1490             0.0615
   H             -0.0497            -0.0205
   H             -0.0497            -0.0205
   H             -0.0497            -0.0205
   TOTAL        -0.0000             0.0000

    DIPOLE (DEBYE)
      X         Y         Z        TOTAL
   -0.0000   -0.0000   -0.0000    0.0000

 @ End Charge and Dipole Calculation


 @ Output Timing Information

------------- TIMING ---------------
| INITIAL GUESS TIME  =     0.197260000(  5.70%)
| TOTAL SCF TIME      =     0.066349000(  1.92%)
|       TOTAL OP TIME      =     0.008885000(  0.26%)
|             TOTAL 1e TIME      =     0.000370000(  0.01%)
|             TOTAL 2e TIME      =     0.007174000(  0.21%)
|       TOTAL DII TIME      =     0.057405000(  1.66%)
|             TOTAL DIAG TIME    =     0.053003000(  1.53%)
| TOTAL TIME          =     3.460141000
------------------------------------
| Job cpu time:  0 days  0 hours  0 minutes  3.5 seconds.

 @ Finish Output Timing Information

| Normal Termination. Task Finished on: Tue May  3 18:15:56 2022
