  *********************************************************************************************************
  **                                                                                                     **
  **           888888888888                                                                              **
  **         8888888888888888                                                                            **
  **      888888888888888888                                                                             **
  **     888888888888888888                                                                              **
  **    888888888888888                                                                                  **
  **   88888888888888888888                               88888                       8888:              **
  **   8888888888888888888888Z                            88888                       8888:              **
  **   888888888888888888888888?                          88888                       8888:              **
  **   8888888888888      8888888                                        888888       8888:              **
  **    88888888888         888888     8888:     88888    88888        888888888I     8888:    888888    **
  **    8888888888           88888:    8888:     88888    88888      $888888888888    8888:   888888     **
  **    I8Z 88888             88888    8888:     88888    88888    .888888     8888   8888: 888888       **
  **    .8Z 88888             88888    8888:     88888    88888    $88888             8888:88888         **
  **     8I 88888      .=88. .88888    8888:     88888    88888    88888              8888888888         **
  **    :8  88888      888888$8888$    8888:     88888    88888    8888O              88888888888        **
  **   ,7   +88888.     8888888888.    8888:     88888    88888    888888             88888O888888       **
  **         $888888:.   .8888888      88888....888888    88888     888888     8888   8888:  888888      **
  **          I8888888888888888888     888888888888888    88888     O888888888888O    8888:   888888     **
  **            O888888888888888888     88888888888888    88888       88888888888$    8888:    888888    **
  **               8888888Z     888      .8888I  88888    88888         8888888       8888:     888888   **
  **                                                                                                     **
  **                                                                                                     **
  **                                         Copyright (c) 2022                                          **
  **                          Regents of the University of California San Diego                          **
  **                                    & Michigan State University                                      **
  **                                        All Rights Reserved.                                         **
  **                                                                                                     **
  **             This software is subject to the terms of the Mozilla Public License, v. 2.0.            **
  **                                                                                                     **
  *********************************************************************************************************
                                                                                                           
  Cite this work as:                                                                                       
  Manathunga, M.; Shajan, A.; Giese, T. J.; Cruzeiro, V.W.D.; Smith, J.; Miao, Y.; He, X.; Ayers, K.;      
  Brothers, E.; Goetz, A.W.; Merz, K.M. QUICK-22.03                                                        
  University of California San Diego, CA and Michigan State University, East Lansing, MI, 2022             
                                                                                                           
  If you have any comments or queries, please send us an email for technical support:                      
  quick.merzlab@gmail.com                                                                                  
                                                                                                           
| TASK STARTS ON: Tue May  3 18:22:09 2022
| INPUT FILE :    grad_BH3_b3lyp_def2svp.in
| OUTPUT FILE:    grad_BH3_b3lyp_def2svp.out
| DATA FILE  :    grad_BH3_b3lyp_def2svp.dat
| BASIS SET PATH: /mnt/home/manathun/Work/fix-delta-density-dft/basis

|------------ GPU INFORMATION ---------------
| CUDA ENABLED DEVICE         :        4
| CUDA DEVICE IN USE          :        0
| CUDA DEVICE NAME            : Tesla V100S-PCIE-32GB
| CUDA DEVICE PM              :       80
| CUDA DEVICE CORE FREQ(GHZ)  :     1.60
| CUDA DEVICE MEMORY SIZE (MB):    32510
| SUPPORTING CUDA VERSION     :      7.0
|--------------------------------------------

 @ Read Job And Atom

  KEYWORD=B3LYP  BASIS=DEF2-SVP CUTOFF=1.0E-9 DENSERMS=1.0E-6  ZMAKE GRADIENT DIPOLE CHARGE=0                                                                                                                     
 ============== JOB CARD =============
 METHOD = DENSITY FUNCTIONAL THEORY
 DENSITY FUNCTIONAL = B3LYP
 DIRECT SCF 
 SAD INITAL GUESS 
 USE DIIS SCF
 PRINT ENERGY EVERY CYCLE
 READ SAD GUESS FROM FILE
 Z-MATRIX CONSTRUCTION
 DIPOLE
 STANDARD GRID = SG1
 GRADIENT CALCULATION
 MAX SCF CYCLES =    200
 MAX DIIS CYCLES =   10
 DELTA DENSITY START CYCLE =    5
 COMPUTATIONAL CUTOFF: 
      TWO-e INTEGRAL   =  0.100E-08
      BASIS SET PRIME  =  0.100E-09
      MATRIX ELEMENTS  =  0.100E-09
      BASIS FUNCTION   =  0.100E-09
      GRADIENT CUTOFF  =  0.100E-08
 DENSITY MATRIX MAXIMUM RMS FOR CONVERGENCE  =  0.100E-05
 BASIS SET = DEF2-SVP,  TYPE = CARTESIAN
| BASIS FILE = /mnt/home/manathun/Work/fix-delta-density-dft/basis/DEF2-SVP.BAS

 @ Finish reading job


 @ Begin SAD initial guess

 For Atom Kind =    1
 ELEMENT = B 
 BASIS FUNCTIONS =   15
 For Atom Kind =    2
 ELEMENT = H 
 BASIS FUNCTIONS =    5

 @ Finish SAD initial guess


 @ Begin Reading Molecular Information


 =========== Molecule Input ==========
 TOTAL MOLECULAR CHARGE  =    0    MULTIPLICITY                =    1
 TOTAL ATOM NUMBER       =    4    NUMBER OF ATOM TYPES        =    2
 NUMBER OF HYDROGEN ATOM =    3    NUMBER OF NON-HYDROGEN ATOM =    1
 NUMBER OF ELECTRONS     =    8

 -- INPUT GEOMETRY -- :
    B          -1.8040       1.1636      -0.1521
    H          -0.7040       1.1636      -0.1521
    H          -2.3540       0.2898      -0.5314
    H          -2.3540       2.0375       0.2273

 -- DISTANCE MATRIX -- :
              1           2           3           4
      1     0.00000
      2     2.07870     0.00000
      3     2.07870     3.60041     0.00000
      4     2.07870     3.60041     3.60041     0.00000

============== BASIS INFOS ==============
 BASIS FUNCTIONS =   30
 NSHELL =   15 NPRIM  =   46
 JSHELL =   15 JBASIS =   27


 @ End Reading Molecular Information 


 @ Begin XC Quadrature Formation

 OCTAGO: OCTree Algorithm for Grid Operations 
   PRUNING CUTOFF       = 0.100E-09
   INITIAL GRID POINTS  =       15072
|   FINAL GRID POINTS    =       10376
|   SIGNIFICANT NUMBER OF BASIS FUNCTIONS     =        5702
|   SIGNIFICANT NUMBER OF PRIMITIVE FUNCTIONS =        6961

 @ End XC Quadrature Formation


 @ Begin Energy Calculation

                                         SCF ENERGY
| ------------------------------------------------------------------------------------------------------------------------
| NCYC       ENERGY         DELTA_E      SCF_TIME  DII_CYC   DII_TIME   O_TIME  DIAG_TIME    MAX_ERR    RMS_CHG    MAX_CHG
| ------------------------------------------------------------------------------------------------------------------------
|  1    -26.556151800      ------         0.029     1        0.01      0.02      0.01    0.1302E+01  0.5340E-01  0.3745E+00
|  2    -26.556970862  0.819062E-03       0.017     2        0.01      0.01      0.01    0.6805E-01  0.1393E-01  0.1900E+00
|  3    -26.569706481  0.127356E-01       0.018     3        0.01      0.01      0.01    0.3910E-01  0.4426E-02  0.5753E-01
|  4    -26.573407348  0.370087E-02       0.017     4        0.01      0.01      0.01    0.2063E-02  0.3035E-03  0.3815E-02
|  5    -26.573418335  0.109865E-04       0.018     5        0.01      0.01      0.01    0.3211E-03  0.4062E-04  0.4330E-03
|  6    -26.573418534  0.199717E-06       0.013     6        0.01      0.01      0.01    0.4917E-04  0.8849E-05  0.5424E-04
|  7    -26.573418543  0.876689E-08       0.013     7        0.01      0.01      0.01    0.1454E-05  0.2752E-06  0.1879E-05
| ------------------------------------------------------------------------------------------------------------------------
| REACH CONVERGENCE AFTER   7 CYCLES
| MAX ERROR = 0.145442E-05   RMS CHANGE = 0.275184E-06   MAX CHANGE = 0.187852E-05
| -----------------------------------------------
 ALPHA ELECTRON DENSITY    =     4.0000028281
 BETA ELECTRON DENSITY     =     4.0000028281
 ELECTRONIC ENERGY    =    -34.622714975
 CORE_CORE REPULSION  =      8.049296432
 TOTAL ENERGY         =    -26.573418543

 @ End Energy calculation


 @ Begin Gradient Calculation

 ANALYTICAL GRADIENT: 
----------------------------------------
 COORDINATE    XYZ            GRADIENT
----------------------------------------
    1X    -1.8039601378    -0.0000538705
    1Y     1.1636400889     0.0000000327
    1Z    -0.1520600116     0.0000000146
    2X    -0.7039600538    -0.0619891693
    2Y     1.1636400889     0.0000000004
    2Z    -0.1520600116    -0.0000000310
    3X    -2.3539601798     0.0310170382
    3Y     0.2897900221     0.0492739034
    3Z    -0.5313800406     0.0213842302
    4X    -2.3539601798     0.0310170381
    4Y     2.0374901556    -0.0492739365
    4Z     0.2272600174    -0.0213842137
----------------------------------------

 @ End Gradient Calculation


 @ Begin Zmake conversion

  
 Z-MATRIX:

   ATOM  ELEMENTAL  BOND LENGTH    BOND ANGLE    DIHEDRAL ANGLE
  NUMBER  SYMBOL    (ANGSTROMS)    (DEGREES)       (DEGREES)
     I                 I-NA         I-NA-NB        I-NA-NB-NC      NA   NB   NC

     1      B        0.00000  0     0.00000  0      0.00000  0      0    0    0
     2      H        1.10000  1     0.00000  0      0.00000  0      1    0    0
     3      H        1.10000  1   120.00003  1      0.00000  0      1    2    0
     4      H        1.10000  1   120.00003  1   -180.00000  1      1    2    3

 @ End Zmake conversion


 @ Begin Charge and Dipole Calculation

    ATOMIC CHARGES
   ATOM          MULLIKEN            LOWDIN
   B              0.0505            -0.1088
   H             -0.0168             0.0311
   H             -0.0168             0.0389
   H             -0.0168             0.0389
   TOTAL         0.0000            -0.0000

    DIPOLE (DEBYE)
      X         Y         Z        TOTAL
   -0.0000   -0.0000   -0.0000    0.0000

 @ End Charge and Dipole Calculation


 @ Output Timing Information

------------- TIMING ---------------
| INITIAL GUESS TIME  =     0.897590000( 21.38%)
| DFT GRID OPERATIONS =     0.014546000(  0.35%)
| TOTAL SCF TIME      =     0.125169000(  2.98%)
|       TOTAL OP TIME      =     0.065363000(  1.56%)
|             TOTAL 1e TIME      =     0.001006000(  0.02%)
|             TOTAL 2e TIME      =     0.029669000(  0.71%)
|             TOTAL EXC TIME     =     0.033123000(  0.79%)
|       TOTAL DII TIME      =     0.059751000(  1.42%)
|             TOTAL DIAG TIME    =     0.055556000(  1.32%)
| TOTAL GRADIENT TIME      =     0.073240000(  1.74%)
|       TOTAL 1e GRADIENT TIME      =     0.005494000( 0.14%)
|       TOTAL 2e GRADIENT TIME      =     0.034923000( 0.83%)
|       TOTAL EXC GRADIENT TIME     =     0.032351000(  0.77%)
| TOTAL TIME          =     4.198112000
------------------------------------
| Job cpu time:  0 days  0 hours  0 minutes  4.2 seconds.

 @ Finish Output Timing Information

| Normal Termination. Task Finished on: Tue May  3 18:22:13 2022
