  *********************************************************************************************************
  **                                                                                                     **
  **           888888888888                                                                              **
  **         8888888888888888                                                                            **
  **      888888888888888888                                                                             **
  **     888888888888888888                                                                              **
  **    888888888888888                                                                                  **
  **   88888888888888888888                               88888                       8888:              **
  **   8888888888888888888888Z                            88888                       8888:              **
  **   888888888888888888888888?                          88888                       8888:              **
  **   8888888888888      8888888                                        888888       8888:              **
  **    88888888888         888888     8888:     88888    88888        888888888I     8888:    888888    **
  **    8888888888           88888:    8888:     88888    88888      $888888888888    8888:   888888     **
  **    I8Z 88888             88888    8888:     88888    88888    .888888     8888   8888: 888888       **
  **    .8Z 88888             88888    8888:     88888    88888    $88888             8888:88888         **
  **     8I 88888      .=88. .88888    8888:     88888    88888    88888              8888888888         **
  **    :8  88888      888888$8888$    8888:     88888    88888    8888O              88888888888        **
  **   ,7   +88888.     8888888888.    8888:     88888    88888    888888             88888O888888       **
  **         $888888:.   .8888888      88888....888888    88888     888888     8888   8888:  888888      **
  **          I8888888888888888888     888888888888888    88888     O888888888888O    8888:   888888     **
  **            O888888888888888888     88888888888888    88888       88888888888$    8888:    888888    **
  **               8888888Z     888      .8888I  88888    88888         8888888       8888:     888888   **
  **                                                                                                     **
  **                                                                                                     **
  **                                         Copyright (c) 2022                                          **
  **                          Regents of the University of California San Diego                          **
  **                                    & Michigan State University                                      **
  **                                        All Rights Reserved.                                         **
  **                                                                                                     **
  **             This software is subject to the terms of the Mozilla Public License, v. 2.0.            **
  **                                                                                                     **
  *********************************************************************************************************
                                                                                                           
  Cite this work as:                                                                                       
  Manathunga, M.; Shajan, A.; Giese, T. J.; Cruzeiro, V.W.D.; Smith, J.; Miao, Y.; He, X.; Ayers, K.;      
  Brothers, E.; Goetz, A.W.; Merz, K.M. QUICK-22.03                                                        
  University of California San Diego, CA and Michigan State University, East Lansing, MI, 2022             
                                                                                                           
  If you have any comments or queries, please send us an email for technical support:                      
  quick.merzlab@gmail.com                                                                                  
                                                                                                           
| TASK STARTS ON: Fri Jul 22 11:22:15 2022
| INPUT FILE :    grad_ch5nos_olyp_631g.in
| OUTPUT FILE:    grad_ch5nos_olyp_631g.out
| DATA FILE  :    grad_ch5nos_olyp_631g.dat
| BASIS SET PATH: /home/madu/test-output-update/basis

|------------ GPU INFORMATION ---------------
| CUDA ENABLED DEVICE         :        3
| CUDA DEVICE IN USE          :        0
| CUDA DEVICE NAME            : NVIDIA TITAN V
| CUDA DEVICE PM              :       80
| CUDA DEVICE CORE FREQ(GHZ)  :     1.46
| CUDA DEVICE MEMORY SIZE (MB):    12066
| SUPPORTING CUDA VERSION     :      7.0
|--------------------------------------------

 @ Read Job And Atom

  KEYWORD=DFT OLYP BASIS=6-31G CUTOFF=1.0E-9 DENSERMS=1.0E-6  ZMAKE GRADIENT DIPOLE                                                                                                                               
 ============== JOB CARD =============
 METHOD = DENSITY FUNCTIONAL THEORY
 USING LIBXC VERSION: 4.3.4
 FUNCTIONAL INFORMATION:
 NAME = Handy & Cohen OPTX 01 FAMILY = GGA KIND = EXCHANGE
 NAME = Lee, Yang & Parr FAMILY = GGA KIND = CORRELATION
 DIRECT SCF 
 SAD INITAL GUESS 
 USE DIIS SCF
 PRINT ENERGY EVERY CYCLE
 READ SAD GUESS FROM FILE
 Z-MATRIX CONSTRUCTION
 DIPOLE
 STANDARD GRID = SG1
 GRADIENT CALCULATION
 MAX SCF CYCLES =    200
 MAX DIIS CYCLES =   10
 DELTA DENSITY START CYCLE =    3
 COMPUTATIONAL CUTOFF: 
      TWO-e INTEGRAL   =  0.100E-08
      BASIS SET PRIME  =  0.100E-09
      MATRIX ELEMENTS  =  0.100E-09
      BASIS FUNCTION   =  0.100E-05
      GRADIENT CUTOFF  =  0.100E-08
 DENSITY MATRIX MAXIMUM RMS FOR CONVERGENCE  =  0.100E-05
 BASIS SET = 6-31G,  TYPE = CARTESIAN
| BASIS FILE = /home/madu/test-output-update/basis/6-31G.BAS

 @ Finish reading job


 @ Begin SAD initial guess

 For Atom Kind =    1
 ELEMENT = C 
 BASIS FUNCTIONS =    9
 For Atom Kind =    2
 ELEMENT = O 
 BASIS FUNCTIONS =    9
 For Atom Kind =    3
 ELEMENT = N 
 BASIS FUNCTIONS =    9
 For Atom Kind =    4
 ELEMENT = H 
 BASIS FUNCTIONS =    2
 For Atom Kind =    5
 ELEMENT = S 
 BASIS FUNCTIONS =   13

 @ Finish SAD initial guess


 @ Begin Reading Molecular Information


 =========== Molecule Input ==========
 TOTAL MOLECULAR CHARGE  =    0    MULTIPLICITY                =    1
 TOTAL ATOM NUMBER       =    9    NUMBER OF ATOM TYPES        =    5
 NUMBER OF HYDROGEN ATOM =    5    NUMBER OF NON-HYDROGEN ATOM =    4
 NUMBER OF ELECTRONS     =   42

 -- INPUT GEOMETRY -- :
    C          -1.3709       0.2881      -0.2373
    O           0.0012       0.1311      -0.4531
    N          -1.7503      -0.7127       0.7167
    H          -1.8997       0.1549      -1.1853
    S          -1.7415       1.9080       0.4275
    H           0.3414      -0.0348       0.4408
    H          -1.6363      -1.6188       0.2661
    H          -2.7490      -0.6078       0.8861
    H          -1.0357       1.7471       1.5528

 -- DISTANCE MATRIX -- :
              1           2           3           4           5
      1     0.00000
      2     2.64149     0.00000
      3     2.70947     4.28781     0.00000
      4     2.06675     3.84976     3.96068     0.00000
      5     3.38226     4.98903     4.98250     4.51155     0.00000
      6     3.53334     1.83439     4.18776     5.24471     5.38266
      7     3.76053     4.72845     1.92434     4.35946     6.67455
      8     3.76245     5.94694     1.92451     4.46955     5.19404
      9     4.40981     5.24731     5.09191     6.20423     2.52847
              6           7           8           9
      6     0.00000
      7     4.79962     0.00000
      8     5.99894     3.07312     0.00000
      9     4.74631     6.90345     5.64567     0.00000

============== BASIS INFOS ==============
 BASIS FUNCTIONS =   50
 NSHELL =   23 NPRIM  =  132
 JSHELL =   23 JBASIS =   66


 @ End Reading Molecular Information 


 @ Begin XC Quadrature Formation

 OCTAGO: OCTree Algorithm for Grid Operations 
   PRUNING CUTOFF       = 0.100E-06
   INITIAL GRID POINTS  =       33968
|   FINAL GRID POINTS    =       22216
|   SIGNIFICANT NUMBER OF BASIS FUNCTIONS     =       11516
|   SIGNIFICANT NUMBER OF PRIMITIVE FUNCTIONS =       15006

 @ End XC Quadrature Formation


 @ Begin Energy Calculation

                                         SCF ENERGY
| ------------------------------------------------------------------------------------------------------------------------
| NCYC       ENERGY         DELTA_E      SCF_TIME  DII_CYC   DII_TIME   O_TIME  DIAG_TIME    MAX_ERR    RMS_CHG    MAX_CHG
| ------------------------------------------------------------------------------------------------------------------------
|  1   -569.709079045      ------         0.062     1        0.01      0.06      0.00    0.1993E+01  0.6419E-01  0.4307E+00
|  2   -568.952954791  -.756124E+00       0.034     2        0.00      0.03      0.00    0.2686E+00  0.4570E-01  0.4236E+00
|  3   -568.710881122  -.242074E+00       0.033     3        0.00      0.03      0.00    0.4527E+00  0.3220E-01  0.3009E+00
|  4   -569.091074275  0.380193E+00       0.032     4        0.00      0.03      0.00    0.5486E-01  0.5819E-02  0.6076E-01
|  5   -569.097290792  0.621652E-02       0.032     5        0.00      0.03      0.00    0.1693E-01  0.1409E-02  0.1447E-01
|  6   -569.097912838  0.622046E-03       0.032     6        0.00      0.03      0.00    0.6356E-02  0.6602E-03  0.7253E-02
|  7   -569.098024734  0.111896E-03       0.032     7        0.00      0.03      0.00    0.1036E-02  0.1619E-03  0.1593E-02
|  8   -569.098029072  0.433771E-05       0.031     8        0.00      0.03      0.00    0.1137E-03  0.1998E-04  0.1755E-03
|  9   -569.098029122  0.504556E-07       0.031     9        0.00      0.03      0.00    0.5715E-04  0.6867E-05  0.7370E-04
| 10   -569.098029132  0.951854E-08       0.031    10        0.00      0.03      0.00    0.1149E-04  0.1605E-05  0.1603E-04
| 11   -569.098029134  0.194495E-08       0.030     1        0.00      0.03      0.00    0.1548E-05  0.3288E-06  0.2248E-05
| ------------------------------------------------------------------------------------------------------------------------
| REACH CONVERGENCE AFTER  11 CYCLES
| MAX ERROR = 0.154787E-05   RMS CHANGE = 0.328779E-06   MAX CHANGE = 0.224755E-05
| -----------------------------------------------
 ALPHA ELECTRON DENSITY    =    20.9998450654
 BETA ELECTRON DENSITY     =    20.9998450654
 ELECTRONIC ENERGY    =   -744.953488707
 CORE_CORE REPULSION  =    175.855459573
 TOTAL ENERGY         =   -569.098029134

 @ End Energy calculation


 @ Begin Gradient Calculation

 ANALYTICAL GRADIENT: 
----------------------------------------
 COORDINATE    XYZ            GRADIENT
----------------------------------------
    1X    -1.3708901047    -0.0019754659
    1Y     0.2881200220     0.0206237404
    1Z    -0.2373200181     0.0150475809
    2X     0.0012200001    -0.0201829135
    2Y     0.1311300100     0.0056590354
    2Z    -0.4531100346     0.0230684328
    3X    -1.7503301337     0.0211809222
    3Y    -0.7127100544     0.0163616181
    3Z     0.7166800547    -0.0062406248
    4X    -1.8996901451    -0.0036230728
    4Y     0.1549200118    -0.0110523810
    4Z    -1.1853500905     0.0079291725
    5X    -1.7415401330     0.0299077187
    5Y     1.9080001457    -0.0515204670
    5Z     0.4275400326     0.0047984306
    6X     0.3413900261    -0.0145285719
    6Y    -0.0348100027     0.0035713143
    6Z     0.4407800337    -0.0111569428
    7X    -1.6363401250    -0.0059662768
    7Y    -1.6187601236     0.0109348169
    7Z     0.2660700203    -0.0029014135
    8X    -2.7490502099     0.0046002291
    8Y    -0.6078000464     0.0014169860
    8Z     0.8861100677    -0.0139305257
    9X    -1.0357400791    -0.0094125691
    9Y     1.7471101334     0.0040053368
    9Z     1.5528101186    -0.0166141100
----------------------------------------

 @ End Gradient Calculation


 @ Begin Zmake conversion

  
 Z-MATRIX:

   ATOM  ELEMENTAL  BOND LENGTH    BOND ANGLE    DIHEDRAL ANGLE
  NUMBER  SYMBOL    (ANGSTROMS)    (DEGREES)       (DEGREES)
     I                 I-NA         I-NA-NB        I-NA-NB-NC      NA   NB   NC

     1      C        0.00000  0     0.00000  0      0.00000  0      0    0    0
     2      O        1.39782  1     0.00000  0      0.00000  0      1    0    0
     3      N        1.43379  1   106.50476  1      0.00000  0      1    2    0
     4      H        1.09368  1   109.09390  1   -120.27054  1      1    2    3
     5      S        1.78981  1   111.23987  1    118.95972  1      1    2    3
     6      H        1.86976  1    30.41941  1     41.33759  1      1    2    3
     7      H        1.98999  1    93.57588  1    -26.71589  1      1    2    3
     8      H        1.99100  1   135.72786  1      0.13364  1      1    2    3
     9      H        2.33357  1    92.73200  1     88.65691  1      1    2    3

 @ End Zmake conversion


 @ Begin Charge and Dipole Calculation

    ATOMIC CHARGES
   ATOM          MULLIKEN            LOWDIN
   C             -0.1553            -0.0647
   O             -0.5206            -0.3776
   N             -0.6412            -0.4485
   H              0.2047             0.1167
   S              0.1054            -0.0054
   H              0.3560             0.2769
   H              0.2904             0.2073
   H              0.2962             0.2129
   H              0.0644             0.0823
   TOTAL        -0.0000            -0.0000

    DIPOLE (DEBYE)
      X         Y         Z        TOTAL
   -1.0493   -2.2299    0.8419    2.6043

 @ End Charge and Dipole Calculation


 @ Output Timing Information

------------- TIMING ---------------
| INITIAL GUESS TIME  =     0.862105000( 12.85%)
| DFT GRID OPERATIONS =     0.034598000(  0.52%)
| TOTAL SCF TIME      =     0.384786000(  5.74%)
|       TOTAL OP TIME      =     0.345919000(  5.16%)
|             TOTAL 1e TIME      =     0.005441000(  0.08%)
|             TOTAL 2e TIME      =     0.197833000(  2.95%)
|             TOTAL EXC TIME     =     0.136110000(  2.03%)
|       TOTAL DII TIME      =     0.038728000(  0.58%)
|             TOTAL DIAG TIME    =     0.028392000(  0.42%)
| TOTAL GRADIENT TIME      =     0.263336000(  3.93%)
|       TOTAL 1e GRADIENT TIME      =     0.035245000( 0.54%)
|       TOTAL 2e GRADIENT TIME      =     0.183298000( 2.73%)
|       TOTAL EXC GRADIENT TIME     =     0.043919000(  0.65%)
| TOTAL TIME          =     6.708814000
------------------------------------
| Job cpu time:  0 days  0 hours  0 minutes  6.7 seconds.

 @ Finish Output Timing Information

| Normal Termination. Task Finished on: Fri Jul 22 11:22:22 2022
