  *********************************************************************************************************
  **                                                                                                     **
  **           888888888888                                                                              **
  **         8888888888888888                                                                            **
  **      888888888888888888                                                                             **
  **     888888888888888888                                                                              **
  **    888888888888888                                                                                  **
  **   88888888888888888888                               88888                       8888:              **
  **   8888888888888888888888Z                            88888                       8888:              **
  **   888888888888888888888888?                          88888                       8888:              **
  **   8888888888888      8888888                                        888888       8888:              **
  **    88888888888         888888     8888:     88888    88888        888888888I     8888:    888888    **
  **    8888888888           88888:    8888:     88888    88888      $888888888888    8888:   888888     **
  **    I8Z 88888             88888    8888:     88888    88888    .888888     8888   8888: 888888       **
  **    .8Z 88888             88888    8888:     88888    88888    $88888             8888:88888         **
  **     8I 88888      .=88. .88888    8888:     88888    88888    88888              8888888888         **
  **    :8  88888      888888$8888$    8888:     88888    88888    8888O              88888888888        **
  **   ,7   +88888.     8888888888.    8888:     88888    88888    888888             88888O888888       **
  **         $888888:.   .8888888      88888....888888    88888     888888     8888   8888:  888888      **
  **          I8888888888888888888     888888888888888    88888     O888888888888O    8888:   888888     **
  **            O888888888888888888     88888888888888    88888       88888888888$    8888:    888888    **
  **               8888888Z     888      .8888I  88888    88888         8888888       8888:     888888   **
  **                                                                                                     **
  **                                                                                                     **
  **                                         Copyright (c) 2022                                          **
  **                          Regents of the University of California San Diego                          **
  **                                    & Michigan State University                                      **
  **                                        All Rights Reserved.                                         **
  **                                                                                                     **
  **             This software is subject to the terms of the Mozilla Public License, v. 2.0.            **
  **                                                                                                     **
  *********************************************************************************************************
                                                                                                           
  Cite this work as:                                                                                       
  Manathunga, M.; Shajan, A.; Giese, T. J.; Cruzeiro, V.W.D.; Smith, J.; Miao, Y.; He, X.; Ayers, K.;      
  Brothers, E.; Goetz, A.W.; Merz, K.M. QUICK-22.03                                                        
  University of California San Diego, CA and Michigan State University, East Lansing, MI, 2022             
                                                                                                           
  If you have any comments or queries, please send us an email for technical support:                      
  quick.merzlab@gmail.com                                                                                  
                                                                                                           
| TASK STARTS ON: Fri Jul 22 11:18:58 2022
| INPUT FILE :    grad_NaCl_b3lyp_def2svpd.in
| OUTPUT FILE:    grad_NaCl_b3lyp_def2svpd.out
| DATA FILE  :    grad_NaCl_b3lyp_def2svpd.dat
| BASIS SET PATH: /home/madu/test-output-update/basis

|------------ GPU INFORMATION ---------------
| CUDA ENABLED DEVICE         :        3
| CUDA DEVICE IN USE          :        0
| CUDA DEVICE NAME            : NVIDIA TITAN V
| CUDA DEVICE PM              :       80
| CUDA DEVICE CORE FREQ(GHZ)  :     1.46
| CUDA DEVICE MEMORY SIZE (MB):    12066
| SUPPORTING CUDA VERSION     :      7.0
|--------------------------------------------

 @ Read Job And Atom

  KEYWORD=B3LYP  BASIS=DEF2-SVPD CUTOFF=1.0E-9 DENSERMS=1.0E-6  ZMAKE GRADIENT DIPOLE CHARGE=0                                                                                                                    
 ============== JOB CARD =============
 METHOD = DENSITY FUNCTIONAL THEORY
 DENSITY FUNCTIONAL = B3LYP
 DIRECT SCF 
 SAD INITAL GUESS 
 USE DIIS SCF
 PRINT ENERGY EVERY CYCLE
 READ SAD GUESS FROM FILE
 Z-MATRIX CONSTRUCTION
 DIPOLE
 STANDARD GRID = SG1
 GRADIENT CALCULATION
 MAX SCF CYCLES =    200
 MAX DIIS CYCLES =   10
 DELTA DENSITY START CYCLE =    3
 COMPUTATIONAL CUTOFF: 
      TWO-e INTEGRAL   =  0.100E-08
      BASIS SET PRIME  =  0.100E-09
      MATRIX ELEMENTS  =  0.100E-09
      BASIS FUNCTION   =  0.100E-05
      GRADIENT CUTOFF  =  0.100E-08
 DENSITY MATRIX MAXIMUM RMS FOR CONVERGENCE  =  0.100E-05
 BASIS SET = DEF2-SVPD,  TYPE = CARTESIAN
| BASIS FILE = /home/madu/test-output-update/basis/DEF2-SVPD.BAS

 @ Finish reading job


 @ Begin SAD initial guess

 For Atom Kind =    1
 ELEMENT = NA
 BASIS FUNCTIONS =   19
 For Atom Kind =    2
 ELEMENT = CL
 BASIS FUNCTIONS =   29

 @ Finish SAD initial guess


 @ Begin Reading Molecular Information


 =========== Molecule Input ==========
 TOTAL MOLECULAR CHARGE  =    0    MULTIPLICITY                =    1
 TOTAL ATOM NUMBER       =    2    NUMBER OF ATOM TYPES        =    2
 NUMBER OF HYDROGEN ATOM =    0    NUMBER OF NON-HYDROGEN ATOM =    2
 NUMBER OF ELECTRONS     =   28

 -- INPUT GEOMETRY -- :
    NA         -6.7130       1.5249       0.0000
    CL         -4.3156       1.5249       0.0000

 -- DISTANCE MATRIX -- :
              1           2
      1     0.00000
      2     4.53039     0.00000

============== BASIS INFOS ==============
 BASIS FUNCTIONS =   48
 NSHELL =   19 NPRIM  =   84
 JSHELL =   19 JBASIS =   39


 @ End Reading Molecular Information 


 @ Begin XC Quadrature Formation

 OCTAGO: OCTree Algorithm for Grid Operations 
   PRUNING CUTOFF       = 0.100E-06
   INITIAL GRID POINTS  =        7520
|   FINAL GRID POINTS    =        5267
|   SIGNIFICANT NUMBER OF BASIS FUNCTIONS     =        4128
|   SIGNIFICANT NUMBER OF PRIMITIVE FUNCTIONS =        4481

 @ End XC Quadrature Formation


 @ Begin Energy Calculation

                                         SCF ENERGY
| ------------------------------------------------------------------------------------------------------------------------
| NCYC       ENERGY         DELTA_E      SCF_TIME  DII_CYC   DII_TIME   O_TIME  DIAG_TIME    MAX_ERR    RMS_CHG    MAX_CHG
| ------------------------------------------------------------------------------------------------------------------------
|  1   -622.301009892      ------         0.051     1        0.00      0.05      0.00    0.6345E+00  0.2112E-01  0.3483E+00
|  2   -622.358021613  0.570117E-01       0.023     2        0.00      0.02      0.00    0.1216E+00  0.2233E-01  0.3000E+00
|  3   -622.355419903  -.260171E-02       0.023     3        0.00      0.02      0.00    0.1393E+00  0.1061E-01  0.1669E+00
|  4   -622.406487769  0.510679E-01       0.022     4        0.00      0.02      0.00    0.3710E-02  0.4459E-03  0.5691E-02
|  5   -622.406504157  0.163874E-04       0.022     5        0.00      0.02      0.00    0.2887E-02  0.1525E-03  0.1318E-02
|  6   -622.406519430  0.152734E-04       0.021     6        0.00      0.02      0.00    0.4114E-03  0.4162E-04  0.6577E-03
|  7   -622.406519936  0.505974E-06       0.021     7        0.00      0.02      0.00    0.1512E-04  0.2335E-05  0.2948E-04
|  8   -622.406519937  0.110620E-08       0.020     8        0.00      0.02      0.00    0.1351E-05  0.4474E-06  0.4667E-05
| ------------------------------------------------------------------------------------------------------------------------
| REACH CONVERGENCE AFTER   8 CYCLES
| MAX ERROR = 0.135109E-05   RMS CHANGE = 0.447390E-06   MAX CHANGE = 0.466727E-05
| -----------------------------------------------
 ALPHA ELECTRON DENSITY    =    13.9999447175
 BETA ELECTRON DENSITY     =    13.9999447175
 ELECTRONIC ENERGY    =   -663.683304596
 CORE_CORE REPULSION  =     41.276784659
 TOTAL ENERGY         =   -622.406519937

 @ End Energy calculation


 @ Begin Gradient Calculation

 ANALYTICAL GRADIENT: 
----------------------------------------
 COORDINATE    XYZ            GRADIENT
----------------------------------------
    1X    -6.7129605126    -0.0015763399
    1Y     1.5248601164    -0.0000000106
    1Z     0.0000000000    -0.0000000118
    2X    -4.3155803296     0.0015763399
    2Y     1.5248601164     0.0000000107
    2Z     0.0000000000     0.0000000118
----------------------------------------

 @ End Gradient Calculation


 @ Begin Zmake conversion

  
 Z-MATRIX:

   ATOM  ELEMENTAL  BOND LENGTH    BOND ANGLE    DIHEDRAL ANGLE
  NUMBER  SYMBOL    (ANGSTROMS)    (DEGREES)       (DEGREES)
     I                 I-NA         I-NA-NB        I-NA-NB-NC      NA   NB   NC

     1      NA       0.00000  0     0.00000  0      0.00000  0      0    0    0
     2      CL       2.39738  1     0.00000  0      0.00000  0      1    0    0

 @ End Zmake conversion


 @ Begin Charge and Dipole Calculation

    ATOMIC CHARGES
   ATOM          MULLIKEN            LOWDIN
   NA             0.8393             0.5635
   CL            -0.8393            -0.5635
   TOTAL        -0.0000            -0.0000

    DIPOLE (DEBYE)
      X         Y         Z        TOTAL
   -9.0061    0.0000    0.0000    9.0061

 @ End Charge and Dipole Calculation


 @ Output Timing Information

------------- TIMING ---------------
| INITIAL GUESS TIME  =     2.045371000( 25.62%)
| DFT GRID OPERATIONS =     0.010411000(  0.13%)
| TOTAL SCF TIME      =     0.207054000(  2.59%)
|       TOTAL OP TIME      =     0.178822000(  2.24%)
|             TOTAL 1e TIME      =     0.002857000(  0.04%)
|             TOTAL 2e TIME      =     0.074173000(  0.93%)
|             TOTAL EXC TIME     =     0.098097000(  1.23%)
|       TOTAL DII TIME      =     0.028113000(  0.35%)
|             TOTAL DIAG TIME    =     0.020482000(  0.26%)
| TOTAL GRADIENT TIME      =     0.373528000(  4.68%)
|       TOTAL 1e GRADIENT TIME      =     0.014810000( 0.19%)
|       TOTAL 2e GRADIENT TIME      =     0.318436000( 3.99%)
|       TOTAL EXC GRADIENT TIME     =     0.039551000(  0.50%)
| TOTAL TIME          =     7.982111000
------------------------------------
| Job cpu time:  0 days  0 hours  0 minutes  8.0 seconds.

 @ Finish Output Timing Information

| Normal Termination. Task Finished on: Fri Jul 22 11:19:06 2022
