  *********************************************************************************************************
  **                                                                                                     **
  **           888888888888                                                                              **
  **         8888888888888888                                                                            **
  **      888888888888888888                                                                             **
  **     888888888888888888                                                                              **
  **    888888888888888                                                                                  **
  **   88888888888888888888                               88888                       8888:              **
  **   8888888888888888888888Z                            88888                       8888:              **
  **   888888888888888888888888?                          88888                       8888:              **
  **   8888888888888      8888888                                        888888       8888:              **
  **    88888888888         888888     8888:     88888    88888        888888888I     8888:    888888    **
  **    8888888888           88888:    8888:     88888    88888      $888888888888    8888:   888888     **
  **    I8Z 88888             88888    8888:     88888    88888    .888888     8888   8888: 888888       **
  **    .8Z 88888             88888    8888:     88888    88888    $88888             8888:88888         **
  **     8I 88888      .=88. .88888    8888:     88888    88888    88888              8888888888         **
  **    :8  88888      888888$8888$    8888:     88888    88888    8888O              88888888888        **
  **   ,7   +88888.     8888888888.    8888:     88888    88888    888888             88888O888888       **
  **         $888888:.   .8888888      88888....888888    88888     888888     8888   8888:  888888      **
  **          I8888888888888888888     888888888888888    88888     O888888888888O    8888:   888888     **
  **            O888888888888888888     88888888888888    88888       88888888888$    8888:    888888    **
  **               8888888Z     888      .8888I  88888    88888         8888888       8888:     888888   **
  **                                                                                                     **
  **                                                                                                     **
  **                                         Copyright (c) 2022                                          **
  **                          Regents of the University of California San Diego                          **
  **                                    & Michigan State University                                      **
  **                                        All Rights Reserved.                                         **
  **                                                                                                     **
  **             This software is subject to the terms of the Mozilla Public License, v. 2.0.            **
  **                                                                                                     **
  *********************************************************************************************************
                                                                                                           
  Cite this work as:                                                                                       
  Manathunga, M.; Shajan, A.; Giese, T. J.; Cruzeiro, V.W.D.; Smith, J.; Miao, Y.; He, X.; Ayers, K.;      
  Brothers, E.; Goetz, A.W.; Merz, K.M. QUICK-22.03                                                        
  University of California San Diego, CA and Michigan State University, East Lansing, MI, 2022             
                                                                                                           
  If you have any comments or queries, please send us an email for technical support:                      
  quick.merzlab@gmail.com                                                                                  
                                                                                                           
| TASK STARTS ON: Fri Jul 22 11:15:19 2022
| INPUT FILE :    grad_MgO_b3lyp_def2sv_p.in
| OUTPUT FILE:    grad_MgO_b3lyp_def2sv_p.out
| DATA FILE  :    grad_MgO_b3lyp_def2sv_p.dat
| BASIS SET PATH: /home/madu/test-output-update/basis

|------------ GPU INFORMATION ---------------
| CUDA ENABLED DEVICE         :        3
| CUDA DEVICE IN USE          :        0
| CUDA DEVICE NAME            : NVIDIA TITAN V
| CUDA DEVICE PM              :       80
| CUDA DEVICE CORE FREQ(GHZ)  :     1.46
| CUDA DEVICE MEMORY SIZE (MB):    12066
| SUPPORTING CUDA VERSION     :      7.0
|--------------------------------------------

 @ Read Job And Atom

  KEYWORD=B3LYP  BASIS=DEF2-SV(P) CUTOFF=1.0E-9 DENSERMS=1.0E-6  ZMAKE GRADIENT DIPOLE CHARGE=0                                                                                                                   
 ============== JOB CARD =============
 METHOD = DENSITY FUNCTIONAL THEORY
 DENSITY FUNCTIONAL = B3LYP
 DIRECT SCF 
 SAD INITAL GUESS 
 USE DIIS SCF
 PRINT ENERGY EVERY CYCLE
 READ SAD GUESS FROM FILE
 Z-MATRIX CONSTRUCTION
 DIPOLE
 STANDARD GRID = SG1
 GRADIENT CALCULATION
 MAX SCF CYCLES =    200
 MAX DIIS CYCLES =   10
 DELTA DENSITY START CYCLE =    3
 COMPUTATIONAL CUTOFF: 
      TWO-e INTEGRAL   =  0.100E-08
      BASIS SET PRIME  =  0.100E-09
      MATRIX ELEMENTS  =  0.100E-09
      BASIS FUNCTION   =  0.100E-05
      GRADIENT CUTOFF  =  0.100E-08
 DENSITY MATRIX MAXIMUM RMS FOR CONVERGENCE  =  0.100E-05
 BASIS SET = DEF2-SV(P),  TYPE = CARTESIAN
| BASIS FILE = /home/madu/test-output-update/basis/DEF2-SV_P.BAS

 @ Finish reading job


 @ Begin SAD initial guess

 For Atom Kind =    1
 ELEMENT = MG
 BASIS FUNCTIONS =   19
 For Atom Kind =    2
 ELEMENT = O 
 BASIS FUNCTIONS =   15

 @ Finish SAD initial guess


 @ Begin Reading Molecular Information


 =========== Molecule Input ==========
 TOTAL MOLECULAR CHARGE  =    0    MULTIPLICITY                =    1
 TOTAL ATOM NUMBER       =    2    NUMBER OF ATOM TYPES        =    2
 NUMBER OF HYDROGEN ATOM =    0    NUMBER OF NON-HYDROGEN ATOM =    2
 NUMBER OF ELECTRONS     =   20

 -- INPUT GEOMETRY -- :
    MG         -6.4195       1.5249       0.0000
    O          -4.6090       1.5249       0.0000

 -- DISTANCE MATRIX -- :
              1           2
      1     0.00000
      2     3.42139     0.00000

============== BASIS INFOS ==============
 BASIS FUNCTIONS =   34
 NSHELL =   14 NPRIM  =   62
 JSHELL =   14 JBASIS =   30


 @ End Reading Molecular Information 


 @ Begin XC Quadrature Formation

 OCTAGO: OCTree Algorithm for Grid Operations 
   PRUNING CUTOFF       = 0.100E-06
   INITIAL GRID POINTS  =        7576
|   FINAL GRID POINTS    =        5306
|   SIGNIFICANT NUMBER OF BASIS FUNCTIONS     =        3222
|   SIGNIFICANT NUMBER OF PRIMITIVE FUNCTIONS =        3656

 @ End XC Quadrature Formation


 @ Begin Energy Calculation

                                         SCF ENERGY
| ------------------------------------------------------------------------------------------------------------------------
| NCYC       ENERGY         DELTA_E      SCF_TIME  DII_CYC   DII_TIME   O_TIME  DIAG_TIME    MAX_ERR    RMS_CHG    MAX_CHG
| ------------------------------------------------------------------------------------------------------------------------
|  1   -275.070600432      ------         0.043     1        0.00      0.04      0.00    0.1074E+01  0.5427E-01  0.1004E+01
|  2   -274.683500547  -.387100E+00       0.019     2        0.00      0.01      0.00    0.5033E+00  0.9914E-01  0.1371E+01
|  3   -270.240047744  -.444345E+01       0.018     3        0.00      0.01      0.00    0.1581E+01  0.8981E-01  0.1094E+01
|  4   -275.007326006  0.476728E+01       0.018     4        0.00      0.01      0.00    0.2129E+00  0.2787E-01  0.5630E+00
|  5   -275.094722263  0.873963E-01       0.018     5        0.00      0.01      0.00    0.8025E-01  0.2273E-02  0.2907E-01
|  6   -275.097103545  0.238128E-02       0.017     6        0.00      0.01      0.00    0.7863E-01  0.9961E-03  0.2056E-01
|  7   -275.094495446  -.260810E-02       0.017     7        0.00      0.01      0.00    0.9223E-01  0.1858E-02  0.3698E-01
|  8   -275.100095585  0.560014E-02       0.017     8        0.00      0.01      0.00    0.5863E-01  0.2706E-02  0.5179E-01
|  9   -275.104076277  0.398069E-02       0.017     9        0.00      0.01      0.00    0.1057E-01  0.6883E-03  0.1121E-01
| 10   -275.104221621  0.145344E-03       0.017    10        0.00      0.01      0.00    0.9550E-03  0.1350E-03  0.1231E-02
| 11   -275.104223619  0.199797E-05       0.017     1        0.00      0.01      0.00    0.2220E-03  0.1472E-03  0.1434E-02
| 12   -275.104224135  0.516488E-06       0.017     2        0.00      0.01      0.00    0.1999E-03  0.2528E-04  0.2804E-03
| 13   -275.104224190  0.544868E-07       0.017     3        0.00      0.01      0.00    0.1334E-04  0.1022E-05  0.1016E-04
| 14   -275.104224191  0.113706E-08       0.016     4        0.00      0.01      0.00    0.8708E-06  0.6919E-07  0.9952E-06
| ------------------------------------------------------------------------------------------------------------------------
| REACH CONVERGENCE AFTER  14 CYCLES
| MAX ERROR = 0.870850E-06   RMS CHANGE = 0.691868E-07   MAX CHANGE = 0.995221E-06
| -----------------------------------------------
 ALPHA ELECTRON DENSITY    =    10.0002579962
 BETA ELECTRON DENSITY     =    10.0002579962
 ELECTRONIC ENERGY    =   -303.163020572
 CORE_CORE REPULSION  =     28.058796382
 TOTAL ENERGY         =   -275.104224191

 @ End Energy calculation


 @ Begin Gradient Calculation

 ANALYTICAL GRADIENT: 
----------------------------------------
 COORDINATE    XYZ            GRADIENT
----------------------------------------
    1X    -6.4195304902    -0.0247725912
    1Y     1.5248601164    -0.0000000068
    1Z     0.0000000000     0.0000000009
    2X    -4.6090103520     0.0247725912
    2Y     1.5248601164     0.0000000068
    2Z     0.0000000000    -0.0000000009
----------------------------------------

 @ End Gradient Calculation


 @ Begin Zmake conversion

  
 Z-MATRIX:

   ATOM  ELEMENTAL  BOND LENGTH    BOND ANGLE    DIHEDRAL ANGLE
  NUMBER  SYMBOL    (ANGSTROMS)    (DEGREES)       (DEGREES)
     I                 I-NA         I-NA-NB        I-NA-NB-NC      NA   NB   NC

     1      MG       0.00000  0     0.00000  0      0.00000  0      0    0    0
     2      O        1.81052  1     0.00000  0      0.00000  0      1    0    0

 @ End Zmake conversion


 @ Begin Charge and Dipole Calculation

    ATOMIC CHARGES
   ATOM          MULLIKEN            LOWDIN
   MG             0.5296             0.3666
   O             -0.5296            -0.3666
   TOTAL        -0.0000            -0.0000

    DIPOLE (DEBYE)
      X         Y         Z        TOTAL
   -7.0303    0.0000    0.0000    7.0303

 @ End Charge and Dipole Calculation


 @ Output Timing Information

------------- TIMING ---------------
| INITIAL GUESS TIME  =     0.416006000(  6.61%)
| DFT GRID OPERATIONS =     0.008521000(  0.14%)
| TOTAL SCF TIME      =     0.271731000(  4.32%)
|       TOTAL OP TIME      =     0.228424000(  3.63%)
|             TOTAL 1e TIME      =     0.001788000(  0.03%)
|             TOTAL 2e TIME      =     0.138912000(  2.21%)
|             TOTAL EXC TIME     =     0.084888000(  1.35%)
|       TOTAL DII TIME      =     0.043183000(  0.69%)
|             TOTAL DIAG TIME    =     0.031542000(  0.50%)
| TOTAL GRADIENT TIME      =     0.248246000(  3.94%)
|       TOTAL 1e GRADIENT TIME      =     0.008278000( 0.14%)
|       TOTAL 2e GRADIENT TIME      =     0.216736000( 3.44%)
|       TOTAL EXC GRADIENT TIME     =     0.022457000(  0.36%)
| TOTAL TIME          =     6.294030000
------------------------------------
| Job cpu time:  0 days  0 hours  0 minutes  6.3 seconds.

 @ Finish Output Timing Information

| Normal Termination. Task Finished on: Fri Jul 22 11:15:26 2022
