  *********************************************************************************************************
  **                                                                                                     **
  **           888888888888                                                                              **
  **         8888888888888888                                                                            **
  **      888888888888888888                                                                             **
  **     888888888888888888                                                                              **
  **    888888888888888                                                                                  **
  **   88888888888888888888                               88888                       8888:              **
  **   8888888888888888888888Z                            88888                       8888:              **
  **   888888888888888888888888?                          88888                       8888:              **
  **   8888888888888      8888888                                        888888       8888:              **
  **    88888888888         888888     8888:     88888    88888        888888888I     8888:    888888    **
  **    8888888888           88888:    8888:     88888    88888      $888888888888    8888:   888888     **
  **    I8Z 88888             88888    8888:     88888    88888    .888888     8888   8888: 888888       **
  **    .8Z 88888             88888    8888:     88888    88888    $88888             8888:88888         **
  **     8I 88888      .=88. .88888    8888:     88888    88888    88888              8888888888         **
  **    :8  88888      888888$8888$    8888:     88888    88888    8888O              88888888888        **
  **   ,7   +88888.     8888888888.    8888:     88888    88888    888888             88888O888888       **
  **         $888888:.   .8888888      88888....888888    88888     888888     8888   8888:  888888      **
  **          I8888888888888888888     888888888888888    88888     O888888888888O    8888:   888888     **
  **            O888888888888888888     88888888888888    88888       88888888888$    8888:    888888    **
  **               8888888Z     888      .8888I  88888    88888         8888888       8888:     888888   **
  **                                                                                                     **
  **                                                                                                     **
  **                                         Copyright (c) 2022                                          **
  **                          Regents of the University of California San Diego                          **
  **                                    & Michigan State University                                      **
  **                                        All Rights Reserved.                                         **
  **                                                                                                     **
  **             This software is subject to the terms of the Mozilla Public License, v. 2.0.            **
  **                                                                                                     **
  *********************************************************************************************************
                                                                                                           
  Cite this work as:                                                                                       
  Manathunga, M.; Shajan, A.; Giese, T. J.; Cruzeiro, V.W.D.; Smith, J.; Miao, Y.; He, X.; Ayers, K.;      
  Brothers, E.; Goetz, A.W.; Merz, K.M. QUICK-22.03                                                        
  University of California San Diego, CA and Michigan State University, East Lansing, MI, 2022             
                                                                                                           
  If you have any comments or queries, please send us an email for technical support:                      
  quick.merzlab@gmail.com                                                                                  
                                                                                                           
| TASK STARTS ON: Tue May  3 18:22:14 2022
| INPUT FILE :    grad_CH4_b3lyp_def2svp.in
| OUTPUT FILE:    grad_CH4_b3lyp_def2svp.out
| DATA FILE  :    grad_CH4_b3lyp_def2svp.dat
| BASIS SET PATH: /mnt/home/manathun/Work/fix-delta-density-dft/basis

|------------ GPU INFORMATION ---------------
| CUDA ENABLED DEVICE         :        4
| CUDA DEVICE IN USE          :        0
| CUDA DEVICE NAME            : Tesla V100S-PCIE-32GB
| CUDA DEVICE PM              :       80
| CUDA DEVICE CORE FREQ(GHZ)  :     1.60
| CUDA DEVICE MEMORY SIZE (MB):    32510
| SUPPORTING CUDA VERSION     :      7.0
|--------------------------------------------

 @ Read Job And Atom

  KEYWORD=B3LYP  BASIS=DEF2-SVP CUTOFF=1.0E-9 DENSERMS=1.0E-6  ZMAKE GRADIENT DIPOLE CHARGE=0                                                                                                                     
 ============== JOB CARD =============
 METHOD = DENSITY FUNCTIONAL THEORY
 DENSITY FUNCTIONAL = B3LYP
 DIRECT SCF 
 SAD INITAL GUESS 
 USE DIIS SCF
 PRINT ENERGY EVERY CYCLE
 READ SAD GUESS FROM FILE
 Z-MATRIX CONSTRUCTION
 DIPOLE
 STANDARD GRID = SG1
 GRADIENT CALCULATION
 MAX SCF CYCLES =    200
 MAX DIIS CYCLES =   10
 DELTA DENSITY START CYCLE =    5
 COMPUTATIONAL CUTOFF: 
      TWO-e INTEGRAL   =  0.100E-08
      BASIS SET PRIME  =  0.100E-09
      MATRIX ELEMENTS  =  0.100E-09
      BASIS FUNCTION   =  0.100E-09
      GRADIENT CUTOFF  =  0.100E-08
 DENSITY MATRIX MAXIMUM RMS FOR CONVERGENCE  =  0.100E-05
 BASIS SET = DEF2-SVP,  TYPE = CARTESIAN
| BASIS FILE = /mnt/home/manathun/Work/fix-delta-density-dft/basis/DEF2-SVP.BAS

 @ Finish reading job


 @ Begin SAD initial guess

 For Atom Kind =    1
 ELEMENT = C 
 BASIS FUNCTIONS =   15
 For Atom Kind =    2
 ELEMENT = H 
 BASIS FUNCTIONS =    5

 @ Finish SAD initial guess


 @ Begin Reading Molecular Information


 =========== Molecule Input ==========
 TOTAL MOLECULAR CHARGE  =    0    MULTIPLICITY                =    1
 TOTAL ATOM NUMBER       =    5    NUMBER OF ATOM TYPES        =    2
 NUMBER OF HYDROGEN ATOM =    4    NUMBER OF NON-HYDROGEN ATOM =    1
 NUMBER OF ELECTRONS     =   10

 -- INPUT GEOMETRY -- :
    C          -0.0048      -0.0024      -0.0748
    H          -0.9064       0.5182      -0.4497
    H           0.8980       0.5198      -0.4449
    H          -0.0029      -1.0436      -0.4494
    H          -0.0077      -0.0039       1.0341

 -- DISTANCE MATRIX -- :
              1           2           3           4           5
      1     0.00000
      2     2.09110     0.00000
      3     2.09111     3.40972     0.00000
      4     2.09111     3.40972     3.40973     0.00000
      5     2.09545     3.42332     3.42332     3.42332     0.00000

============== BASIS INFOS ==============
 BASIS FUNCTIONS =   35
 NSHELL =   18 NPRIM  =   53
 JSHELL =   18 JBASIS =   32


 @ End Reading Molecular Information 


 @ Begin XC Quadrature Formation

 OCTAGO: OCTree Algorithm for Grid Operations 
   PRUNING CUTOFF       = 0.100E-09
   INITIAL GRID POINTS  =       18824
|   FINAL GRID POINTS    =       12750
|   SIGNIFICANT NUMBER OF BASIS FUNCTIONS     =        6874
|   SIGNIFICANT NUMBER OF PRIMITIVE FUNCTIONS =        8353

 @ End XC Quadrature Formation


 @ Begin Energy Calculation

                                         SCF ENERGY
| ------------------------------------------------------------------------------------------------------------------------
| NCYC       ENERGY         DELTA_E      SCF_TIME  DII_CYC   DII_TIME   O_TIME  DIAG_TIME    MAX_ERR    RMS_CHG    MAX_CHG
| ------------------------------------------------------------------------------------------------------------------------
|  1    -40.394109767      ------         0.028     1        0.01      0.02      0.01    0.1954E+01  0.5159E-01  0.4201E+00
|  2    -40.429644634  0.355349E-01       0.032     2        0.02      0.01      0.02    0.1815E+00  0.2258E-01  0.2743E+00
|  3    -40.427789563  -.185507E-02       0.024     3        0.02      0.01      0.02    0.1739E+00  0.1133E-01  0.1307E+00
|  4    -40.488693913  0.609043E-01       0.018     4        0.01      0.01      0.01    0.2983E-02  0.4312E-03  0.5796E-02
|  5    -40.488724349  0.304357E-04       0.017     5        0.01      0.01      0.01    0.1121E-02  0.9407E-04  0.1211E-02
|  6    -40.488727112  0.276275E-05       0.017     6        0.01      0.01      0.01    0.1033E-03  0.8031E-05  0.8919E-04
|  7    -40.488727144  0.323964E-07       0.016     7        0.01      0.01      0.01    0.6087E-05  0.9121E-06  0.1143E-04
| ------------------------------------------------------------------------------------------------------------------------
| REACH CONVERGENCE AFTER   7 CYCLES
| MAX ERROR = 0.608749E-05   RMS CHANGE = 0.912075E-06   MAX CHANGE = 0.114271E-04
| -----------------------------------------------
 ALPHA ELECTRON DENSITY    =     5.0000048185
 BETA ELECTRON DENSITY     =     5.0000048185
 ELECTRONIC ENERGY    =    -53.716133523
 CORE_CORE REPULSION  =     13.227406379
 TOTAL ENERGY         =    -40.488727144

 @ End Energy calculation


 @ Begin Gradient Calculation

 ANALYTICAL GRADIENT: 
----------------------------------------
 COORDINATE    XYZ            GRADIENT
----------------------------------------
    1X    -0.0047591904    -0.0000018584
    1Y    -0.0023815002     0.0000171101
    1Z    -0.0748073457    -0.0002450737
    2X    -0.9063753092    -0.0033394585
    2Y     0.5182470596     0.0019295102
    2Z    -0.4496639943    -0.0019290797
    3X     0.8979630886     0.0033492302
    3Y     0.5197717197     0.0019372078
    3Z    -0.4448577640    -0.0019113654
    4X    -0.0028837202     0.0000077697
    4Y    -1.0435995397    -0.0038562241
    4Z    -0.4494452543    -0.0019095545
    5X    -0.0077082706    -0.0000152523
    5Y    -0.0039350003    -0.0000037801
    5Z     1.0340534390     0.0059455172
----------------------------------------

 @ End Gradient Calculation


 @ Begin Zmake conversion

  
 Z-MATRIX:

   ATOM  ELEMENTAL  BOND LENGTH    BOND ANGLE    DIHEDRAL ANGLE
  NUMBER  SYMBOL    (ANGSTROMS)    (DEGREES)       (DEGREES)
     I                 I-NA         I-NA-NB        I-NA-NB-NC      NA   NB   NC

     1      C        0.00000  0     0.00000  0      0.00000  0      0    0    0
     2      H        1.10656  1     0.00000  0      0.00000  0      1    0    0
     3      H        1.10657  1   109.23234  1      0.00000  0      1    2    0
     4      H        1.10657  1   109.23222  1   -119.41952  1      1    2    3
     5      H        1.10887  1   109.70930  1    120.29025  1      1    2    3

 @ End Zmake conversion


 @ Begin Charge and Dipole Calculation

    ATOMIC CHARGES
   ATOM          MULLIKEN            LOWDIN
   C             -0.1299            -0.2965
   H              0.0322             0.0755
   H              0.0322             0.0755
   H              0.0322             0.0733
   H              0.0334             0.0722
   TOTAL        -0.0000             0.0000

    DIPOLE (DEBYE)
      X         Y         Z        TOTAL
    0.0000    0.0000   -0.0055    0.0055

 @ End Charge and Dipole Calculation


 @ Output Timing Information

------------- TIMING ---------------
| INITIAL GUESS TIME  =     0.897345000( 20.58%)
| DFT GRID OPERATIONS =     0.016711000(  0.38%)
| TOTAL SCF TIME      =     0.151617000(  3.48%)
|       TOTAL OP TIME      =     0.064041000(  1.47%)
|             TOTAL 1e TIME      =     0.001254000(  0.03%)
|             TOTAL 2e TIME      =     0.025073000(  0.58%)
|             TOTAL EXC TIME     =     0.035518000(  0.81%)
|       TOTAL DII TIME      =     0.087479000(  2.01%)
|             TOTAL DIAG TIME    =     0.081119000(  1.86%)
| TOTAL GRADIENT TIME      =     0.091286000(  2.09%)
|       TOTAL 1e GRADIENT TIME      =     0.013127000( 0.31%)
|       TOTAL 2e GRADIENT TIME      =     0.035850000( 0.82%)
|       TOTAL EXC GRADIENT TIME     =     0.041795000(  0.96%)
| TOTAL TIME          =     4.359591000
------------------------------------
| Job cpu time:  0 days  0 hours  0 minutes  4.4 seconds.

 @ Finish Output Timing Information

| Normal Termination. Task Finished on: Tue May  3 18:22:18 2022
