  *********************************************************************************************************
  **                                                                                                     **
  **           888888888888                                                                              **
  **         8888888888888888                                                                            **
  **      888888888888888888                                                                             **
  **     888888888888888888                                                                              **
  **    888888888888888                                                                                  **
  **   88888888888888888888                               88888                       8888:              **
  **   8888888888888888888888Z                            88888                       8888:              **
  **   888888888888888888888888?                          88888                       8888:              **
  **   8888888888888      8888888                                        888888       8888:              **
  **    88888888888         888888     8888:     88888    88888        888888888I     8888:    888888    **
  **    8888888888           88888:    8888:     88888    88888      $888888888888    8888:   888888     **
  **    I8Z 88888             88888    8888:     88888    88888    .888888     8888   8888: 888888       **
  **    .8Z 88888             88888    8888:     88888    88888    $88888             8888:88888         **
  **     8I 88888      .=88. .88888    8888:     88888    88888    88888              8888888888         **
  **    :8  88888      888888$8888$    8888:     88888    88888    8888O              88888888888        **
  **   ,7   +88888.     8888888888.    8888:     88888    88888    888888             88888O888888       **
  **         $888888:.   .8888888      88888....888888    88888     888888     8888   8888:  888888      **
  **          I8888888888888888888     888888888888888    88888     O888888888888O    8888:   888888     **
  **            O888888888888888888     88888888888888    88888       88888888888$    8888:    888888    **
  **               8888888Z     888      .8888I  88888    88888         8888888       8888:     888888   **
  **                                                                                                     **
  **                                                                                                     **
  **                                         Copyright (c) 2022                                          **
  **                          Regents of the University of California San Diego                          **
  **                                    & Michigan State University                                      **
  **                                        All Rights Reserved.                                         **
  **                                                                                                     **
  **             This software is subject to the terms of the Mozilla Public License, v. 2.0.            **
  **                                                                                                     **
  *********************************************************************************************************
                                                                                                           
  Cite this work as:                                                                                       
  Manathunga, M.; Shajan, A.; Giese, T. J.; Cruzeiro, V.W.D.; Smith, J.; Miao, Y.; He, X.; Ayers, K.;      
  Brothers, E.; Goetz, A.W.; Merz, K.M. QUICK-22.03                                                        
  University of California San Diego, CA and Michigan State University, East Lansing, MI, 2022             
                                                                                                           
  If you have any comments or queries, please send us an email for technical support:                      
  quick.merzlab@gmail.com                                                                                  
                                                                                                           
| TASK STARTS ON: Tue May  3 18:25:10 2022
| INPUT FILE :    grad_ch5nos_b3lyp_6311plplg2d2p.in
| OUTPUT FILE:    grad_ch5nos_b3lyp_6311plplg2d2p.out
| DATA FILE  :    grad_ch5nos_b3lyp_6311plplg2d2p.dat
| BASIS SET PATH: /mnt/home/manathun/Work/fix-delta-density-dft/basis

|------------ GPU INFORMATION ---------------
| CUDA ENABLED DEVICE         :        4
| CUDA DEVICE IN USE          :        0
| CUDA DEVICE NAME            : Tesla V100S-PCIE-32GB
| CUDA DEVICE PM              :       80
| CUDA DEVICE CORE FREQ(GHZ)  :     1.60
| CUDA DEVICE MEMORY SIZE (MB):    32510
| SUPPORTING CUDA VERSION     :      7.0
|--------------------------------------------

 @ Read Job And Atom

  KEYWORD=DFT B3LYP BASIS=6-311++G(2D,2P) CUTOFF=1.0E-9 DENSERMS=1.0E-6  ZMAKE GRADIENT DIPOLE                                                                                                                    
 ============== JOB CARD =============
 METHOD = DENSITY FUNCTIONAL THEORY
 DENSITY FUNCTIONAL = B3LYP
 DIRECT SCF 
 SAD INITAL GUESS 
 USE DIIS SCF
 PRINT ENERGY EVERY CYCLE
 READ SAD GUESS FROM FILE
 Z-MATRIX CONSTRUCTION
 DIPOLE
 STANDARD GRID = SG1
 GRADIENT CALCULATION
 MAX SCF CYCLES =    200
 MAX DIIS CYCLES =   10
 DELTA DENSITY START CYCLE =    5
 COMPUTATIONAL CUTOFF: 
      TWO-e INTEGRAL   =  0.100E-08
      BASIS SET PRIME  =  0.100E-09
      MATRIX ELEMENTS  =  0.100E-09
      BASIS FUNCTION   =  0.100E-09
      GRADIENT CUTOFF  =  0.100E-08
 DENSITY MATRIX MAXIMUM RMS FOR CONVERGENCE  =  0.100E-05
 BASIS SET = 6-311++G(2D,2P),  TYPE = CARTESIAN
| BASIS FILE = /mnt/home/manathun/Work/fix-delta-density-dft/basis/6-311PLPLG2D2P.BAS

 @ Finish reading job


 @ Begin SAD initial guess

 For Atom Kind =    1
 ELEMENT = C 
 BASIS FUNCTIONS =   29
 For Atom Kind =    2
 ELEMENT = O 
 BASIS FUNCTIONS =   29
 For Atom Kind =    3
 ELEMENT = N 
 BASIS FUNCTIONS =   29
 For Atom Kind =    4
 ELEMENT = H 
 BASIS FUNCTIONS =   10
 For Atom Kind =    5
 ELEMENT = S 
 BASIS FUNCTIONS =   37

 @ Finish SAD initial guess


 @ Begin Reading Molecular Information


 =========== Molecule Input ==========
 TOTAL MOLECULAR CHARGE  =    0    MULTIPLICITY                =    1
 TOTAL ATOM NUMBER       =    9    NUMBER OF ATOM TYPES        =    5
 NUMBER OF HYDROGEN ATOM =    5    NUMBER OF NON-HYDROGEN ATOM =    4
 NUMBER OF ELECTRONS     =   42

 -- INPUT GEOMETRY -- :
    C          -1.3709       0.2881      -0.2373
    O           0.0012       0.1311      -0.4531
    N          -1.7503      -0.7127       0.7167
    H          -1.8997       0.1549      -1.1853
    S          -1.7415       1.9080       0.4275
    H           0.3414      -0.0348       0.4408
    H          -1.6363      -1.6188       0.2661
    H          -2.7490      -0.6078       0.8861
    H          -1.0357       1.7471       1.5528

 -- DISTANCE MATRIX -- :
              1           2           3           4           5
      1     0.00000
      2     2.64149     0.00000
      3     2.70947     4.28781     0.00000
      4     2.06675     3.84976     3.96068     0.00000
      5     3.38226     4.98903     4.98250     4.51155     0.00000
      6     3.53334     1.83439     4.18776     5.24471     5.38266
      7     3.76053     4.72845     1.92434     4.35946     6.67455
      8     3.76245     5.94694     1.92451     4.46955     5.19404
      9     4.40981     5.24731     5.09191     6.20423     2.52847
              6           7           8           9
      6     0.00000
      7     4.79962     0.00000
      8     5.99894     3.07312     0.00000
      9     4.74631     6.90345     5.64567     0.00000

============== BASIS INFOS ==============
 BASIS FUNCTIONS =  174
 NSHELL =   65 NPRIM  =  242
 JSHELL =   65 JBASIS =  107


 @ End Reading Molecular Information 


 @ Begin XC Quadrature Formation

 OCTAGO: OCTree Algorithm for Grid Operations 
   PRUNING CUTOFF       = 0.100E-09
   INITIAL GRID POINTS  =       33968
|   FINAL GRID POINTS    =       23579
|   SIGNIFICANT NUMBER OF BASIS FUNCTIONS     =       43755
|   SIGNIFICANT NUMBER OF PRIMITIVE FUNCTIONS =       45580

 @ End XC Quadrature Formation


 @ Begin Energy Calculation

                                         SCF ENERGY
| ------------------------------------------------------------------------------------------------------------------------
| NCYC       ENERGY         DELTA_E      SCF_TIME  DII_CYC   DII_TIME   O_TIME  DIAG_TIME    MAX_ERR    RMS_CHG    MAX_CHG
| ------------------------------------------------------------------------------------------------------------------------
|  1   -570.049718641      ------         0.227     1        0.02      0.20      0.02    0.2180E+01  0.1353E-01  0.4052E+00
|  2   -569.239898401  -.809820E+00       0.185     2        0.02      0.17      0.01    0.2915E+00  0.8029E-02  0.2384E+00
|  3   -569.070821124  -.169077E+00       0.183     3        0.01      0.17      0.01    0.5041E+00  0.5482E-02  0.1535E+00
|  4   -569.362376505  0.291555E+00       0.182     4        0.01      0.17      0.01    0.3126E-01  0.7740E-03  0.2641E-01
|  5   -569.364710466  0.233396E-02       0.187     5        0.02      0.17      0.02    0.1661E-01  0.2378E-03  0.9932E-02
|  6   -569.365271605  0.561140E-03       0.178     6        0.02      0.16      0.01    0.4379E-02  0.8185E-04  0.2672E-02
|  7   -569.365314542  0.429370E-04       0.173     7        0.01      0.16      0.01    0.8283E-03  0.1937E-04  0.6119E-03
|  8   -569.365317099  0.255634E-05       0.169     8        0.01      0.15      0.01    0.1582E-03  0.4709E-05  0.1912E-03
|  9   -569.365317189  0.903755E-07       0.166     9        0.01      0.15      0.01    0.8940E-04  0.1775E-05  0.8178E-04
| 10   -569.365317218  0.290481E-07       0.164    10        0.01      0.15      0.01    0.9066E-04  0.5514E-06  0.1122E-04
| ------------------------------------------------------------------------------------------------------------------------
| REACH CONVERGENCE AFTER  10 CYCLES
| MAX ERROR = 0.906649E-04   RMS CHANGE = 0.551414E-06   MAX CHANGE = 0.112173E-04
| -----------------------------------------------
 ALPHA ELECTRON DENSITY    =    20.9998158690
 BETA ELECTRON DENSITY     =    20.9998158690
 ELECTRONIC ENERGY    =   -745.220776791
 CORE_CORE REPULSION  =    175.855459573
 TOTAL ENERGY         =   -569.365317218

 @ End Energy calculation


 @ Begin Gradient Calculation

 ANALYTICAL GRADIENT: 
----------------------------------------
 COORDINATE    XYZ            GRADIENT
----------------------------------------
    1X    -1.3708901047    -0.0112067632
    1Y     0.2881200220     0.0114019025
    1Z    -0.2373200181     0.0030955060
    2X     0.0012200001    -0.0060514648
    2Y     0.1311300100     0.0044308907
    2Z    -0.4531100346     0.0027496990
    3X    -1.7503301337     0.0179036644
    3Y    -0.7127100544     0.0138044971
    3Z     0.7166800547    -0.0044954834
    4X    -1.8996901451    -0.0050982187
    4Y     0.1549200118    -0.0096491962
    4Z    -1.1853500905     0.0027400159
    5X    -1.7415401330     0.0135976493
    5Y     1.9080001457    -0.0261387245
    5Z     0.4275400326     0.0007808575
    6X     0.3413900261    -0.0047190624
    6Y    -0.0348100027     0.0000256816
    6Z     0.4407800337     0.0068906375
    7X    -1.6363401250    -0.0012594003
    7Y    -1.6187601236     0.0013953102
    7Z     0.2660700203    -0.0031545572
    8X    -2.7490502099    -0.0030588977
    8Y    -0.6078000464     0.0025067258
    8Z     0.8861100677    -0.0062491938
    9X    -1.0357400791    -0.0000560136
    9Y     1.7471101334     0.0021300362
    9Z     1.5528101186    -0.0013462923
----------------------------------------

 @ End Gradient Calculation


 @ Begin Zmake conversion

  
 Z-MATRIX:

   ATOM  ELEMENTAL  BOND LENGTH    BOND ANGLE    DIHEDRAL ANGLE
  NUMBER  SYMBOL    (ANGSTROMS)    (DEGREES)       (DEGREES)
     I                 I-NA         I-NA-NB        I-NA-NB-NC      NA   NB   NC

     1      C        0.00000  0     0.00000  0      0.00000  0      0    0    0
     2      O        1.39782  1     0.00000  0      0.00000  0      1    0    0
     3      N        1.43379  1   106.50476  1      0.00000  0      1    2    0
     4      H        1.09368  1   109.09390  1   -120.27054  1      1    2    3
     5      S        1.78981  1   111.23987  1    118.95972  1      1    2    3
     6      H        1.86976  1    30.41941  1     41.33759  1      1    2    3
     7      H        1.98999  1    93.57588  1    -26.71589  1      1    2    3
     8      H        1.99100  1   135.72786  1      0.13364  1      1    2    3
     9      H        2.33357  1    92.73200  1     88.65691  1      1    2    3

 @ End Zmake conversion


 @ Begin Charge and Dipole Calculation

    ATOMIC CHARGES
   ATOM          MULLIKEN            LOWDIN
   C              0.1653            -0.3887
   O             -0.4031            -0.0796
   N             -0.4421            -0.1079
   H              0.1246             0.0773
   S             -0.0918             0.3429
   H              0.2407             0.0733
   H              0.1825             0.0720
   H              0.1745             0.0688
   H              0.0493            -0.0580
   TOTAL         0.0000             0.0000

    DIPOLE (DEBYE)
      X         Y         Z        TOTAL
   -1.0098   -1.7088    0.5889    2.0703

 @ End Charge and Dipole Calculation


 @ Output Timing Information

------------- TIMING ---------------
| INITIAL GUESS TIME  =     0.394583000(  5.37%)
| DFT GRID OPERATIONS =     0.038582000(  0.52%)
| TOTAL SCF TIME      =     1.846285000( 25.11%)
|       TOTAL OP TIME      =     1.682829000( 22.89%)
|             TOTAL 1e TIME      =     0.032403000(  0.44%)
|             TOTAL 2e TIME      =     0.714472000(  9.72%)
|             TOTAL EXC TIME     =     0.895376000( 12.18%)
|       TOTAL DII TIME      =     0.161351000(  2.19%)
|             TOTAL DIAG TIME    =     0.124835000(  1.70%)
| TOTAL GRADIENT TIME      =     1.924496000( 26.17%)
|       TOTAL 1e GRADIENT TIME      =     0.275201000( 3.76%)
|       TOTAL 2e GRADIENT TIME      =     1.266175000(17.22%)
|       TOTAL EXC GRADIENT TIME     =     0.381967000(  5.19%)
| TOTAL TIME          =     7.353017000
------------------------------------
| Job cpu time:  0 days  0 hours  0 minutes  7.4 seconds.

 @ Finish Output Timing Information

| Normal Termination. Task Finished on: Tue May  3 18:25:17 2022
