  *********************************************************************************************************
  **                                                                                                     **
  **           888888888888                                                                              **
  **         8888888888888888                                                                            **
  **      888888888888888888                                                                             **
  **     888888888888888888                                                                              **
  **    888888888888888                                                                                  **
  **   88888888888888888888                               88888                       8888:              **
  **   8888888888888888888888Z                            88888                       8888:              **
  **   888888888888888888888888?                          88888                       8888:              **
  **   8888888888888      8888888                                        888888       8888:              **
  **    88888888888         888888     8888:     88888    88888        888888888I     8888:    888888    **
  **    8888888888           88888:    8888:     88888    88888      $888888888888    8888:   888888     **
  **    I8Z 88888             88888    8888:     88888    88888    .888888     8888   8888: 888888       **
  **    .8Z 88888             88888    8888:     88888    88888    $88888             8888:88888         **
  **     8I 88888      .=88. .88888    8888:     88888    88888    88888              8888888888         **
  **    :8  88888      888888$8888$    8888:     88888    88888    8888O              88888888888        **
  **   ,7   +88888.     8888888888.    8888:     88888    88888    888888             88888O888888       **
  **         $888888:.   .8888888      88888....888888    88888     888888     8888   8888:  888888      **
  **          I8888888888888888888     888888888888888    88888     O888888888888O    8888:   888888     **
  **            O888888888888888888     88888888888888    88888       88888888888$    8888:    888888    **
  **               8888888Z     888      .8888I  88888    88888         8888888       8888:     888888   **
  **                                                                                                     **
  **                                                                                                     **
  **                                         Copyright (c) 2022                                          **
  **                          Regents of the University of California San Diego                          **
  **                                    & Michigan State University                                      **
  **                                        All Rights Reserved.                                         **
  **                                                                                                     **
  **             This software is subject to the terms of the Mozilla Public License, v. 2.0.            **
  **                                                                                                     **
  *********************************************************************************************************
                                                                                                           
  Cite this work as:                                                                                       
  Manathunga, M.; Shajan, A.; Giese, T. J.; Cruzeiro, V.W.D.; Smith, J.; Miao, Y.; He, X.; Ayers, K.;      
  Brothers, E.; Goetz, A.W.; Merz, K.M. QUICK-22.03                                                        
  University of California San Diego, CA and Michigan State University, East Lansing, MI, 2022             
                                                                                                           
  If you have any comments or queries, please send us an email for technical support:                      
  quick.merzlab@gmail.com                                                                                  
                                                                                                           
| TASK STARTS ON: Tue May  3 18:25:30 2022
| INPUT FILE :    grad_ch5nos_b97_631g.in
| OUTPUT FILE:    grad_ch5nos_b97_631g.out
| DATA FILE  :    grad_ch5nos_b97_631g.dat
| BASIS SET PATH: /mnt/home/manathun/Work/fix-delta-density-dft/basis

|------------ GPU INFORMATION ---------------
| CUDA ENABLED DEVICE         :        4
| CUDA DEVICE IN USE          :        0
| CUDA DEVICE NAME            : Tesla V100S-PCIE-32GB
| CUDA DEVICE PM              :       80
| CUDA DEVICE CORE FREQ(GHZ)  :     1.60
| CUDA DEVICE MEMORY SIZE (MB):    32510
| SUPPORTING CUDA VERSION     :      7.0
|--------------------------------------------

 @ Read Job And Atom

  KEYWORD=DFT B97 BASIS=6-31G CUTOFF=1.0E-9 DENSERMS=1.0E-6  ZMAKE GRADIENT DIPOLE                                                                                                                                
 ============== JOB CARD =============
 METHOD = DENSITY FUNCTIONAL THEORY
 USING LIBXC VERSION: 4.3.4
 FUNCTIONAL INFORMATION:
 NAME = Becke 97 FAMILY = HYBRID GGA KIND = EXCHANGE CORRELATION
 DIRECT SCF 
 SAD INITAL GUESS 
 USE DIIS SCF
 PRINT ENERGY EVERY CYCLE
 READ SAD GUESS FROM FILE
 Z-MATRIX CONSTRUCTION
 DIPOLE
 STANDARD GRID = SG1
 GRADIENT CALCULATION
 MAX SCF CYCLES =    200
 MAX DIIS CYCLES =   10
 DELTA DENSITY START CYCLE =    5
 COMPUTATIONAL CUTOFF: 
      TWO-e INTEGRAL   =  0.100E-08
      BASIS SET PRIME  =  0.100E-09
      MATRIX ELEMENTS  =  0.100E-09
      BASIS FUNCTION   =  0.100E-09
      GRADIENT CUTOFF  =  0.100E-08
 DENSITY MATRIX MAXIMUM RMS FOR CONVERGENCE  =  0.100E-05
 BASIS SET = 6-31G,  TYPE = CARTESIAN
| BASIS FILE = /mnt/home/manathun/Work/fix-delta-density-dft/basis/6-31G.BAS

 @ Finish reading job


 @ Begin SAD initial guess

 For Atom Kind =    1
 ELEMENT = C 
 BASIS FUNCTIONS =    9
 For Atom Kind =    2
 ELEMENT = O 
 BASIS FUNCTIONS =    9
 For Atom Kind =    3
 ELEMENT = N 
 BASIS FUNCTIONS =    9
 For Atom Kind =    4
 ELEMENT = H 
 BASIS FUNCTIONS =    2
 For Atom Kind =    5
 ELEMENT = S 
 BASIS FUNCTIONS =   13

 @ Finish SAD initial guess


 @ Begin Reading Molecular Information


 =========== Molecule Input ==========
 TOTAL MOLECULAR CHARGE  =    0    MULTIPLICITY                =    1
 TOTAL ATOM NUMBER       =    9    NUMBER OF ATOM TYPES        =    5
 NUMBER OF HYDROGEN ATOM =    5    NUMBER OF NON-HYDROGEN ATOM =    4
 NUMBER OF ELECTRONS     =   42

 -- INPUT GEOMETRY -- :
    C          -1.3709       0.2881      -0.2373
    O           0.0012       0.1311      -0.4531
    N          -1.7503      -0.7127       0.7167
    H          -1.8997       0.1549      -1.1853
    S          -1.7415       1.9080       0.4275
    H           0.3414      -0.0348       0.4408
    H          -1.6363      -1.6188       0.2661
    H          -2.7490      -0.6078       0.8861
    H          -1.0357       1.7471       1.5528

 -- DISTANCE MATRIX -- :
              1           2           3           4           5
      1     0.00000
      2     2.64149     0.00000
      3     2.70947     4.28781     0.00000
      4     2.06675     3.84976     3.96068     0.00000
      5     3.38226     4.98903     4.98250     4.51155     0.00000
      6     3.53334     1.83439     4.18776     5.24471     5.38266
      7     3.76053     4.72845     1.92434     4.35946     6.67455
      8     3.76245     5.94694     1.92451     4.46955     5.19404
      9     4.40981     5.24731     5.09191     6.20423     2.52847
              6           7           8           9
      6     0.00000
      7     4.79962     0.00000
      8     5.99894     3.07312     0.00000
      9     4.74631     6.90345     5.64567     0.00000

============== BASIS INFOS ==============
 BASIS FUNCTIONS =   50
 NSHELL =   23 NPRIM  =  132
 JSHELL =   23 JBASIS =   66


 @ End Reading Molecular Information 


 @ Begin XC Quadrature Formation

 OCTAGO: OCTree Algorithm for Grid Operations 
   PRUNING CUTOFF       = 0.100E-09
   INITIAL GRID POINTS  =       33968
|   FINAL GRID POINTS    =       22628
|   SIGNIFICANT NUMBER OF BASIS FUNCTIONS     =       13521
|   SIGNIFICANT NUMBER OF PRIMITIVE FUNCTIONS =       17964

 @ End XC Quadrature Formation


 @ Begin Energy Calculation

                                         SCF ENERGY
| ------------------------------------------------------------------------------------------------------------------------
| NCYC       ENERGY         DELTA_E      SCF_TIME  DII_CYC   DII_TIME   O_TIME  DIAG_TIME    MAX_ERR    RMS_CHG    MAX_CHG
| ------------------------------------------------------------------------------------------------------------------------
|  1   -569.775152477      ------         0.050     1        0.01      0.04      0.01    0.2030E+01  0.6247E-01  0.4186E+00
|  2   -568.911900577  -.863252E+00       0.031     2        0.01      0.02      0.01    0.2582E+00  0.3218E-01  0.3283E+00
|  3   -568.831795276  -.801053E-01       0.029     3        0.01      0.02      0.01    0.3599E+00  0.1878E-01  0.2082E+00
|  4   -569.030104287  0.198309E+00       0.029     4        0.01      0.02      0.01    0.3063E-01  0.3084E-02  0.3588E-01
|  5   -569.032055747  0.195146E-02       0.028     5        0.01      0.02      0.01    0.9230E-02  0.7530E-03  0.7746E-02
|  6   -569.032274950  0.219203E-03       0.028     6        0.01      0.02      0.01    0.3024E-02  0.2933E-03  0.3285E-02
|  7   -569.032300717  0.257670E-04       0.028     7        0.01      0.02      0.01    0.2849E-03  0.5225E-04  0.6671E-03
|  8   -569.032301284  0.566906E-06       0.028     8        0.01      0.02      0.01    0.3312E-04  0.6769E-05  0.5098E-04
|  9   -569.032301288  0.408090E-08       0.027     9        0.01      0.02      0.01    0.1647E-04  0.2294E-05  0.2458E-04
| 10   -569.032301286  -.269245E-08       0.027    10        0.01      0.02      0.01    0.5846E-05  0.5140E-06  0.5569E-05
| ------------------------------------------------------------------------------------------------------------------------
| REACH CONVERGENCE AFTER  10 CYCLES
| MAX ERROR = 0.584607E-05   RMS CHANGE = 0.514023E-06   MAX CHANGE = 0.556907E-05
| -----------------------------------------------
 ALPHA ELECTRON DENSITY    =    20.9998452596
 BETA ELECTRON DENSITY     =    20.9998452596
 ELECTRONIC ENERGY    =   -744.887760859
 CORE_CORE REPULSION  =    175.855459573
 TOTAL ENERGY         =   -569.032301286

 @ End Energy calculation


 @ Begin Gradient Calculation

 ANALYTICAL GRADIENT: 
----------------------------------------
 COORDINATE    XYZ            GRADIENT
----------------------------------------
    1X    -1.3708901047    -0.0019100026
    1Y     0.2881200220     0.0208722779
    1Z    -0.2373200181     0.0183308209
    2X     0.0012200001    -0.0177781065
    2Y     0.1311300100     0.0056768954
    2Z    -0.4531100346     0.0164052594
    3X    -1.7503301337     0.0231731538
    3Y    -0.7127100544     0.0169257376
    3Z     0.7166800547    -0.0025678382
    4X    -1.8996901451    -0.0043969235
    4Y     0.1549200118    -0.0108683939
    4Z    -1.1853500905     0.0062465202
    5X    -1.7415401330     0.0285632183
    5Y     1.9080001457    -0.0497542785
    5Z     0.4275400326     0.0044843118
    6X     0.3413900261    -0.0145815522
    6Y    -0.0348100027     0.0029115997
    6Z     0.4407800337    -0.0071061050
    7X    -1.6363401250    -0.0064449350
    7Y    -1.6187601236     0.0097114498
    7Z     0.2660700203    -0.0045835219
    8X    -2.7490502099     0.0028168770
    8Y    -0.6078000464     0.0013637310
    8Z     0.8861100677    -0.0146467683
    9X    -1.0357400791    -0.0091388617
    9Y     1.7471101334     0.0036831849
    9Z     1.5528101186    -0.0162451798
----------------------------------------

 @ End Gradient Calculation


 @ Begin Zmake conversion

  
 Z-MATRIX:

   ATOM  ELEMENTAL  BOND LENGTH    BOND ANGLE    DIHEDRAL ANGLE
  NUMBER  SYMBOL    (ANGSTROMS)    (DEGREES)       (DEGREES)
     I                 I-NA         I-NA-NB        I-NA-NB-NC      NA   NB   NC

     1      C        0.00000  0     0.00000  0      0.00000  0      0    0    0
     2      O        1.39782  1     0.00000  0      0.00000  0      1    0    0
     3      N        1.43379  1   106.50476  1      0.00000  0      1    2    0
     4      H        1.09368  1   109.09390  1   -120.27054  1      1    2    3
     5      S        1.78981  1   111.23987  1    118.95972  1      1    2    3
     6      H        1.86976  1    30.41941  1     41.33759  1      1    2    3
     7      H        1.98999  1    93.57588  1    -26.71589  1      1    2    3
     8      H        1.99100  1   135.72786  1      0.13364  1      1    2    3
     9      H        2.33357  1    92.73200  1     88.65691  1      1    2    3

 @ End Zmake conversion


 @ Begin Charge and Dipole Calculation

    ATOMIC CHARGES
   ATOM          MULLIKEN            LOWDIN
   C             -0.1254            -0.0548
   O             -0.5503            -0.3931
   N             -0.6682            -0.4600
   H              0.2084             0.1183
   S              0.1037            -0.0006
   H              0.3680             0.2829
   H              0.2996             0.2116
   H              0.3039             0.2163
   H              0.0603             0.0795
   TOTAL         0.0000             0.0000

    DIPOLE (DEBYE)
      X         Y         Z        TOTAL
   -1.1607   -2.2257    0.8454    2.6488

 @ End Charge and Dipole Calculation


 @ Output Timing Information

------------- TIMING ---------------
| INITIAL GUESS TIME  =     0.385572000(  9.76%)
| DFT GRID OPERATIONS =     0.034340000(  0.87%)
| TOTAL SCF TIME      =     0.311759000(  7.89%)
|       TOTAL OP TIME      =     0.238119000(  6.03%)
|             TOTAL 1e TIME      =     0.004563000(  0.12%)
|             TOTAL 2e TIME      =     0.136787000(  3.46%)
|             TOTAL EXC TIME     =     0.090880000(  2.30%)
|       TOTAL DII TIME      =     0.073525000(  1.86%)
|             TOTAL DIAG TIME    =     0.065609000(  1.66%)
| TOTAL GRADIENT TIME      =     0.212011000(  5.37%)
|       TOTAL 1e GRADIENT TIME      =     0.029691000( 0.77%)
|       TOTAL 2e GRADIENT TIME      =     0.142759000( 3.61%)
|       TOTAL EXC GRADIENT TIME     =     0.038891000(  0.98%)
| TOTAL TIME          =     3.951104000
------------------------------------
| Job cpu time:  0 days  0 hours  0 minutes  4.0 seconds.

 @ Finish Output Timing Information

| Normal Termination. Task Finished on: Tue May  3 18:25:34 2022
