  *********************************************************************************************************
  **                                                                                                     **
  **           888888888888                                                                              **
  **         8888888888888888                                                                            **
  **      888888888888888888                                                                             **
  **     888888888888888888                                                                              **
  **    888888888888888                                                                                  **
  **   88888888888888888888                               88888                       8888:              **
  **   8888888888888888888888Z                            88888                       8888:              **
  **   888888888888888888888888?                          88888                       8888:              **
  **   8888888888888      8888888                                        888888       8888:              **
  **    88888888888         888888     8888:     88888    88888        888888888I     8888:    888888    **
  **    8888888888           88888:    8888:     88888    88888      $888888888888    8888:   888888     **
  **    I8Z 88888             88888    8888:     88888    88888    .888888     8888   8888: 888888       **
  **    .8Z 88888             88888    8888:     88888    88888    $88888             8888:88888         **
  **     8I 88888      .=88. .88888    8888:     88888    88888    88888              8888888888         **
  **    :8  88888      888888$8888$    8888:     88888    88888    8888O              88888888888        **
  **   ,7   +88888.     8888888888.    8888:     88888    88888    888888             88888O888888       **
  **         $888888:.   .8888888      88888....888888    88888     888888     8888   8888:  888888      **
  **          I8888888888888888888     888888888888888    88888     O888888888888O    8888:   888888     **
  **            O888888888888888888     88888888888888    88888       88888888888$    8888:    888888    **
  **               8888888Z     888      .8888I  88888    88888         8888888       8888:     888888   **
  **                                                                                                     **
  **                                                                                                     **
  **                                         Copyright (c) 2022                                          **
  **                          Regents of the University of California San Diego                          **
  **                                    & Michigan State University                                      **
  **                                        All Rights Reserved.                                         **
  **                                                                                                     **
  **             This software is subject to the terms of the Mozilla Public License, v. 2.0.            **
  **                                                                                                     **
  *********************************************************************************************************
                                                                                                           
  Cite this work as:                                                                                       
  Manathunga, M.; Shajan, A.; Giese, T. J.; Cruzeiro, V.W.D.; Smith, J.; Miao, Y.; He, X.; Ayers, K.;      
  Brothers, E.; Goetz, A.W.; Merz, K.M. QUICK-22.03                                                        
  University of California San Diego, CA and Michigan State University, East Lansing, MI, 2022             
                                                                                                           
  If you have any comments or queries, please send us an email for technical support:                      
  quick.merzlab@gmail.com                                                                                  
                                                                                                           
| TASK STARTS ON: Tue May  3 18:23:21 2022
| INPUT FILE :    grad_CH4_b3lyp_def2svpd.in
| OUTPUT FILE:    grad_CH4_b3lyp_def2svpd.out
| DATA FILE  :    grad_CH4_b3lyp_def2svpd.dat
| BASIS SET PATH: /mnt/home/manathun/Work/fix-delta-density-dft/basis

|------------ GPU INFORMATION ---------------
| CUDA ENABLED DEVICE         :        4
| CUDA DEVICE IN USE          :        0
| CUDA DEVICE NAME            : Tesla V100S-PCIE-32GB
| CUDA DEVICE PM              :       80
| CUDA DEVICE CORE FREQ(GHZ)  :     1.60
| CUDA DEVICE MEMORY SIZE (MB):    32510
| SUPPORTING CUDA VERSION     :      7.0
|--------------------------------------------

 @ Read Job And Atom

  KEYWORD=B3LYP  BASIS=DEF2-SVPD CUTOFF=1.0E-9 DENSERMS=1.0E-6  ZMAKE GRADIENT DIPOLE CHARGE=0                                                                                                                    
 ============== JOB CARD =============
 METHOD = DENSITY FUNCTIONAL THEORY
 DENSITY FUNCTIONAL = B3LYP
 DIRECT SCF 
 SAD INITAL GUESS 
 USE DIIS SCF
 PRINT ENERGY EVERY CYCLE
 READ SAD GUESS FROM FILE
 Z-MATRIX CONSTRUCTION
 DIPOLE
 STANDARD GRID = SG1
 GRADIENT CALCULATION
 MAX SCF CYCLES =    200
 MAX DIIS CYCLES =   10
 DELTA DENSITY START CYCLE =    5
 COMPUTATIONAL CUTOFF: 
      TWO-e INTEGRAL   =  0.100E-08
      BASIS SET PRIME  =  0.100E-09
      MATRIX ELEMENTS  =  0.100E-09
      BASIS FUNCTION   =  0.100E-09
      GRADIENT CUTOFF  =  0.100E-08
 DENSITY MATRIX MAXIMUM RMS FOR CONVERGENCE  =  0.100E-05
 BASIS SET = DEF2-SVPD,  TYPE = CARTESIAN
| BASIS FILE = /mnt/home/manathun/Work/fix-delta-density-dft/basis/DEF2-SVPD.BAS

 @ Finish reading job


 @ Begin SAD initial guess

 For Atom Kind =    1
 ELEMENT = C 
 BASIS FUNCTIONS =   22
 For Atom Kind =    2
 ELEMENT = H 
 BASIS FUNCTIONS =    8

 @ Finish SAD initial guess


 @ Begin Reading Molecular Information


 =========== Molecule Input ==========
 TOTAL MOLECULAR CHARGE  =    0    MULTIPLICITY                =    1
 TOTAL ATOM NUMBER       =    5    NUMBER OF ATOM TYPES        =    2
 NUMBER OF HYDROGEN ATOM =    4    NUMBER OF NON-HYDROGEN ATOM =    1
 NUMBER OF ELECTRONS     =   10

 -- INPUT GEOMETRY -- :
    C          -0.0048      -0.0024      -0.0748
    H          -0.9064       0.5182      -0.4497
    H           0.8980       0.5198      -0.4449
    H          -0.0029      -1.0436      -0.4494
    H          -0.0077      -0.0039       1.0341

 -- DISTANCE MATRIX -- :
              1           2           3           4           5
      1     0.00000
      2     2.09110     0.00000
      3     2.09111     3.40972     0.00000
      4     2.09111     3.40972     3.40973     0.00000
      5     2.09545     3.42332     3.42332     3.42332     0.00000

============== BASIS INFOS ==============
 BASIS FUNCTIONS =   54
 NSHELL =   24 NPRIM  =   72
 JSHELL =   24 JBASIS =   38


 @ End Reading Molecular Information 


 @ Begin XC Quadrature Formation

 OCTAGO: OCTree Algorithm for Grid Operations 
   PRUNING CUTOFF       = 0.100E-09
   INITIAL GRID POINTS  =       18824
|   FINAL GRID POINTS    =       12978
|   SIGNIFICANT NUMBER OF BASIS FUNCTIONS     =       11110
|   SIGNIFICANT NUMBER OF PRIMITIVE FUNCTIONS =       12568

 @ End XC Quadrature Formation


 @ Begin Energy Calculation

                                         SCF ENERGY
| ------------------------------------------------------------------------------------------------------------------------
| NCYC       ENERGY         DELTA_E      SCF_TIME  DII_CYC   DII_TIME   O_TIME  DIAG_TIME    MAX_ERR    RMS_CHG    MAX_CHG
| ------------------------------------------------------------------------------------------------------------------------
|  1    -40.392108580      ------         0.049     1        0.02      0.03      0.01    0.1954E+01  0.3569E-01  0.5077E+00
|  2    -40.430913980  0.388054E-01       0.031     2        0.01      0.02      0.01    0.1840E+00  0.1404E-01  0.3147E+00
|  3    -40.428153961  -.276002E-02       0.024     3        0.01      0.01      0.01    0.1793E+00  0.6649E-02  0.1503E+00
|  4    -40.492047952  0.638940E-01       0.026     4        0.01      0.01      0.01    0.4616E-02  0.4812E-03  0.7586E-02
|  5    -40.492099954  0.520017E-04       0.035     5        0.02      0.02      0.01    0.1353E-02  0.1151E-03  0.1527E-02
|  6    -40.492104545  0.459180E-05       0.037     6        0.02      0.02      0.01    0.1899E-03  0.1087E-04  0.1286E-03
|  7    -40.492104601  0.554133E-07       0.039     7        0.02      0.02      0.02    0.1576E-03  0.9122E-06  0.1196E-04
| ------------------------------------------------------------------------------------------------------------------------
| REACH CONVERGENCE AFTER   7 CYCLES
| MAX ERROR = 0.157640E-03   RMS CHANGE = 0.912197E-06   MAX CHANGE = 0.119566E-04
| -----------------------------------------------
 ALPHA ELECTRON DENSITY    =     5.0000101185
 BETA ELECTRON DENSITY     =     5.0000101185
 ELECTRONIC ENERGY    =    -53.719510980
 CORE_CORE REPULSION  =     13.227406379
 TOTAL ENERGY         =    -40.492104601

 @ End Energy calculation


 @ Begin Gradient Calculation

 ANALYTICAL GRADIENT: 
----------------------------------------
 COORDINATE    XYZ            GRADIENT
----------------------------------------
    1X    -0.0047591904    -0.0000018933
    1Y    -0.0023815002     0.0000040647
    1Z    -0.0748073457    -0.0002363483
    2X    -0.9063753092    -0.0041887375
    2Y     0.5182470596     0.0024180195
    2Z    -0.4496639943    -0.0022664711
    3X     0.8979630886     0.0041995854
    3Y     0.5197717197     0.0024273007
    3Z    -0.4448577640    -0.0022441979
    4X    -0.0028837202     0.0000094460
    4Y    -1.0435995397    -0.0048338329
    4Z    -0.4494452543    -0.0022454925
    5X    -0.0077082706    -0.0000179459
    5Y    -0.0039350003    -0.0000062237
    5Z     1.0340534390     0.0069593755
----------------------------------------

 @ End Gradient Calculation


 @ Begin Zmake conversion

  
 Z-MATRIX:

   ATOM  ELEMENTAL  BOND LENGTH    BOND ANGLE    DIHEDRAL ANGLE
  NUMBER  SYMBOL    (ANGSTROMS)    (DEGREES)       (DEGREES)
     I                 I-NA         I-NA-NB        I-NA-NB-NC      NA   NB   NC

     1      C        0.00000  0     0.00000  0      0.00000  0      0    0    0
     2      H        1.10656  1     0.00000  0      0.00000  0      1    0    0
     3      H        1.10657  1   109.23234  1      0.00000  0      1    2    0
     4      H        1.10657  1   109.23222  1   -119.41952  1      1    2    3
     5      H        1.10887  1   109.70930  1    120.29025  1      1    2    3

 @ End Zmake conversion


 @ Begin Charge and Dipole Calculation

    ATOMIC CHARGES
   ATOM          MULLIKEN            LOWDIN
   C              0.0618             0.0298
   H             -0.0175            -0.0022
   H             -0.0175            -0.0023
   H             -0.0173            -0.0108
   H             -0.0095            -0.0145
   TOTAL         0.0000             0.0000

    DIPOLE (DEBYE)
      X         Y         Z        TOTAL
    0.0000   -0.0000   -0.0053    0.0053

 @ End Charge and Dipole Calculation


 @ Output Timing Information

------------- TIMING ---------------
| INITIAL GUESS TIME  =     0.847800000( 18.98%)
| DFT GRID OPERATIONS =     0.017174000(  0.38%)
| TOTAL SCF TIME      =     0.242574000(  5.43%)
|       TOTAL OP TIME      =     0.121919000(  2.73%)
|             TOTAL 1e TIME      =     0.002128000(  0.05%)
|             TOTAL 2e TIME      =     0.036412000(  0.82%)
|             TOTAL EXC TIME     =     0.073969000(  1.66%)
|       TOTAL DII TIME      =     0.120479000(  2.70%)
|             TOTAL DIAG TIME    =     0.076634000(  1.72%)
| TOTAL GRADIENT TIME      =     0.164715000(  3.69%)
|       TOTAL 1e GRADIENT TIME      =     0.036546000( 0.85%)
|       TOTAL 2e GRADIENT TIME      =     0.059019000( 1.32%)
|       TOTAL EXC GRADIENT TIME     =     0.067712000(  1.52%)
| TOTAL TIME          =     4.466499000
------------------------------------
| Job cpu time:  0 days  0 hours  0 minutes  4.5 seconds.

 @ Finish Output Timing Information

| Normal Termination. Task Finished on: Tue May  3 18:23:25 2022
