  *********************************************************************************************************
  **                                                                                                     **
  **           888888888888                                                                              **
  **         8888888888888888                                                                            **
  **      888888888888888888                                                                             **
  **     888888888888888888                                                                              **
  **    888888888888888                                                                                  **
  **   88888888888888888888                               88888                       8888:              **
  **   8888888888888888888888Z                            88888                       8888:              **
  **   888888888888888888888888?                          88888                       8888:              **
  **   8888888888888      8888888                                        888888       8888:              **
  **    88888888888         888888     8888:     88888    88888        888888888I     8888:    888888    **
  **    8888888888           88888:    8888:     88888    88888      $888888888888    8888:   888888     **
  **    I8Z 88888             88888    8888:     88888    88888    .888888     8888   8888: 888888       **
  **    .8Z 88888             88888    8888:     88888    88888    $88888             8888:88888         **
  **     8I 88888      .=88. .88888    8888:     88888    88888    88888              8888888888         **
  **    :8  88888      888888$8888$    8888:     88888    88888    8888O              88888888888        **
  **   ,7   +88888.     8888888888.    8888:     88888    88888    888888             88888O888888       **
  **         $888888:.   .8888888      88888....888888    88888     888888     8888   8888:  888888      **
  **          I8888888888888888888     888888888888888    88888     O888888888888O    8888:   888888     **
  **            O888888888888888888     88888888888888    88888       88888888888$    8888:    888888    **
  **               8888888Z     888      .8888I  88888    88888         8888888       8888:     888888   **
  **                                                                                                     **
  **                                                                                                     **
  **                                         Copyright (c) 2022                                          **
  **                          Regents of the University of California San Diego                          **
  **                                    & Michigan State University                                      **
  **                                        All Rights Reserved.                                         **
  **                                                                                                     **
  **             This software is subject to the terms of the Mozilla Public License, v. 2.0.            **
  **                                                                                                     **
  *********************************************************************************************************
                                                                                                           
  Cite this work as:                                                                                       
  Manathunga, M.; Shajan, A.; Giese, T. J.; Cruzeiro, V.W.D.; Smith, J.; Miao, Y.; He, X.; Ayers, K.;      
  Brothers, E.; Goetz, A.W.; Merz, K.M. QUICK-22.03                                                        
  University of California San Diego, CA and Michigan State University, East Lansing, MI, 2022             
                                                                                                           
  If you have any comments or queries, please send us an email for technical support:                      
  quick.merzlab@gmail.com                                                                                  
                                                                                                           
| TASK STARTS ON: Fri Jul 22 11:19:15 2022
| INPUT FILE :    grad_PH3_b3lyp_def2svpd.in
| OUTPUT FILE:    grad_PH3_b3lyp_def2svpd.out
| DATA FILE  :    grad_PH3_b3lyp_def2svpd.dat
| BASIS SET PATH: /home/madu/test-output-update/basis

|------------ GPU INFORMATION ---------------
| CUDA ENABLED DEVICE         :        3
| CUDA DEVICE IN USE          :        0
| CUDA DEVICE NAME            : NVIDIA TITAN V
| CUDA DEVICE PM              :       80
| CUDA DEVICE CORE FREQ(GHZ)  :     1.46
| CUDA DEVICE MEMORY SIZE (MB):    12066
| SUPPORTING CUDA VERSION     :      7.0
|--------------------------------------------

 @ Read Job And Atom

  KEYWORD=B3LYP  BASIS=DEF2-SVPD CUTOFF=1.0E-9 DENSERMS=1.0E-6 ZMAKE GRADIENT DIPOLE CHARGE=0                                                                                                                     
 ============== JOB CARD =============
 METHOD = DENSITY FUNCTIONAL THEORY
 DENSITY FUNCTIONAL = B3LYP
 DIRECT SCF 
 SAD INITAL GUESS 
 USE DIIS SCF
 PRINT ENERGY EVERY CYCLE
 READ SAD GUESS FROM FILE
 Z-MATRIX CONSTRUCTION
 DIPOLE
 STANDARD GRID = SG1
 GRADIENT CALCULATION
 MAX SCF CYCLES =    200
 MAX DIIS CYCLES =   10
 DELTA DENSITY START CYCLE =    3
 COMPUTATIONAL CUTOFF: 
      TWO-e INTEGRAL   =  0.100E-08
      BASIS SET PRIME  =  0.100E-09
      MATRIX ELEMENTS  =  0.100E-09
      BASIS FUNCTION   =  0.100E-05
      GRADIENT CUTOFF  =  0.100E-08
 DENSITY MATRIX MAXIMUM RMS FOR CONVERGENCE  =  0.100E-05
 BASIS SET = DEF2-SVPD,  TYPE = CARTESIAN
| BASIS FILE = /home/madu/test-output-update/basis/DEF2-SVPD.BAS

 @ Finish reading job


 @ Begin SAD initial guess

 For Atom Kind =    1
 ELEMENT = P 
 BASIS FUNCTIONS =   26
 For Atom Kind =    2
 ELEMENT = H 
 BASIS FUNCTIONS =    8

 @ Finish SAD initial guess


 @ Begin Reading Molecular Information


 =========== Molecule Input ==========
 TOTAL MOLECULAR CHARGE  =    0    MULTIPLICITY                =    1
 TOTAL ATOM NUMBER       =    4    NUMBER OF ATOM TYPES        =    2
 NUMBER OF HYDROGEN ATOM =    3    NUMBER OF NON-HYDROGEN ATOM =    1
 NUMBER OF ELECTRONS     =   18

 -- INPUT GEOMETRY -- :
    P          -1.3784      -0.6787      -0.6594
    H           0.0009      -0.4063      -0.7522
    H          -1.7025      -0.1727      -1.9338
    H          -1.7025       0.5002       0.0410

 -- DISTANCE MATRIX -- :
              1           2           3           4
      1     0.00000
      2     2.66261     0.00000
      3     2.66263     3.94247     0.00000
      4     2.66262     3.94245     3.94246     0.00000

============== BASIS INFOS ==============
 BASIS FUNCTIONS =   50
 NSHELL =   22 NPRIM  =   74
 JSHELL =   22 JBASIS =   38


 @ End Reading Molecular Information 


 @ Begin XC Quadrature Formation

 OCTAGO: OCTree Algorithm for Grid Operations 
   PRUNING CUTOFF       = 0.100E-06
   INITIAL GRID POINTS  =       15016
|   FINAL GRID POINTS    =       10262
|   SIGNIFICANT NUMBER OF BASIS FUNCTIONS     =        7600
|   SIGNIFICANT NUMBER OF PRIMITIVE FUNCTIONS =        8167

 @ End XC Quadrature Formation


 @ Begin Energy Calculation

                                         SCF ENERGY
| ------------------------------------------------------------------------------------------------------------------------
| NCYC       ENERGY         DELTA_E      SCF_TIME  DII_CYC   DII_TIME   O_TIME  DIAG_TIME    MAX_ERR    RMS_CHG    MAX_CHG
| ------------------------------------------------------------------------------------------------------------------------
|  1   -343.006148063      ------         0.049     1        0.01      0.04      0.00    0.1246E+01  0.4256E-01  0.3410E+00
|  2   -343.059468252  0.533202E-01       0.022     2        0.00      0.02      0.00    0.2644E-01  0.1186E-01  0.1534E+00
|  3   -343.061281990  0.181374E-02       0.021     3        0.00      0.02      0.00    0.1797E-01  0.2697E-02  0.6683E-01
|  4   -343.062618761  0.133677E-02       0.021     4        0.00      0.02      0.00    0.1599E-02  0.2615E-03  0.2862E-02
|  5   -343.062629810  0.110496E-04       0.020     5        0.00      0.02      0.00    0.7435E-03  0.9062E-04  0.1323E-02
|  6   -343.062631999  0.218882E-05       0.020     6        0.00      0.02      0.00    0.6848E-04  0.8111E-05  0.7578E-04
|  7   -343.062632016  0.171506E-07       0.020     7        0.00      0.02      0.00    0.2047E-05  0.5577E-06  0.8313E-05
| ------------------------------------------------------------------------------------------------------------------------
| REACH CONVERGENCE AFTER   7 CYCLES
| MAX ERROR = 0.204709E-05   RMS CHANGE = 0.557699E-06   MAX CHANGE = 0.831279E-05
| -----------------------------------------------
 ALPHA ELECTRON DENSITY    =     8.9999742464
 BETA ELECTRON DENSITY     =     8.9999742464
 ELECTRONIC ENERGY    =   -360.724222028
 CORE_CORE REPULSION  =     17.661590012
 TOTAL ENERGY         =   -343.062632016

 @ End Energy calculation


 @ Begin Gradient Calculation

 ANALYTICAL GRADIENT: 
----------------------------------------
 COORDINATE    XYZ            GRADIENT
----------------------------------------
    1X    -1.3784101053     0.0066150209
    1Y    -0.6786700518     0.0175404121
    1Z    -0.6593600504    -0.0061363390
    2X     0.0008900001    -0.0078773571
    2Y    -0.4063000310    -0.0039790205
    2Z    -0.7521600574     0.0014049764
    3X    -1.7025301300     0.0005802980
    3Y    -0.1726700132    -0.0051507150
    3Z    -1.9338001477     0.0071798694
    4X    -1.7025301300     0.0006820382
    4Y     0.5002100382    -0.0084106765
    4Z     0.0409700031    -0.0024485067
----------------------------------------

 @ End Gradient Calculation


 @ Begin Zmake conversion

  
 Z-MATRIX:

   ATOM  ELEMENTAL  BOND LENGTH    BOND ANGLE    DIHEDRAL ANGLE
  NUMBER  SYMBOL    (ANGSTROMS)    (DEGREES)       (DEGREES)
     I                 I-NA         I-NA-NB        I-NA-NB-NC      NA   NB   NC

     1      P        0.00000  0     0.00000  0      0.00000  0      0    0    0
     2      H        1.40899  1     0.00000  0      0.00000  0      1    0    0
     3      H        1.40900  1    95.52004  1      0.00000  0      1    2    0
     4      H        1.40900  1    95.51966  1    -96.10933  1      1    2    3

 @ End Zmake conversion


 @ Begin Charge and Dipole Calculation

    ATOMIC CHARGES
   ATOM          MULLIKEN            LOWDIN
   P             -0.2717             0.5370
   H              0.0906            -0.1876
   H              0.0906            -0.1790
   H              0.0905            -0.1704
   TOTAL        -0.0000            -0.0000

    DIPOLE (DEBYE)
      X         Y         Z        TOTAL
    0.2170    0.5810   -0.1979    0.6510

 @ End Charge and Dipole Calculation


 @ Output Timing Information

------------- TIMING ---------------
| INITIAL GUESS TIME  =     2.044805000( 26.13%)
| DFT GRID OPERATIONS =     0.017576000(  0.22%)
| TOTAL SCF TIME      =     0.176319000(  2.25%)
|       TOTAL OP TIME      =     0.148514000(  1.90%)
|             TOTAL 1e TIME      =     0.002516000(  0.03%)
|             TOTAL 2e TIME      =     0.055461000(  0.71%)
|             TOTAL EXC TIME     =     0.087203000(  1.11%)
|       TOTAL DII TIME      =     0.027681000(  0.35%)
|             TOTAL DIAG TIME    =     0.020361000(  0.26%)
| TOTAL GRADIENT TIME      =     0.172292000(  2.20%)
|       TOTAL 1e GRADIENT TIME      =     0.014835000( 0.20%)
|       TOTAL 2e GRADIENT TIME      =     0.105717000( 1.35%)
|       TOTAL EXC GRADIENT TIME     =     0.051065000(  0.65%)
| TOTAL TIME          =     7.825708000
------------------------------------
| Job cpu time:  0 days  0 hours  0 minutes  7.8 seconds.

 @ Finish Output Timing Information

| Normal Termination. Task Finished on: Fri Jul 22 11:19:23 2022
