  *********************************************************************************************************
  **                                                                                                     **
  **           888888888888                                                                              **
  **         8888888888888888                                                                            **
  **      888888888888888888                                                                             **
  **     888888888888888888                                                                              **
  **    888888888888888                                                                                  **
  **   88888888888888888888                               88888                       8888:              **
  **   8888888888888888888888Z                            88888                       8888:              **
  **   888888888888888888888888?                          88888                       8888:              **
  **   8888888888888      8888888                                        888888       8888:              **
  **    88888888888         888888     8888:     88888    88888        888888888I     8888:    888888    **
  **    8888888888           88888:    8888:     88888    88888      $888888888888    8888:   888888     **
  **    I8Z 88888             88888    8888:     88888    88888    .888888     8888   8888: 888888       **
  **    .8Z 88888             88888    8888:     88888    88888    $88888             8888:88888         **
  **     8I 88888      .=88. .88888    8888:     88888    88888    88888              8888888888         **
  **    :8  88888      888888$8888$    8888:     88888    88888    8888O              88888888888        **
  **   ,7   +88888.     8888888888.    8888:     88888    88888    888888             88888O888888       **
  **         $888888:.   .8888888      88888....888888    88888     888888     8888   8888:  888888      **
  **          I8888888888888888888     888888888888888    88888     O888888888888O    8888:   888888     **
  **            O888888888888888888     88888888888888    88888       88888888888$    8888:    888888    **
  **               8888888Z     888      .8888I  88888    88888         8888888       8888:     888888   **
  **                                                                                                     **
  **                                                                                                     **
  **                                         Copyright (c) 2022                                          **
  **                          Regents of the University of California San Diego                          **
  **                                    & Michigan State University                                      **
  **                                        All Rights Reserved.                                         **
  **                                                                                                     **
  **             This software is subject to the terms of the Mozilla Public License, v. 2.0.            **
  **                                                                                                     **
  *********************************************************************************************************
                                                                                                           
  Cite this work as:                                                                                       
  Manathunga, M.; Shajan, A.; Giese, T. J.; Cruzeiro, V.W.D.; Smith, J.; Miao, Y.; He, X.; Ayers, K.;      
  Brothers, E.; Goetz, A.W.; Merz, K.M. QUICK-22.03                                                        
  University of California San Diego, CA and Michigan State University, East Lansing, MI, 2022             
                                                                                                           
  If you have any comments or queries, please send us an email for technical support:                      
  quick.merzlab@gmail.com                                                                                  
                                                                                                           
| TASK STARTS ON: Fri Jul 22 11:23:16 2022
| INPUT FILE :    grad_daspi_meoh_b3lyp_6-31g.in
| OUTPUT FILE:    grad_daspi_meoh_b3lyp_6-31g.out
| DATA FILE  :    grad_daspi_meoh_b3lyp_6-31g.dat
| BASIS SET PATH: /home/madu/test-output-update/basis

|------------ GPU INFORMATION ---------------
| CUDA ENABLED DEVICE         :        3
| CUDA DEVICE IN USE          :        0
| CUDA DEVICE NAME            : NVIDIA TITAN V
| CUDA DEVICE PM              :       80
| CUDA DEVICE CORE FREQ(GHZ)  :     1.46
| CUDA DEVICE MEMORY SIZE (MB):    12066
| SUPPORTING CUDA VERSION     :      7.0
|--------------------------------------------

 @ Read Job And Atom

  KEYWORD=DFT B3LYP BASIS=6-31G CUTOFF=1.0E-9 DENSERMS=1.0E-6 GRADIENT DIPOLE CHARGE=+1 EXTCHARGES                                                                                                                
 ============== JOB CARD =============
 METHOD = DENSITY FUNCTIONAL THEORY
 DENSITY FUNCTIONAL = B3LYP
 DIRECT SCF 
 SAD INITAL GUESS 
 USE DIIS SCF
 PRINT ENERGY EVERY CYCLE
 READ SAD GUESS FROM FILE
 DIPOLE
 EXTERNAL CHARGES
 STANDARD GRID = SG1
 GRADIENT CALCULATION
 MAX SCF CYCLES =    200
 MAX DIIS CYCLES =   10
 DELTA DENSITY START CYCLE =    3
 COMPUTATIONAL CUTOFF: 
      TWO-e INTEGRAL   =  0.100E-08
      BASIS SET PRIME  =  0.100E-09
      MATRIX ELEMENTS  =  0.100E-09
      BASIS FUNCTION   =  0.100E-05
      GRADIENT CUTOFF  =  0.100E-08
 DENSITY MATRIX MAXIMUM RMS FOR CONVERGENCE  =  0.100E-05
 BASIS SET = 6-31G,  TYPE = CARTESIAN
| BASIS FILE = /home/madu/test-output-update/basis/6-31G.BAS

 @ Finish reading job


 @ Begin SAD initial guess

 For Atom Kind =    1
 ELEMENT = C 
 BASIS FUNCTIONS =    9
 For Atom Kind =    2
 ELEMENT = H 
 BASIS FUNCTIONS =    2
 For Atom Kind =    3
 ELEMENT = N 
 BASIS FUNCTIONS =    9

 @ Finish SAD initial guess


 @ Begin Reading Molecular Information


 =========== Molecule Input ==========
 TOTAL MOLECULAR CHARGE  =    1    MULTIPLICITY                =    1
 TOTAL ATOM NUMBER       =   37    NUMBER OF ATOM TYPES        =    3
 NUMBER OF HYDROGEN ATOM =   19    NUMBER OF NON-HYDROGEN ATOM =   18
 NUMBER OF EXTERNAL POINT CHARGES =   90
 NUMBER OF ELECTRONS     =  128

 -- INPUT GEOMETRY -- :
    C          29.5528      27.9254      29.2792
    C          29.4013      27.1551      30.4624
    C          28.4404      26.1809      30.5857
    C          27.9902      26.4319      28.1747
    C          28.7807      27.5570      28.1479
    H          29.9970      27.4046      31.2527
    C          30.2535      29.2343      29.3373
    C          30.3480      30.1067      28.3463
    C          30.8840      31.4342      28.5803
    C          31.1017      31.9702      29.9558
    C          31.5831      33.2326      30.0678
    H          28.9226      28.1288      27.2551
    C          27.7934      25.7195      29.3711
    H          27.3217      26.0371      27.3487
    H          28.3605      25.6900      31.5263
    C          31.3616      32.2164      27.5010
    C          31.7965      33.4689      27.7502
    H          30.9729      31.3115      30.8085
    H          31.2198      31.9417      26.4434
    N          31.8740      34.0176      29.0037
    H          32.0716      34.1175      26.9479
    H          31.6466      33.7891      31.0041
    N          26.9178      24.6821      29.5020
    C          32.1235      35.4647      29.2350
    H          32.1930      35.7183      30.2679
    H          31.4481      36.0371      28.6504
    H          33.1091      35.6972      28.8296
    C          26.4589      23.9847      30.7093
    H          25.9793      23.0733      30.4018
    H          25.6591      24.6309      31.1113
    H          27.2414      23.7186      31.3910
    C          25.9965      24.4683      28.3258
    H          26.4844      24.1516      27.4178
    H          25.6691      25.4870      28.0875
    H          25.2131      23.8062      28.6889
    H          30.7680      29.5191      30.3403
    H          29.7780      29.9682      27.4608

 -- EXTERNAL POINT CHARGES: (X,Y,Z,Q) -- 
       27.7783    20.5310    31.9636    -0.1000
       27.4349    18.8288    31.6151    -0.0060
       28.2429    18.4365    31.0343     0.1030
       26.4697    18.7008    31.1388     0.1030
       27.3668    17.8438    33.0924    -0.1000
       25.9534    19.8964    28.2687    -0.1000
       27.1350    21.2248    27.8480    -0.0060
       26.9690    22.1792    28.3594     0.1030
       27.1258    21.4320    26.7782     0.1030
       28.7712    20.7156    28.4032    -0.1000
       26.9171    27.3287    24.7316    -0.1000
       26.6537    27.8001    23.0606    -0.0060
       25.8765    27.2031    22.7329     0.1030
       27.5670    27.5215    22.5307     0.1030
       26.1635    29.4830    22.8070    -0.1000
       34.7152    32.7998    24.9951    -0.1000
       33.9294    33.3819    23.4830    -0.0060
       33.9392    32.6073    22.6770     0.1030
       34.3753    34.3116    23.2095     0.1030
       32.2516    33.8925    23.9451    -0.1000
       27.5717    25.2236    34.3361    -0.1000
       26.0334    26.1501    34.4483    -0.0060
       25.8348    26.3447    35.5080     0.1030
       25.2437    25.4422    34.1182     0.1030
       26.0459    27.6906    33.5438    -0.1000
       32.9507    30.2905    33.1516    -0.1000
       33.1224    30.1052    34.8449    -0.0060
       33.6889    29.2107    35.0259     0.1030
       32.0631    30.0661    35.2301     0.1030
       33.9823    31.4165    35.6650    -0.1000
       33.0675    28.8653    25.7132    -0.1000
       32.3794    27.1492    25.8208    -0.0060
       32.5093    26.8218    26.8537     0.1030
       32.9534    26.5358    25.1390     0.1030
       30.6507    27.1655    25.3368    -0.1000
       35.3332    38.4544    29.0756    -0.1000
       34.7264    38.3321    30.6854    -0.0060
       34.0196    37.5132    30.6708     0.1030
       34.1374    39.2128    30.9715     0.1030
       36.0408    38.1409    31.7711    -0.1000
       28.0526    35.2874    25.7592    -0.1000
       27.9755    36.2134    24.1805    -0.0060
       27.0058    36.0781    23.7437     0.1030
       28.7722    35.7564    23.6096     0.1030
       28.4453    37.9310    24.3234    -0.1000
       29.7608    35.7887    31.7145    -0.1000
       28.9730    36.4598    33.1365    -0.0060
       29.5908    37.3296    33.4470     0.1030
       28.9217    35.7050    33.8936     0.1030
       27.3329    36.9815    32.8049    -0.1000
       32.4266    27.0635    30.9581    -0.1000
       34.1659    26.7537    30.6135    -0.0060
       34.2470    26.4875    29.5606     0.1030
       34.5731    25.9656    31.2793     0.1030
       35.1106    28.1601    30.7805    -0.1000
       32.0045    34.6342    33.9020    -0.1000
       33.3750    35.7198    34.0299    -0.0060
       33.3342    36.2268    34.9522     0.1030
       33.3346    36.4803    33.2814     0.1030
       34.8809    34.7759    33.8484    -0.1000
       27.5780    30.8220    32.9952    -0.1000
       27.2408    32.3386    32.0828    -0.0060
       26.2962    32.1221    31.6343     0.1030
       28.0253    32.6358    31.4331     0.1030
       26.9108    33.5861    33.3016    -0.1000
       29.0987    32.0699    24.1921    -0.1000
       29.1074    31.8345    22.4501    -0.0060
       29.7471    32.5342    21.8068     0.1030
       28.1408    31.9779    22.0933     0.1030
       29.5244    30.1073    22.1785    -0.1000
       31.8841    36.6975    26.3105    -0.1000
       31.9153    38.1100    25.1883    -0.0060
       31.0115    38.6612    25.4968     0.1030
       31.8560    37.7576    24.2184     0.1030
       33.3195    39.1718    25.5579    -0.1000
       32.3085    26.6381    34.6528    -0.1000
       30.5923    26.3596    34.1808    -0.0060
       30.0222    25.8710    34.9661     0.1030
       30.6210    25.7263    33.3106     0.1030
       29.7332    27.9141    34.0118    -0.1000
       23.1189    25.1828    30.0110    -0.1000
       21.6158    25.4091    30.7767    -0.0060
       21.0575    24.4481    30.6870     0.1030
       21.1228    26.2539    30.2596     0.1030
       21.8465    25.8107    32.4524    -0.1000
       25.7296    22.8293    24.6812    -0.1000
       24.5337    23.9046    24.0699    -0.0060
       23.6716    23.3973    23.6086     0.1030
       25.1199    24.5221    23.3988     0.1030
       23.9475    25.0716    25.2872    -0.1000

============== BASIS INFOS ==============
 BASIS FUNCTIONS =  200
 NSHELL =   92 NPRIM  =  472
 JSHELL =   92 JBASIS =  256


 @ End Reading Molecular Information 


 @ Begin XC Quadrature Formation

 OCTAGO: OCTree Algorithm for Grid Operations 
   PRUNING CUTOFF       = 0.100E-06
   INITIAL GRID POINTS  =      139976
|   FINAL GRID POINTS    =       89223
|   SIGNIFICANT NUMBER OF BASIS FUNCTIONS     =       82598
|   SIGNIFICANT NUMBER OF PRIMITIVE FUNCTIONS =       96702

 @ End XC Quadrature Formation


 @ Begin Energy Calculation

                                         SCF ENERGY
| ------------------------------------------------------------------------------------------------------------------------
| NCYC       ENERGY         DELTA_E      SCF_TIME  DII_CYC   DII_TIME   O_TIME  DIAG_TIME    MAX_ERR    RMS_CHG    MAX_CHG
| ------------------------------------------------------------------------------------------------------------------------
|  1   -736.642911843      ------         0.308     1        0.01      0.30      0.01    0.2513E+01  0.3310E-01  0.5317E+00
|  2   -730.040586762  -.660233E+01       0.271     2        0.01      0.26      0.01    0.1471E+00  0.1379E-01  0.3623E+00
|  3   -729.603886143  -.436701E+00       0.263     3        0.01      0.25      0.01    0.2915E+00  0.1173E-01  0.3691E+00
|  4   -730.136863511  0.532977E+00       0.261     4        0.01      0.25      0.01    0.7617E-01  0.3648E-02  0.6839E-01
|  5   -730.208377208  0.715137E-01       0.252     5        0.01      0.24      0.00    0.1954E-01  0.1129E-02  0.2493E-01
|  6   -730.209875766  0.149856E-02       0.242     6        0.01      0.23      0.00    0.1468E-01  0.6307E-03  0.1568E-01
|  7   -730.211257421  0.138166E-02       0.238     7        0.01      0.23      0.00    0.4664E-02  0.2347E-03  0.4603E-02
|  8   -730.211501302  0.243881E-03       0.229     8        0.01      0.22      0.00    0.1844E-02  0.6958E-04  0.1903E-02
|  9   -730.211528963  0.276610E-04       0.221     9        0.01      0.21      0.00    0.3996E-03  0.2723E-04  0.5157E-03
| 10   -730.211530769  0.180514E-05       0.213    10        0.01      0.20      0.00    0.1509E-03  0.8708E-05  0.1715E-03
| 11   -730.211530985  0.216747E-06       0.204     1        0.01      0.19      0.00    0.1183E-03  0.3383E-05  0.7790E-04
| 12   -730.211531048  0.622586E-07       0.197     2        0.01      0.19      0.00    0.1680E-04  0.9148E-06  0.1814E-04
| ------------------------------------------------------------------------------------------------------------------------
| REACH CONVERGENCE AFTER  12 CYCLES
| MAX ERROR = 0.167993E-04   RMS CHANGE = 0.914801E-06   MAX CHANGE = 0.181419E-04
| -----------------------------------------------
 ALPHA ELECTRON DENSITY    =    63.9999042594
 BETA ELECTRON DENSITY     =    63.9999042594
 ELECTRONIC ENERGY    =  -1886.332244007
 CORE_CORE REPULSION  =   1156.120712960
 EXT CHARGE REPULSION =     -0.080486475
 TOTAL ENERGY         =   -730.211531048

 @ End Energy calculation


 @ Begin Gradient Calculation

 ANALYTICAL GRADIENT: 
----------------------------------------
 COORDINATE    XYZ            GRADIENT
----------------------------------------
    1X    29.5527779168    -0.0019217521
    1Y    27.9253579725    -0.0282262147
    1Z    29.2791665159    -0.0043944699
    2X    29.4012849852     0.0259605150
    2Y    27.1550973037    -0.0028332660
    2Z    30.4624370562     0.0356243457
    3X    28.4404411618    -0.0207520816
    3Y    26.1808617793     0.0040063231
    3Z    30.5856991356     0.0345546167
    4X    27.9901940074     0.0339010491
    4Y    26.4318889584     0.0194688099
    4Z    28.1747062315     0.0236503993
    5X    28.7807096478    -0.0155763053
    5Y    27.5570135344     0.0045446166
    5Z    28.1479074095    -0.0036155879
    6X    29.9969568207    -0.0276743801
    6Y    27.4046166227    -0.0140731821
    6Z    31.2526581866    -0.0460571654
    7X    30.2535046703    -0.0048002336
    7Y    29.2342656624     0.0591127423
    7Z    29.3373017103    -0.0616560761
    8X    30.3479674475     0.0032139138
    8Y    30.1067067591    -0.0553313813
    8Z    28.3462911746     0.0031384918
    9X    30.8840012884    -0.0172822857
    9Y    31.4341647404     0.0169319069
    9Z    28.5802623425    -0.0259228887
   10X    31.1017004250    -0.0024397549
   10Y    31.9702019814     0.0275385015
   10Z    29.9558501575     0.0461070951
   11X    31.5830931818     0.0070263302
   11Y    33.2325725478    -0.0176064227
   11Z    30.0677963061    -0.0319387325
   12X    28.9225729386     0.0058108369
   12Y    28.1287809980    -0.0024624524
   12Z    27.2551297613     0.0117012611
   13X    27.7934345124    -0.0016077978
   13Y    25.7194801540    -0.0002180715
   13Z    29.3711025229    -0.0679411407
   14X    27.3216571264    -0.0312497383
   14Y    26.0371291083    -0.0247454745
   14Z    27.3487003885    -0.0091000932
   15X    28.3604790257     0.0081341785
   15Y    25.6900393718     0.0097986459
   15Z    31.5263262075    -0.0091699649
   16X    31.3616074249     0.0263187523
   16Y    32.2163986002     0.0065629843
   16Z    27.5010091901     0.0063512577
   17X    31.7964695281    -0.0117312241
   17Y    33.4688935158    -0.0359513336
   17Z    27.7501920691     0.0025503052
   18X    30.9729122552     0.0057068539
   18Y    31.3115305911    -0.0101352974
   18Z    30.8085444727    -0.0000684916
   19X    31.2198211541    -0.0052747166
   19Y    31.9417474692     0.0048812374
   19Z    26.4433555793    -0.0141290275
   20X    31.8740097740     0.0050576180
   20Y    34.0175874277     0.0008472526
   20Z    29.0037038948     0.0036467208
   21X    32.0716379091    -0.0043999247
   21Y    34.1174838853    -0.0082746866
   21Z    26.9478938078     0.0078637273
   22X    31.6465906567    -0.0021649145
   22Y    33.7891369503     0.0130103908
   22Z    31.0040643376    -0.0013853746
   23X    26.9178275155     0.0087101120
   23Y    24.6820841948     0.0195791649
   23Z    29.5019688629     0.0490913282
   24X    32.1234534231    -0.0352641265
   24Y    35.4646866682     0.0151305609
   24Z    29.2350163625     0.0289325033
   25X    32.1930104884     0.0121832805
   25Y    35.7183077376     0.0008301884
   25Z    30.2678891114    -0.0161989934
   26X    31.4481262815     0.0211268923
   26Y    36.0371042919    -0.0136003481
   26Z    28.6504272179     0.0020329472
   27X    33.1091038083    -0.0053947092
   27Y    35.6972320660     0.0002061739
   27Z    28.8296380115     0.0030495065
   28X    26.4588875605     0.0109427019
   28Y    23.9846747416    -0.0244611828
   28Z    30.7093357451     0.0094714351
   29X    25.9792790839     0.0018904548
   29Y    23.0732737520     0.0117113520
   29Z    30.4017866716     0.0027998456
   30X    25.6591467194    -0.0063692568
   30Y    24.6309252509     0.0064742480
   30Z    31.1113290058    -0.0158803948
   31X    27.2414234503    -0.0089382074
   31Y    23.7186514012    -0.0046332733
   31Z    31.3910395971    -0.0110525601
   32X    25.9964930952    -0.0069823928
   32Y    24.4682587585    -0.0217826890
   32Z    28.3257691231    -0.0247485721
   33X    26.4843734224    -0.0071651121
   33Y    24.1516432543     0.0165314707
   33Z    27.4178039637     0.0041910329
   34X    25.6690650202     0.0208357929
   34Y    25.4870096363     0.0064547612
   34Z    28.0875113149     0.0014655574
   35X    25.2131356254     0.0044527905
   35Y    23.8062476779    -0.0026972290
   35Z    28.6888850108     0.0127799284
   36X    30.7680193296     0.0187771795
   36Y    29.5191114642     0.0199296409
   36Z    30.3402972869     0.0335044024
   37X    29.7779811240    -0.0024016206
   37Y    29.9682401085     0.0039080245
   37Z    27.4608226670     0.0218422080
----------------------------------------

 POINT CHARGE GRADIENT: 
----------------------------------------
 COORDINATE    XYZ            GRADIENT
----------------------------------------
    1X    27.7783019513     0.0001197219
    1Y    20.5310387878    -0.0004429570
    1Z    31.9636517509     0.0001150621
    2X    27.4348579750     0.0000022206
    2Y    18.8287763078    -0.0000172674
    2Z    31.6151502143     0.0000032113
    3X    28.2428885067    -0.0000553415
    3Y    18.4365259479     0.0002537489
    3Z    31.0342625699    -0.0000229216
    4X    26.4697451013    -0.0000004611
    4Y    18.7008049081     0.0003116887
    4Z    31.1387748679    -0.0000432966
    5X    27.3668300098     0.0000089965
    5Y    17.8437931426    -0.0002020467
    5Z    33.0923578871     0.0000714562
    6X    25.9534519419     0.0000063401
    6Y    19.8963714394    -0.0003769888
    6Z    28.2686690387    -0.0001166332
    7X    27.1350481321     0.0000103570
    7Y    21.2248116108    -0.0000207861
    7Z    27.8479988566    -0.0000087611
    8X    26.9689791495    -0.0004638619
    8Y    22.1792421937     0.0002825635
    8Z    28.3593549656     0.0002168347
    9X    27.1258350314    -0.0001214548
    9Y    21.4319553666     0.0003812435
    9Z    26.7782354249     0.0001547931
   10X    28.7711980471     0.0001437347
   10Y    20.7155667019    -0.0002336702
   10Z    28.4031680090    -0.0000804421
   11X    26.9171243755    -0.0001827111
   11Y    27.3287020869    -0.0000271637
   11Z    24.7315762586    -0.0004794884
   12X    26.6536741254    -0.0000084172
   12Y    27.8001268429    -0.0000035067
   12Z    23.0606465910    -0.0000198217
   13X    25.8765391960     0.0001390424
   13Y    27.2031512873     0.0000518752
   13Z    22.7329494960     0.0002984403
   14X    27.5670336251     0.0000798130
   14Y    27.5214794216     0.0000991214
   14Z    22.5306729805     0.0003342676
   15X    26.1635307179    -0.0001866000
   15Y    29.4830389814    -0.0000143989
   15Z    22.8069558616    -0.0002810600
   16X    34.7152451510     0.0005748520
   16Y    32.7997812547    -0.0001532714
   16Z    24.9950596487    -0.0004438068
   17X    33.9293587710     0.0000203865
   17Y    33.3819362292    -0.0000005322
   17Z    23.4829791833    -0.0000329515
   18X    33.9391537417    -0.0002487228
   18Y    32.6072672800     0.0000478770
   18Z    22.6769785817     0.0004519093
   19X    34.3752999050    -0.0003005766
   19Y    34.3116085702    -0.0000703581
   19Z    23.2094837024     0.0004760364
   20X    32.2515569429     0.0001837583
   20Y    33.8925411582     0.0001322084
   20Z    23.9451489185    -0.0009562019
   21X    27.5716697355    -0.0001018047
   21Y    25.2235822262    -0.0000523405
   21Z    34.3360801520     0.0005394739
   22X    26.0334187980    -0.0000108056
   22Y    26.1501255569     0.0000022808
   22Z    34.4482600006     0.0000209932
   23X    25.8347806528     0.0001436245
   23Y    26.3447085118     0.0000058379
   23Z    35.5080504915    -0.0002933922
   24X    25.2436896577     0.0002173238
   24Y    25.4421911729    -0.0000243873
   24Z    34.1181704754    -0.0003941946
   25X    26.0459423090    -0.0001987091
   25Y    27.6906203246     0.0000914939
   25Z    33.5437937815     0.0002191165
   26X    32.9507263862     0.0004645065
   26Y    30.2904553431    -0.0002467031
   26Z    33.1516266416     0.0005761622
   27X    33.1223665794     0.0000128045
   27Y    30.1052093789    -0.0000076789
   27Z    34.8448870309     0.0000250599
   28X    33.6889317426    -0.0002156214
   28Y    29.2106878706     0.0001379306
   28Z    35.0259186447    -0.0003319862
   29X    32.0631066785    -0.0001209448
   29Y    30.0661112760     0.0001100566
   29Z    35.2300632203    -0.0004693063
   30X    33.9823278850     0.0001872660
   30Y    31.4165220491    -0.0000570152
   30Z    35.6650381835     0.0003509605
   31X    33.0675144652     0.0003186279
   31Y    28.8652678643    -0.0004087200
   31Z    25.7131951736    -0.0001777823
   32X    32.3794034626     0.0000125699
   32Y    27.1492246932    -0.0000202124
   32Z    25.8208176818    -0.0000066637
   33X    32.5093288225    -0.0001547009
   33Y    26.8218098582     0.0003275976
   33Z    26.8537368507     0.0000388705
   34X    32.9533749764    -0.0001745856
   34Y    26.5358474264     0.0002630771
   34Z    25.1390416497     0.0001369067
   35X    30.6506885906     0.0002642166
   35Y    27.1654873345    -0.0004644124
   35Z    25.3368260048    -0.0002536915
   36X    35.3332138382     0.0004469494
   36Y    38.4544153965     0.0004923447
   36Z    29.0756365503     0.0000124995
   37X    34.7264085418     0.0000254093
   37Y    38.3320557572     0.0000322048
   37Z    30.6853582033     0.0000130070
   38X    34.0196493279    -0.0006783661
   38Y    37.5131952147    -0.0008321905
   38Z    30.6707905821    -0.0004167607
   39X    34.1374343869    -0.0002583132
   39Y    39.2128079444    -0.0005262435
   39Z    30.9714853751    -0.0001973000
   40X    36.0407925722     0.0003345441
   40Y    38.1409193526     0.0002850102
   40Z    31.7710809362     0.0001927755
   41X    28.0526249922    -0.0004935700
   41Y    35.2874138647     0.0002332941
   41Z    25.7591624171    -0.0003071184
   42X    27.9755345363    -0.0000165767
   42Y    36.2134142554     0.0000127537
   42Z    24.1805110465    -0.0000178607
   43X    27.0058405823     0.0002426453
   43Y    36.0780778851    -0.0001647354
   43Z    23.7436544432     0.0002406817
   44X    28.7721735572     0.0002543346
   44Y    35.7563667705    -0.0002159946
   44Z    23.6095708929     0.0003883127
   45X    28.4453245722    -0.0002031532
   45Y    37.9309951466     0.0002588099
   45Z    24.3233704674    -0.0002506509
   46X    29.7607654026    -0.0007855294
   46Y    35.7887239030     0.0005177933
   46Z    31.7144653318     0.0005640318
   47X    28.9730487425    -0.0000204756
   47Y    36.4598059842     0.0000178833
   47Z    33.1364724604     0.0000232830
   48X    29.5908397697     0.0002397986
   48Y    37.3295627806    -0.0003404329
   48Z    33.4469567841    -0.0003864935
   49X    28.9216770986     0.0003042934
   49Y    35.7049738766    -0.0002238531
   49Z    33.8936010482    -0.0004211314
   50X    27.3328897272    -0.0002881852
   50Y    36.9814668540     0.0002174730
   50Z    32.8048877851     0.0002132530
   51X    32.4266106462     0.0004687279
   51Y    27.0634763367    -0.0005447607
   51Z    30.9580764041    -0.0001132051
   52X    34.1659475890     0.0000166380
   52Y    26.7536909330    -0.0000178030
   52Z    30.6134557278    -0.0000004698
   53X    34.2470302152    -0.0002233486
   53Y    26.4875372827     0.0002815035
   53Z    29.5605685074     0.0000505488
   54X    34.5730699401    -0.0002403197
   54Y    25.9655547528     0.0002467976
   54Z    31.2793011486    -0.0000345527
   55X    35.1106354512     0.0003432284
   55Y    28.1601248104    -0.0002591846
   55Z    30.7805077305     0.0000407931
   56X    32.0044560340     0.0000868783
   56Y    34.6342466748     0.0001973553
   56Z    33.9019611189     0.0008908863
   57X    33.3750387786     0.0000150912
   57Y    35.7197743777     0.0000139364
   57Z    34.0299018787     0.0000360261
   58X    33.3341911055    -0.0001495387
   58Y    36.2267780664    -0.0001998616
   58Z    34.9521799491    -0.0004496705
   59X    33.3345630456    -0.0003049225
   59Y    36.4802932658    -0.0003939881
   59Z    33.2814352915    -0.0006731138
   60X    34.8808869036     0.0003706011
   60Y    34.7759194656     0.0000890446
   60Z    33.8483748148     0.0004366000
   61X    27.5779829360    -0.0003974197
   61Y    30.8220519137    -0.0000244872
   61Z    32.9952005696     0.0002800016
   62X    27.2408487602    -0.0000271476
   62Y    32.3386068395     0.0000018257
   62Z    32.0827586900     0.0000129905
   63X    26.2962376081     0.0003900787
   63Y    32.1220810930    -0.0000269997
   63Z    31.6343022857    -0.0001527053
   64X    28.0252985101     0.0006005990
   64Y    32.6358281922    -0.0000339406
   64Z    31.4331316604    -0.0002014096
   65X    26.9107668150    -0.0003365521
   65Y    33.5860696648     0.0000820221
   65Z    33.3016431830     0.0002518176
   66X    29.0986871321    -0.0004315574
   66Y    32.0698529490     0.0000343494
   66Z    24.1920594574    -0.0006544187
   67X    29.1074034328    -0.0000095186
   67Y    31.8345152610    -0.0000004780
   67Z    22.4500654644    -0.0000274934
   68X    29.7470791716     0.0000981090
   68Y    32.5342002344    -0.0000173881
   68Z    21.8067618752     0.0004434030
   69X    28.1407971289     0.0001721395
   69Y    31.9778538820    -0.0000154828
   69Z    22.0932808671     0.0003695766
   70X    29.5244111746    -0.0000647893
   70Y    30.1072639891    -0.0000959857
   70Z    22.1785197936    -0.0004164461
   71X    31.8841298048     0.0000070975
   71Y    36.6975495524     0.0010095734
   71Z    26.3104930992    -0.0009514805
   72X    31.9153262572     0.0000006791
   72Y    38.1100405002     0.0000306681
   72Z    25.1883188735    -0.0000263058
   73X    31.0114907382     0.0000968002
   73Y    38.6612511923    -0.0005041946
   73Z    25.4968022270     0.0003565760
   74X    31.8559983526    -0.0000074212
   74Y    37.7576353133    -0.0003990012
   74Z    24.2183814294     0.0004416178
   75X    33.3194606444     0.0001338376
   75Y    39.1718485913     0.0004267629
   75Z    25.5579468717    -0.0002714050
   76X    32.3084937272     0.0001873325
   76Y    26.6381374242    -0.0001935274
   76Z    34.6527932962     0.0002968443
   77X    30.5923036561     0.0000098694
   77Y    26.3596111429    -0.0000127082
   77Z    34.1807618402     0.0000268914
   78X    30.0221852926    -0.0000947230
   78Y    25.8709580956     0.0001538817
   78Z    34.9660955201    -0.0003992329
   79X    30.6210223083    -0.0003233499
   79Y    25.7263505746     0.0003550402
   79Z    33.3105910737    -0.0004026953
   80X    29.7331594905    -0.0000837314
   80Y    27.9140732116    -0.0000830452
   80Z    34.0118480973     0.0005656121
   81X    23.1189098154    -0.0006175464
   81Y    25.1828173131     0.0001381240
   81Z    30.0109792418     0.0000547703
   82X    21.6157782607    -0.0000220268
   82Y    25.4090758403     0.0000012292
   82Z    30.7767224002     0.0000048525
   83X    21.0575347180     0.0003455967
   83Y    24.4481097370     0.0000392788
   83Z    30.6869931934    -0.0000667984
   84X    21.1227653030     0.0003175231
   84Y    26.2539004548    -0.0000344820
   84Z    30.2596394807    -0.0000444487
   85X    21.8464643683    -0.0002960173
   85Y    25.8107518610     0.0000220398
   85Z    32.4524416982     0.0001480955
   86X    25.7295658848    -0.0000903915
   86Y    22.8292620433    -0.0002863396
   86Z    24.6812184848    -0.0003527775
   87X    24.5337136435    -0.0000105916
   87Y    23.9045925554    -0.0000090573
   87Z    24.0698836981    -0.0000186110
   88X    23.6715987777     0.0001574930
   88Y    23.3972771967     0.0001300208
   88Z    23.6085840428     0.0002273790
   89X    25.1198612182     0.0001362904
   89Y    24.5220602526     0.0001249747
   89Z    23.3988180368     0.0003174736
   90X    23.9474551887    -0.0003510640
   90Y    25.0716044546    -0.0000705043
   90Z    25.2872358310    -0.0003525798
----------------------------------------

 @ End Gradient Calculation


 @ Begin Charge and Dipole Calculation

    ATOMIC CHARGES
   ATOM          MULLIKEN            LOWDIN
   C              0.0729            -0.0589
   C             -0.1637            -0.0821
   C             -0.1189            -0.1461
   C             -0.1303            -0.1583
   C             -0.1691            -0.0737
   H              0.1377             0.1247
   C             -0.1287            -0.0358
   C             -0.1454            -0.1659
   C              0.0402             0.0659
   C             -0.1182            -0.1206
   C              0.1208             0.0020
   H              0.1536             0.1292
   C              0.3250             0.0884
   H              0.1502             0.1337
   H              0.1400             0.1283
   C             -0.1343            -0.1113
   C              0.1328             0.0100
   H              0.1925             0.1548
   H              0.1998             0.1610
   N             -0.5513            -0.0326
   H              0.2091             0.1519
   H              0.2053             0.1484
   N             -0.6030            -0.1534
   C             -0.2643            -0.1906
   H              0.1860             0.1394
   H              0.2190             0.1480
   H              0.2091             0.1420
   C             -0.2475            -0.1948
   H              0.1685             0.1238
   H              0.1788             0.1227
   H              0.1828             0.1312
   C             -0.2796            -0.2086
   H              0.1738             0.1168
   H              0.1825             0.1242
   H              0.1659             0.1287
   H              0.1534             0.1250
   H              0.1549             0.1324
   TOTAL         1.0000             1.0000

    DIPOLE (DEBYE)
      X         Y         Z        TOTAL
    2.4752    8.9025    0.0213    9.2403

 @ End Charge and Dipole Calculation


 @ Output Timing Information

------------- TIMING ---------------
| INITIAL GUESS TIME  =     0.753733000(  6.46%)
| DFT GRID OPERATIONS =     0.208016000(  1.78%)
| TOTAL SCF TIME      =     2.950180000( 25.27%)
|       TOTAL OP TIME      =     2.832640000( 24.27%)
|             TOTAL 1e TIME      =     0.051002000(  0.44%)
|             TOTAL 2e TIME      =     1.663010000( 14.25%)
|             TOTAL EXC TIME     =     1.058127000(  9.07%)
|       TOTAL DII TIME      =     0.115822000(  0.99%)
|             TOTAL DIAG TIME    =     0.057433000(  0.49%)
| TOTAL GRADIENT TIME      =     2.457501000( 21.05%)
|       TOTAL 1e GRADIENT TIME      =     0.332414000( 3.09%)
|       TOTAL 2e GRADIENT TIME      =     1.701871000(14.58%)
|       TOTAL EXC GRADIENT TIME     =     0.393783000(  3.37%)
| TOTAL TIME          =    11.672365000
------------------------------------
| Job cpu time:  0 days  0 hours  0 minutes 11.7 seconds.

 @ Finish Output Timing Information

| Normal Termination. Task Finished on: Fri Jul 22 11:23:28 2022
