  *********************************************************************************************************
  **                                                                                                     **
  **           888888888888                                                                              **
  **         8888888888888888                                                                            **
  **      888888888888888888                                                                             **
  **     888888888888888888                                                                              **
  **    888888888888888                                                                                  **
  **   88888888888888888888                               88888                       8888:              **
  **   8888888888888888888888Z                            88888                       8888:              **
  **   888888888888888888888888?                          88888                       8888:              **
  **   8888888888888      8888888                                        888888       8888:              **
  **    88888888888         888888     8888:     88888    88888        888888888I     8888:    888888    **
  **    8888888888           88888:    8888:     88888    88888      $888888888888    8888:   888888     **
  **    I8Z 88888             88888    8888:     88888    88888    .888888     8888   8888: 888888       **
  **    .8Z 88888             88888    8888:     88888    88888    $88888             8888:88888         **
  **     8I 88888      .=88. .88888    8888:     88888    88888    88888              8888888888         **
  **    :8  88888      888888$8888$    8888:     88888    88888    8888O              88888888888        **
  **   ,7   +88888.     8888888888.    8888:     88888    88888    888888             88888O888888       **
  **         $888888:.   .8888888      88888....888888    88888     888888     8888   8888:  888888      **
  **          I8888888888888888888     888888888888888    88888     O888888888888O    8888:   888888     **
  **            O888888888888888888     88888888888888    88888       88888888888$    8888:    888888    **
  **               8888888Z     888      .8888I  88888    88888         8888888       8888:     888888   **
  **                                                                                                     **
  **                                                                                                     **
  **                                         Copyright (c) 2022                                          **
  **                          Regents of the University of California San Diego                          **
  **                                    & Michigan State University                                      **
  **                                        All Rights Reserved.                                         **
  **                                                                                                     **
  **             This software is subject to the terms of the Mozilla Public License, v. 2.0.            **
  **                                                                                                     **
  *********************************************************************************************************
                                                                                                           
  Cite this work as:                                                                                       
  Manathunga, M.; Shajan, A.; Giese, T. J.; Cruzeiro, V.W.D.; Smith, J.; Miao, Y.; He, X.; Ayers, K.;      
  Brothers, E.; Goetz, A.W.; Merz, K.M. QUICK-22.03                                                        
  University of California San Diego, CA and Michigan State University, East Lansing, MI, 2022             
                                                                                                           
  If you have any comments or queries, please send us an email for technical support:                      
  quick.merzlab@gmail.com                                                                                  
                                                                                                           
| TASK STARTS ON: Tue May  3 18:22:55 2022
| INPUT FILE :    grad_PH3_b3lyp_def2svp.in
| OUTPUT FILE:    grad_PH3_b3lyp_def2svp.out
| DATA FILE  :    grad_PH3_b3lyp_def2svp.dat
| BASIS SET PATH: /mnt/home/manathun/Work/fix-delta-density-dft/basis

|------------ GPU INFORMATION ---------------
| CUDA ENABLED DEVICE         :        4
| CUDA DEVICE IN USE          :        0
| CUDA DEVICE NAME            : Tesla V100S-PCIE-32GB
| CUDA DEVICE PM              :       80
| CUDA DEVICE CORE FREQ(GHZ)  :     1.60
| CUDA DEVICE MEMORY SIZE (MB):    32510
| SUPPORTING CUDA VERSION     :      7.0
|--------------------------------------------

 @ Read Job And Atom

  KEYWORD=B3LYP  BASIS=DEF2-SVP CUTOFF=1.0E-9 DENSERMS=1.0E-6 ZMAKE GRADIENT DIPOLE CHARGE=0                                                                                                                      
 ============== JOB CARD =============
 METHOD = DENSITY FUNCTIONAL THEORY
 DENSITY FUNCTIONAL = B3LYP
 DIRECT SCF 
 SAD INITAL GUESS 
 USE DIIS SCF
 PRINT ENERGY EVERY CYCLE
 READ SAD GUESS FROM FILE
 Z-MATRIX CONSTRUCTION
 DIPOLE
 STANDARD GRID = SG1
 GRADIENT CALCULATION
 MAX SCF CYCLES =    200
 MAX DIIS CYCLES =   10
 DELTA DENSITY START CYCLE =    5
 COMPUTATIONAL CUTOFF: 
      TWO-e INTEGRAL   =  0.100E-08
      BASIS SET PRIME  =  0.100E-09
      MATRIX ELEMENTS  =  0.100E-09
      BASIS FUNCTION   =  0.100E-09
      GRADIENT CUTOFF  =  0.100E-08
 DENSITY MATRIX MAXIMUM RMS FOR CONVERGENCE  =  0.100E-05
 BASIS SET = DEF2-SVP,  TYPE = CARTESIAN
| BASIS FILE = /mnt/home/manathun/Work/fix-delta-density-dft/basis/DEF2-SVP.BAS

 @ Finish reading job


 @ Begin SAD initial guess

 For Atom Kind =    1
 ELEMENT = P 
 BASIS FUNCTIONS =   19
 For Atom Kind =    2
 ELEMENT = H 
 BASIS FUNCTIONS =    5

 @ Finish SAD initial guess


 @ Begin Reading Molecular Information


 =========== Molecule Input ==========
 TOTAL MOLECULAR CHARGE  =    0    MULTIPLICITY                =    1
 TOTAL ATOM NUMBER       =    4    NUMBER OF ATOM TYPES        =    2
 NUMBER OF HYDROGEN ATOM =    3    NUMBER OF NON-HYDROGEN ATOM =    1
 NUMBER OF ELECTRONS     =   18

 -- INPUT GEOMETRY -- :
    P          -1.3784      -0.6787      -0.6594
    H           0.0009      -0.4063      -0.7522
    H          -1.7025      -0.1727      -1.9338
    H          -1.7025       0.5002       0.0410

 -- DISTANCE MATRIX -- :
              1           2           3           4
      1     0.00000
      2     2.66261     0.00000
      3     2.66263     3.94247     0.00000
      4     2.66262     3.94245     3.94246     0.00000

============== BASIS INFOS ==============
 BASIS FUNCTIONS =   34
 NSHELL =   17 NPRIM  =   58
 JSHELL =   17 JBASIS =   33


 @ End Reading Molecular Information 


 @ Begin XC Quadrature Formation

 OCTAGO: OCTree Algorithm for Grid Operations 
   PRUNING CUTOFF       = 0.100E-09
   INITIAL GRID POINTS  =       15016
|   FINAL GRID POINTS    =       10319
|   SIGNIFICANT NUMBER OF BASIS FUNCTIONS     =        5270
|   SIGNIFICANT NUMBER OF PRIMITIVE FUNCTIONS =        5974

 @ End XC Quadrature Formation


 @ Begin Energy Calculation

                                         SCF ENERGY
| ------------------------------------------------------------------------------------------------------------------------
| NCYC       ENERGY         DELTA_E      SCF_TIME  DII_CYC   DII_TIME   O_TIME  DIAG_TIME    MAX_ERR    RMS_CHG    MAX_CHG
| ------------------------------------------------------------------------------------------------------------------------
|  1   -343.006624074      ------         0.034     1        0.01      0.02      0.01    0.1246E+01  0.4767E-01  0.2899E+00
|  2   -343.055390355  0.487663E-01       0.022     2        0.01      0.01      0.01    0.2741E-01  0.1177E-01  0.1668E+00
|  3   -343.057127368  0.173701E-02       0.021     3        0.01      0.01      0.01    0.1816E-01  0.3934E-02  0.5909E-01
|  4   -343.058476434  0.134907E-02       0.024     4        0.01      0.01      0.01    0.1285E-02  0.1973E-03  0.1472E-02
|  5   -343.058481945  0.551071E-05       0.018     5        0.01      0.01      0.01    0.4860E-03  0.6010E-04  0.5315E-03
|  6   -343.058482761  0.816182E-06       0.018     6        0.01      0.01      0.01    0.6130E-04  0.7111E-05  0.5452E-04
|  7   -343.058482771  0.104077E-07       0.017     7        0.01      0.01      0.01    0.1575E-05  0.2298E-06  0.2273E-05
| ------------------------------------------------------------------------------------------------------------------------
| REACH CONVERGENCE AFTER   7 CYCLES
| MAX ERROR = 0.157459E-05   RMS CHANGE = 0.229791E-06   MAX CHANGE = 0.227349E-05
| -----------------------------------------------
 ALPHA ELECTRON DENSITY    =     8.9999761287
 BETA ELECTRON DENSITY     =     8.9999761287
 ELECTRONIC ENERGY    =   -360.720072783
 CORE_CORE REPULSION  =     17.661590012
 TOTAL ENERGY         =   -343.058482771

 @ End Energy calculation


 @ Begin Gradient Calculation

 ANALYTICAL GRADIENT: 
----------------------------------------
 COORDINATE    XYZ            GRADIENT
----------------------------------------
    1X    -1.3784101053     0.0075589609
    1Y    -0.6786700518     0.0192332911
    1Z    -0.6593600504    -0.0069198694
    2X     0.0008900001    -0.0084099523
    2Y    -0.4063000310    -0.0043697149
    2Z    -0.7521600574     0.0015954744
    3X    -1.7025301300     0.0006605443
    3Y    -0.1726700132    -0.0056012400
    3Z    -1.9338001477     0.0077420773
    4X    -1.7025301300     0.0004673662
    4Y     0.5002100382    -0.0090707031
    4Z     0.0409700031    -0.0025705022
----------------------------------------

 @ End Gradient Calculation


 @ Begin Zmake conversion

  
 Z-MATRIX:

   ATOM  ELEMENTAL  BOND LENGTH    BOND ANGLE    DIHEDRAL ANGLE
  NUMBER  SYMBOL    (ANGSTROMS)    (DEGREES)       (DEGREES)
     I                 I-NA         I-NA-NB        I-NA-NB-NC      NA   NB   NC

     1      P        0.00000  0     0.00000  0      0.00000  0      0    0    0
     2      H        1.40899  1     0.00000  0      0.00000  0      1    0    0
     3      H        1.40900  1    95.52004  1      0.00000  0      1    2    0
     4      H        1.40900  1    95.51966  1    -96.10933  1      1    2    3

 @ End Zmake conversion


 @ Begin Charge and Dipole Calculation

    ATOMIC CHARGES
   ATOM          MULLIKEN            LOWDIN
   P              0.0975             0.0789
   H             -0.0325            -0.0291
   H             -0.0325            -0.0257
   H             -0.0325            -0.0241
   TOTAL         0.0000             0.0000

    DIPOLE (DEBYE)
      X         Y         Z        TOTAL
    0.2880    0.7714   -0.2627    0.8643

 @ End Charge and Dipole Calculation


 @ Output Timing Information

------------- TIMING ---------------
| INITIAL GUESS TIME  =     0.979527000( 21.91%)
| DFT GRID OPERATIONS =     0.014783000(  0.33%)
| TOTAL SCF TIME      =     0.156123000(  3.49%)
|       TOTAL OP TIME      =     0.089898000(  2.01%)
|             TOTAL 1e TIME      =     0.001442000(  0.03%)
|             TOTAL 2e TIME      =     0.047967000(  1.07%)
|             TOTAL EXC TIME     =     0.038367000(  0.86%)
|       TOTAL DII TIME      =     0.066160000(  1.48%)
|             TOTAL DIAG TIME    =     0.061103000(  1.37%)
| TOTAL GRADIENT TIME      =     0.101928000(  2.28%)
|       TOTAL 1e GRADIENT TIME      =     0.008446000( 0.20%)
|       TOTAL 2e GRADIENT TIME      =     0.057101000( 1.28%)
|       TOTAL EXC GRADIENT TIME     =     0.035758000(  0.80%)
| TOTAL TIME          =     4.471168000
------------------------------------
| Job cpu time:  0 days  0 hours  0 minutes  4.5 seconds.

 @ Finish Output Timing Information

| Normal Termination. Task Finished on: Tue May  3 18:23:00 2022
