  *********************************************************************************************************
  **                                                                                                     **
  **           888888888888                                                                              **
  **         8888888888888888                                                                            **
  **      888888888888888888                                                                             **
  **     888888888888888888                                                                              **
  **    888888888888888                                                                                  **
  **   88888888888888888888                               88888                       8888:              **
  **   8888888888888888888888Z                            88888                       8888:              **
  **   888888888888888888888888?                          88888                       8888:              **
  **   8888888888888      8888888                                        888888       8888:              **
  **    88888888888         888888     8888:     88888    88888        888888888I     8888:    888888    **
  **    8888888888           88888:    8888:     88888    88888      $888888888888    8888:   888888     **
  **    I8Z 88888             88888    8888:     88888    88888    .888888     8888   8888: 888888       **
  **    .8Z 88888             88888    8888:     88888    88888    $88888             8888:88888         **
  **     8I 88888      .=88. .88888    8888:     88888    88888    88888              8888888888         **
  **    :8  88888      888888$8888$    8888:     88888    88888    8888O              88888888888        **
  **   ,7   +88888.     8888888888.    8888:     88888    88888    888888             88888O888888       **
  **         $888888:.   .8888888      88888....888888    88888     888888     8888   8888:  888888      **
  **          I8888888888888888888     888888888888888    88888     O888888888888O    8888:   888888     **
  **            O888888888888888888     88888888888888    88888       88888888888$    8888:    888888    **
  **               8888888Z     888      .8888I  88888    88888         8888888       8888:     888888   **
  **                                                                                                     **
  **                                                                                                     **
  **                                         Copyright (c) 2022                                          **
  **                          Regents of the University of California San Diego                          **
  **                                    & Michigan State University                                      **
  **                                        All Rights Reserved.                                         **
  **                                                                                                     **
  **             This software is subject to the terms of the Mozilla Public License, v. 2.0.            **
  **                                                                                                     **
  *********************************************************************************************************
                                                                                                           
  Cite this work as:                                                                                       
  Manathunga, M.; Shajan, A.; Giese, T. J.; Cruzeiro, V.W.D.; Smith, J.; Miao, Y.; He, X.; Ayers, K.;      
  Brothers, E.; Goetz, A.W.; Merz, K.M. QUICK-22.03                                                        
  University of California San Diego, CA and Michigan State University, East Lansing, MI, 2022             
                                                                                                           
  If you have any comments or queries, please send us an email for technical support:                      
  quick.merzlab@gmail.com                                                                                  
                                                                                                           
| TASK STARTS ON: Tue May  3 18:21:12 2022
| INPUT FILE :    grad_H2O_b3lyp_def2sv_p.in
| OUTPUT FILE:    grad_H2O_b3lyp_def2sv_p.out
| DATA FILE  :    grad_H2O_b3lyp_def2sv_p.dat
| BASIS SET PATH: /mnt/home/manathun/Work/fix-delta-density-dft/basis

|------------ GPU INFORMATION ---------------
| CUDA ENABLED DEVICE         :        4
| CUDA DEVICE IN USE          :        0
| CUDA DEVICE NAME            : Tesla V100S-PCIE-32GB
| CUDA DEVICE PM              :       80
| CUDA DEVICE CORE FREQ(GHZ)  :     1.60
| CUDA DEVICE MEMORY SIZE (MB):    32510
| SUPPORTING CUDA VERSION     :      7.0
|--------------------------------------------

 @ Read Job And Atom

  KEYWORD=B3LYP  BASIS=DEF2-SV(P) CUTOFF=1.0E-9 DENSERMS=1.0E-6  ZMAKE GRADIENT DIPOLE CHARGE=0                                                                                                                   
 ============== JOB CARD =============
 METHOD = DENSITY FUNCTIONAL THEORY
 DENSITY FUNCTIONAL = B3LYP
 DIRECT SCF 
 SAD INITAL GUESS 
 USE DIIS SCF
 PRINT ENERGY EVERY CYCLE
 READ SAD GUESS FROM FILE
 Z-MATRIX CONSTRUCTION
 DIPOLE
 STANDARD GRID = SG1
 GRADIENT CALCULATION
 MAX SCF CYCLES =    200
 MAX DIIS CYCLES =   10
 DELTA DENSITY START CYCLE =    5
 COMPUTATIONAL CUTOFF: 
      TWO-e INTEGRAL   =  0.100E-08
      BASIS SET PRIME  =  0.100E-09
      MATRIX ELEMENTS  =  0.100E-09
      BASIS FUNCTION   =  0.100E-09
      GRADIENT CUTOFF  =  0.100E-08
 DENSITY MATRIX MAXIMUM RMS FOR CONVERGENCE  =  0.100E-05
 BASIS SET = DEF2-SV(P),  TYPE = CARTESIAN
| BASIS FILE = /mnt/home/manathun/Work/fix-delta-density-dft/basis/DEF2-SV_P.BAS

 @ Finish reading job


 @ Begin SAD initial guess

 For Atom Kind =    1
 ELEMENT = O 
 BASIS FUNCTIONS =   15
 For Atom Kind =    2
 ELEMENT = H 
 BASIS FUNCTIONS =    2

 @ Finish SAD initial guess


 @ Begin Reading Molecular Information


 =========== Molecule Input ==========
 TOTAL MOLECULAR CHARGE  =    0    MULTIPLICITY                =    1
 TOTAL ATOM NUMBER       =    3    NUMBER OF ATOM TYPES        =    2
 NUMBER OF HYDROGEN ATOM =    2    NUMBER OF NON-HYDROGEN ATOM =    1
 NUMBER OF ELECTRONS     =   10

 -- INPUT GEOMETRY -- :
    O          -0.3384       0.0038       0.2392
    H          -0.3351      -0.0019      -0.8328
    H           0.6735      -0.0019       0.5935

 -- DISTANCE MATRIX -- :
              1           2           3
      1     0.00000
      2     2.02582     0.00000
      3     2.02607     3.30113     0.00000

============== BASIS INFOS ==============
 BASIS FUNCTIONS =   19
 NSHELL =   10 NPRIM  =   33
 JSHELL =   10 JBASIS =   20


 @ End Reading Molecular Information 


 @ Begin XC Quadrature Formation

 OCTAGO: OCTree Algorithm for Grid Operations 
   PRUNING CUTOFF       = 0.100E-09
   INITIAL GRID POINTS  =       11320
|   FINAL GRID POINTS    =        8045
|   SIGNIFICANT NUMBER OF BASIS FUNCTIONS     =        2948
|   SIGNIFICANT NUMBER OF PRIMITIVE FUNCTIONS =        3612

 @ End XC Quadrature Formation


 @ Begin Energy Calculation

                                         SCF ENERGY
| ------------------------------------------------------------------------------------------------------------------------
| NCYC       ENERGY         DELTA_E      SCF_TIME  DII_CYC   DII_TIME   O_TIME  DIAG_TIME    MAX_ERR    RMS_CHG    MAX_CHG
| ------------------------------------------------------------------------------------------------------------------------
|  1    -76.219507814      ------         0.023     1        0.01      0.01      0.01    0.1285E+01  0.7236E-01  0.3735E+00
|  2    -76.255721251  0.362134E-01       0.017     2        0.01      0.00      0.01    0.2668E+00  0.5111E-01  0.3350E+00
|  3    -76.209295977  -.464253E-01       0.025     3        0.02      0.00      0.02    0.3432E+00  0.2940E-01  0.2130E+00
|  4    -76.326131798  0.116836E+00       0.015     4        0.01      0.00      0.01    0.8305E-02  0.6892E-03  0.2862E-02
|  5    -76.326199218  0.674208E-04       0.014     5        0.01      0.00      0.01    0.1607E-02  0.1138E-03  0.9252E-03
|  6    -76.326202001  0.278219E-05       0.016     6        0.01      0.00      0.01    0.2084E-03  0.1904E-04  0.1152E-03
|  7    -76.326202042  0.418265E-07       0.015     7        0.01      0.00      0.01    0.1555E-04  0.2768E-05  0.1187E-04
|  8    -76.326202043  0.573678E-09       0.014     8        0.01      0.00      0.01    0.3867E-05  0.7285E-06  0.3157E-05
| ------------------------------------------------------------------------------------------------------------------------
| REACH CONVERGENCE AFTER   8 CYCLES
| MAX ERROR = 0.386654E-05   RMS CHANGE = 0.728460E-06   MAX CHANGE = 0.315724E-05
| -----------------------------------------------
 ALPHA ELECTRON DENSITY    =     4.9999891354
 BETA ELECTRON DENSITY     =     4.9999891354
 ELECTRONIC ENERGY    =    -84.526673772
 CORE_CORE REPULSION  =      8.200471729
 TOTAL ENERGY         =    -76.326202043

 @ End Energy calculation


 @ Begin Gradient Calculation

 ANALYTICAL GRADIENT: 
----------------------------------------
 COORDINATE    XYZ            GRADIENT
----------------------------------------
    1X    -0.3384000258    -0.0496960077
    1Y     0.0038000003     0.0005468690
    1Z     0.2392300183     0.0347026581
    2X    -0.3351000256    -0.0107054777
    2Y    -0.0019000001    -0.0002754427
    2Z    -0.8327700636    -0.0674020037
    3X     0.6735000514     0.0603730980
    3Y    -0.0019000001    -0.0002758442
    3Z     0.5935300453     0.0327032329
----------------------------------------

 @ End Gradient Calculation


 @ Begin Zmake conversion

  
 Z-MATRIX:

   ATOM  ELEMENTAL  BOND LENGTH    BOND ANGLE    DIHEDRAL ANGLE
  NUMBER  SYMBOL    (ANGSTROMS)    (DEGREES)       (DEGREES)
     I                 I-NA         I-NA-NB        I-NA-NB-NC      NA   NB   NC

     1      O        0.00000  0     0.00000  0      0.00000  0      0    0    0
     2      H        1.07202  1     0.00000  0      0.00000  0      1    0    0
     3      H        1.07215  1   109.11820  1      0.00000  0      1    2    0

 @ End Zmake conversion


 @ Begin Charge and Dipole Calculation

    ATOMIC CHARGES
   ATOM          MULLIKEN            LOWDIN
   O             -0.6083            -0.5947
   H              0.3042             0.2972
   H              0.3042             0.2975
   TOTAL         0.0000            -0.0000

    DIPOLE (DEBYE)
      X         Y         Z        TOTAL
    1.7060   -0.0192   -1.2063    2.0895

 @ End Charge and Dipole Calculation


 @ Output Timing Information

------------- TIMING ---------------
| INITIAL GUESS TIME  =     0.190333000(  5.36%)
| DFT GRID OPERATIONS =     0.009608000(  0.27%)
| TOTAL SCF TIME      =     0.140801000(  3.97%)
|       TOTAL OP TIME      =     0.045161000(  1.27%)
|             TOTAL 1e TIME      =     0.000595000(  0.02%)
|             TOTAL 2e TIME      =     0.025135000(  0.71%)
|             TOTAL EXC TIME     =     0.017923000(  0.51%)
|       TOTAL DII TIME      =     0.095539000(  2.69%)
|             TOTAL DIAG TIME    =     0.088496000(  2.49%)
| TOTAL GRADIENT TIME      =     0.043184000(  1.22%)
|       TOTAL 1e GRADIENT TIME      =     0.004978000( 0.16%)
|       TOTAL 2e GRADIENT TIME      =     0.029950000( 0.84%)
|       TOTAL EXC GRADIENT TIME     =     0.007572000(  0.21%)
| TOTAL TIME          =     3.548016000
------------------------------------
| Job cpu time:  0 days  0 hours  0 minutes  3.5 seconds.

 @ Finish Output Timing Information

| Normal Termination. Task Finished on: Tue May  3 18:21:16 2022
