  *********************************************************************************************************
  **                                                                                                     **
  **           888888888888                                                                              **
  **         8888888888888888                                                                            **
  **      888888888888888888                                                                             **
  **     888888888888888888                                                                              **
  **    888888888888888                                                                                  **
  **   88888888888888888888                               88888                       8888:              **
  **   8888888888888888888888Z                            88888                       8888:              **
  **   888888888888888888888888?                          88888                       8888:              **
  **   8888888888888      8888888                                        888888       8888:              **
  **    88888888888         888888     8888:     88888    88888        888888888I     8888:    888888    **
  **    8888888888           88888:    8888:     88888    88888      $888888888888    8888:   888888     **
  **    I8Z 88888             88888    8888:     88888    88888    .888888     8888   8888: 888888       **
  **    .8Z 88888             88888    8888:     88888    88888    $88888             8888:88888         **
  **     8I 88888      .=88. .88888    8888:     88888    88888    88888              8888888888         **
  **    :8  88888      888888$8888$    8888:     88888    88888    8888O              88888888888        **
  **   ,7   +88888.     8888888888.    8888:     88888    88888    888888             88888O888888       **
  **         $888888:.   .8888888      88888....888888    88888     888888     8888   8888:  888888      **
  **          I8888888888888888888     888888888888888    88888     O888888888888O    8888:   888888     **
  **            O888888888888888888     88888888888888    88888       88888888888$    8888:    888888    **
  **               8888888Z     888      .8888I  88888    88888         8888888       8888:     888888   **
  **                                                                                                     **
  **                                                                                                     **
  **                                         Copyright (c) 2022                                          **
  **                          Regents of the University of California San Diego                          **
  **                                    & Michigan State University                                      **
  **                                        All Rights Reserved.                                         **
  **                                                                                                     **
  **             This software is subject to the terms of the Mozilla Public License, v. 2.0.            **
  **                                                                                                     **
  *********************************************************************************************************
                                                                                                           
  Cite this work as:                                                                                       
  Manathunga, M.; Shajan, A.; Giese, T. J.; Cruzeiro, V.W.D.; Smith, J.; Miao, Y.; He, X.; Ayers, K.;      
  Brothers, E.; Goetz, A.W.; Merz, K.M. QUICK-22.03                                                        
  University of California San Diego, CA and Michigan State University, East Lansing, MI, 2022             
                                                                                                           
  If you have any comments or queries, please send us an email for technical support:                      
  quick.merzlab@gmail.com                                                                                  
                                                                                                           
| TASK STARTS ON: Tue May  3 18:24:25 2022
| INPUT FILE :    grad_ch3conhch3_b3lyp_ccpvdz.in
| OUTPUT FILE:    grad_ch3conhch3_b3lyp_ccpvdz.out
| DATA FILE  :    grad_ch3conhch3_b3lyp_ccpvdz.dat
| BASIS SET PATH: /mnt/home/manathun/Work/fix-delta-density-dft/basis

|------------ GPU INFORMATION ---------------
| CUDA ENABLED DEVICE         :        4
| CUDA DEVICE IN USE          :        0
| CUDA DEVICE NAME            : Tesla V100S-PCIE-32GB
| CUDA DEVICE PM              :       80
| CUDA DEVICE CORE FREQ(GHZ)  :     1.60
| CUDA DEVICE MEMORY SIZE (MB):    32510
| SUPPORTING CUDA VERSION     :      7.0
|--------------------------------------------

 @ Read Job And Atom

  KEYWORD=DFT B3LYP BASIS=CC-PVDZ CUTOFF=1.0E-9 DENSERMS=1.0E-6 GRADIENT DIPOLE                                                                                                                                   
 ============== JOB CARD =============
 METHOD = DENSITY FUNCTIONAL THEORY
 DENSITY FUNCTIONAL = B3LYP
 DIRECT SCF 
 SAD INITAL GUESS 
 USE DIIS SCF
 PRINT ENERGY EVERY CYCLE
 READ SAD GUESS FROM FILE
 DIPOLE
 STANDARD GRID = SG1
 GRADIENT CALCULATION
 MAX SCF CYCLES =    200
 MAX DIIS CYCLES =   10
 DELTA DENSITY START CYCLE =    5
 COMPUTATIONAL CUTOFF: 
      TWO-e INTEGRAL   =  0.100E-08
      BASIS SET PRIME  =  0.100E-09
      MATRIX ELEMENTS  =  0.100E-09
      BASIS FUNCTION   =  0.100E-09
      GRADIENT CUTOFF  =  0.100E-08
 DENSITY MATRIX MAXIMUM RMS FOR CONVERGENCE  =  0.100E-05
 BASIS SET = CC-PVDZ,  TYPE = CARTESIAN
| BASIS FILE = /mnt/home/manathun/Work/fix-delta-density-dft/basis/CC-PVDZ.BAS

 @ Finish reading job


 @ Begin SAD initial guess

 For Atom Kind =    1
 ELEMENT = H 
 BASIS FUNCTIONS =    5
 For Atom Kind =    2
 ELEMENT = C 
 BASIS FUNCTIONS =   15
 For Atom Kind =    3
 ELEMENT = O 
 BASIS FUNCTIONS =   15
 For Atom Kind =    4
 ELEMENT = N 
 BASIS FUNCTIONS =   15

 @ Finish SAD initial guess


 @ Begin Reading Molecular Information


 =========== Molecule Input ==========
 TOTAL MOLECULAR CHARGE  =    0    MULTIPLICITY                =    1
 TOTAL ATOM NUMBER       =   12    NUMBER OF ATOM TYPES        =    4
 NUMBER OF HYDROGEN ATOM =    7    NUMBER OF NON-HYDROGEN ATOM =    5
 NUMBER OF ELECTRONS     =   40

 -- INPUT GEOMETRY -- :
    H           5.4269       5.8668       1.9440
    C           5.2779       6.1654       0.8518
    H           5.9666       6.8917       0.4522
    H           4.4105       6.6466       0.9547
    C           5.1170       4.9327      -0.0230
    O           4.1460       4.6758      -0.6787
    N           6.1595       4.0934       0.1359
    H           6.7649       4.3215       0.9157
    C           6.2481       2.8038      -0.5368
    H           5.5175       2.6865      -1.3191
    H           7.1868       2.6685      -1.0047
    H           6.1320       2.0089       0.2504

 -- DISTANCE MATRIX -- :
              1           2           3           4           5
      1     0.00000
      2     2.15824     0.00000
      3     3.56911     2.03664     0.00000
      4     3.05881     1.88456     3.12459     0.00000
      5     4.15656     2.87257     4.13394     3.96057     0.00000
      6     5.95734     4.56769     5.82574     4.86292     2.26664
      7     4.98219     4.46501     5.33420     6.04957     2.54698
      8     4.32398     4.47791     5.16071     6.25346     3.76543
      9     7.60849     7.11337     7.96570     8.52858     4.65791
     10     8.61231     7.76225     8.66455     8.87926     4.95866
     11     8.86791     8.30591     8.75159     9.88680     6.08668
     12     8.07269     8.09885     9.24040     9.44257     5.87144
              6           7           8           9          10
      6     0.00000
      7     4.24960     0.00000
      8     5.83256     1.91463     0.00000
      9     5.32598     2.75370     4.08814     0.00000
     10     4.72370     4.01249     5.73904     2.03485     0.00000
     11     6.91284     3.95791     4.85418     1.99843     3.21001
     12     6.52427     3.94547     4.70216     2.12543     3.43282
             11          12
     11     0.00000
     12     3.33947     0.00000

============== BASIS INFOS ==============
 BASIS FUNCTIONS =  110
 NSHELL =   51 NPRIM  =  256
 JSHELL =   51 JBASIS =  167


 @ End Reading Molecular Information 


 @ Begin XC Quadrature Formation

 OCTAGO: OCTree Algorithm for Grid Operations 
   PRUNING CUTOFF       = 0.100E-09
   INITIAL GRID POINTS  =       45344
|   FINAL GRID POINTS    =       30180
|   SIGNIFICANT NUMBER OF BASIS FUNCTIONS     =       41461
|   SIGNIFICANT NUMBER OF PRIMITIVE FUNCTIONS =       57253

 @ End XC Quadrature Formation


 @ Begin Energy Calculation

                                         SCF ENERGY
| ------------------------------------------------------------------------------------------------------------------------
| NCYC       ENERGY         DELTA_E      SCF_TIME  DII_CYC   DII_TIME   O_TIME  DIAG_TIME    MAX_ERR    RMS_CHG    MAX_CHG
| ------------------------------------------------------------------------------------------------------------------------
|  1   -249.178390580      ------         0.161     1        0.01      0.15      0.01    0.2246E+01  0.6330E-01  0.9089E+00
|  2   -248.314964710  -.863426E+00       0.142     2        0.01      0.13      0.01    0.1961E+00  0.3449E-01  0.8891E+00
|  3   -248.032941249  -.282023E+00       0.147     3        0.01      0.13      0.01    0.3340E+00  0.2225E-01  0.6583E+00
|  4   -248.486766087  0.453825E+00       0.143     4        0.01      0.13      0.01    0.6701E-01  0.5214E-02  0.1252E+00
|  5   -248.517005556  0.302395E-01       0.137     5        0.01      0.13      0.01    0.1033E-01  0.9124E-03  0.3087E-01
|  6   -248.517719500  0.713944E-03       0.134     6        0.01      0.12      0.01    0.4379E-02  0.3545E-03  0.1166E-01
|  7   -248.517838604  0.119104E-03       0.132     7        0.01      0.12      0.01    0.1273E-02  0.8977E-04  0.2888E-02
|  8   -248.517849163  0.105592E-04       0.129     8        0.01      0.12      0.01    0.1764E-03  0.1941E-04  0.6257E-03
|  9   -248.517849360  0.197081E-06       0.125     9        0.01      0.11      0.01    0.7112E-04  0.7022E-05  0.2179E-03
| 10   -248.517849405  0.451339E-07       0.125    10        0.01      0.11      0.01    0.1568E-04  0.1201E-05  0.2712E-04
| 11   -248.517849404  -.109731E-08       0.117     1        0.01      0.11      0.01    0.3166E-05  0.3023E-06  0.8753E-05
| ------------------------------------------------------------------------------------------------------------------------
| REACH CONVERGENCE AFTER  11 CYCLES
| MAX ERROR = 0.316644E-05   RMS CHANGE = 0.302329E-06   MAX CHANGE = 0.875331E-05
| -----------------------------------------------
 ALPHA ELECTRON DENSITY    =    19.9998225347
 BETA ELECTRON DENSITY     =    19.9998225347
 ELECTRONIC ENERGY    =   -429.703140512
 CORE_CORE REPULSION  =    181.185291108
 TOTAL ENERGY         =   -248.517849404

 @ End Energy calculation


 @ Begin Gradient Calculation

 ANALYTICAL GRADIENT: 
----------------------------------------
 COORDINATE    XYZ            GRADIENT
----------------------------------------
    1X     5.4269284182    -0.0151808168
    1Y     5.8668006240    -0.0046522132
    1Z     1.9440425695     0.0224379314
    2X     5.2778867585    -0.0428799295
    2Y     6.1653701423     0.0417509844
    2Z     0.8517884529    -0.0235863613
    3X     5.9665764177    -0.0190271259
    3Y     6.8917330789    -0.0048747365
    3Z     0.4522474392    -0.0008399332
    4X     4.4104958089     0.0828958880
    4Y     6.6466050025    -0.0415366165
    4Z     0.9546988092     0.0032638063
    5X     5.1169733891    -0.0100541729
    5Y     4.9326997712    -0.0090628621
    5Z    -0.0230474609    -0.0318029427
    6X     4.1460066407     0.0286743245
    6Y     4.6757961282     0.0007415357
    6Z    -0.6787269954     0.0279649816
    7X     6.1595319153    -0.0133389786
    7Y     4.0934237942     0.0097187851
    7Z     0.1359075814     0.0111887718
    8X     6.7649152469    -0.0060779309
    8Y     4.3215398203     0.0063894248
    8Z     0.9156517424     0.0048039993
    9X     6.2481135000     0.0087927756
    9Y     2.8038165453     0.0063061134
    9Z    -0.5367658953    -0.0416522109
   10X     5.5175452194     0.0168780761
   10Y     2.6865233246    -0.0044861390
   10Z    -1.3190683672     0.0030291571
   11X     7.1867691112    -0.0319625611
   11Y     2.6684762034     0.0020973639
   11Z    -1.0046973137     0.0106240662
   12X     6.1319766035     0.0012881852
   12Y     2.0088923873    -0.0025234959
   12Z     0.2503952907     0.0146885065
----------------------------------------

 @ End Gradient Calculation


 @ Begin Charge and Dipole Calculation

    ATOMIC CHARGES
   ATOM          MULLIKEN            LOWDIN
   H              0.0315             0.1929
   C              0.0262            -0.5757
   H              0.0449             0.2082
   H              0.0001             0.2027
   C              0.0813             0.1616
   O             -0.2744            -0.3084
   N             -0.1637            -0.2843
   H              0.0758             0.2747
   C              0.0769            -0.4656
   H              0.0518             0.2090
   H              0.0187             0.1942
   H              0.0308             0.1908
   TOTAL         0.0000             0.0000

    DIPOLE (DEBYE)
      X         Y         Z        TOTAL
    2.9280   -0.2536    1.8073    3.4502

 @ End Charge and Dipole Calculation


 @ Output Timing Information

------------- TIMING ---------------
| INITIAL GUESS TIME  =     1.512826000( 18.98%)
| DFT GRID OPERATIONS =     0.047844000(  0.60%)
| TOTAL SCF TIME      =     1.514240000( 19.00%)
|       TOTAL OP TIME      =     1.391429000( 17.46%)
|             TOTAL 1e TIME      =     0.020656000(  0.26%)
|             TOTAL 2e TIME      =     0.690375000(  8.66%)
|             TOTAL EXC TIME     =     0.656048000(  8.23%)
|       TOTAL DII TIME      =     0.122375000(  1.54%)
|             TOTAL DIAG TIME    =     0.100596000(  1.26%)
| TOTAL GRADIENT TIME      =     1.450626000( 18.20%)
|       TOTAL 1e GRADIENT TIME      =     0.165246000( 2.09%)
|       TOTAL 2e GRADIENT TIME      =     0.990704000(12.43%)
|       TOTAL EXC GRADIENT TIME     =     0.293391000(  3.68%)
| TOTAL TIME          =     7.968584000
------------------------------------
| Job cpu time:  0 days  0 hours  0 minutes  8.0 seconds.

 @ Finish Output Timing Information

| Normal Termination. Task Finished on: Tue May  3 18:24:33 2022
