  *********************************************************************************************************
  **                                                                                                     **
  **           888888888888                                                                              **
  **         8888888888888888                                                                            **
  **      888888888888888888                                                                             **
  **     888888888888888888                                                                              **
  **    888888888888888                                                                                  **
  **   88888888888888888888                               88888                       8888:              **
  **   8888888888888888888888Z                            88888                       8888:              **
  **   888888888888888888888888?                          88888                       8888:              **
  **   8888888888888      8888888                                        888888       8888:              **
  **    88888888888         888888     8888:     88888    88888        888888888I     8888:    888888    **
  **    8888888888           88888:    8888:     88888    88888      $888888888888    8888:   888888     **
  **    I8Z 88888             88888    8888:     88888    88888    .888888     8888   8888: 888888       **
  **    .8Z 88888             88888    8888:     88888    88888    $88888             8888:88888         **
  **     8I 88888      .=88. .88888    8888:     88888    88888    88888              8888888888         **
  **    :8  88888      888888$8888$    8888:     88888    88888    8888O              88888888888        **
  **   ,7   +88888.     8888888888.    8888:     88888    88888    888888             88888O888888       **
  **         $888888:.   .8888888      88888....888888    88888     888888     8888   8888:  888888      **
  **          I8888888888888888888     888888888888888    88888     O888888888888O    8888:   888888     **
  **            O888888888888888888     88888888888888    88888       88888888888$    8888:    888888    **
  **               8888888Z     888      .8888I  88888    88888         8888888       8888:     888888   **
  **                                                                                                     **
  **                                                                                                     **
  **                                         Copyright (c) 2022                                          **
  **                          Regents of the University of California San Diego                          **
  **                                    & Michigan State University                                      **
  **                                        All Rights Reserved.                                         **
  **                                                                                                     **
  **             This software is subject to the terms of the Mozilla Public License, v. 2.0.            **
  **                                                                                                     **
  *********************************************************************************************************
                                                                                                           
  Cite this work as:                                                                                       
  Manathunga, M.; Shajan, A.; Giese, T. J.; Cruzeiro, V.W.D.; Smith, J.; Miao, Y.; He, X.; Ayers, K.;      
  Brothers, E.; Goetz, A.W.; Merz, K.M. QUICK-22.03                                                        
  University of California San Diego, CA and Michigan State University, East Lansing, MI, 2022             
                                                                                                           
  If you have any comments or queries, please send us an email for technical support:                      
  quick.merzlab@gmail.com                                                                                  
                                                                                                           
| TASK STARTS ON: Tue May  3 18:24:07 2022
| INPUT FILE :    grad_SO2_b3lyp_def2svpd.in
| OUTPUT FILE:    grad_SO2_b3lyp_def2svpd.out
| DATA FILE  :    grad_SO2_b3lyp_def2svpd.dat
| BASIS SET PATH: /mnt/home/manathun/Work/fix-delta-density-dft/basis

|------------ GPU INFORMATION ---------------
| CUDA ENABLED DEVICE         :        4
| CUDA DEVICE IN USE          :        0
| CUDA DEVICE NAME            : Tesla V100S-PCIE-32GB
| CUDA DEVICE PM              :       80
| CUDA DEVICE CORE FREQ(GHZ)  :     1.60
| CUDA DEVICE MEMORY SIZE (MB):    32510
| SUPPORTING CUDA VERSION     :      7.0
|--------------------------------------------

 @ Read Job And Atom

  KEYWORD=B3LYP  BASIS=DEF2-SVPD CUTOFF=1.0E-9 DENSERMS=1.0E-6  ZMAKE GRADIENT DIPOLE CHARGE=0                                                                                                                    
 ============== JOB CARD =============
 METHOD = DENSITY FUNCTIONAL THEORY
 DENSITY FUNCTIONAL = B3LYP
 DIRECT SCF 
 SAD INITAL GUESS 
 USE DIIS SCF
 PRINT ENERGY EVERY CYCLE
 READ SAD GUESS FROM FILE
 Z-MATRIX CONSTRUCTION
 DIPOLE
 STANDARD GRID = SG1
 GRADIENT CALCULATION
 MAX SCF CYCLES =    200
 MAX DIIS CYCLES =   10
 DELTA DENSITY START CYCLE =    5
 COMPUTATIONAL CUTOFF: 
      TWO-e INTEGRAL   =  0.100E-08
      BASIS SET PRIME  =  0.100E-09
      MATRIX ELEMENTS  =  0.100E-09
      BASIS FUNCTION   =  0.100E-09
      GRADIENT CUTOFF  =  0.100E-08
 DENSITY MATRIX MAXIMUM RMS FOR CONVERGENCE  =  0.100E-05
 BASIS SET = DEF2-SVPD,  TYPE = CARTESIAN
| BASIS FILE = /mnt/home/manathun/Work/fix-delta-density-dft/basis/DEF2-SVPD.BAS

 @ Finish reading job


 @ Begin SAD initial guess

 For Atom Kind =    1
 ELEMENT = S 
 BASIS FUNCTIONS =   29
 For Atom Kind =    2
 ELEMENT = O 
 BASIS FUNCTIONS =   25

 @ Finish SAD initial guess


 @ Begin Reading Molecular Information


 =========== Molecule Input ==========
 TOTAL MOLECULAR CHARGE  =    0    MULTIPLICITY                =    1
 TOTAL ATOM NUMBER       =    3    NUMBER OF ATOM TYPES        =    2
 NUMBER OF HYDROGEN ATOM =    0    NUMBER OF NON-HYDROGEN ATOM =    3
 NUMBER OF ELECTRONS     =   32

 -- INPUT GEOMETRY -- :
    S          -1.2972       0.8511       0.0835
    O           0.1345       0.8525      -0.1352
    O          -1.5682       0.8600      -1.3392

 -- DISTANCE MATRIX -- :
              1           2           3
      1     0.00000
      2     2.73683     0.00000
      3     2.73682     3.94075     0.00000

============== BASIS INFOS ==============
 BASIS FUNCTIONS =   79
 NSHELL =   29 NPRIM  =  117
 JSHELL =   29 JBASIS =   51


 @ End Reading Molecular Information 


 @ Begin XC Quadrature Formation

 OCTAGO: OCTree Algorithm for Grid Operations 
   PRUNING CUTOFF       = 0.100E-09
   INITIAL GRID POINTS  =       11392
|   FINAL GRID POINTS    =        8555
|   SIGNIFICANT NUMBER OF BASIS FUNCTIONS     =       12571
|   SIGNIFICANT NUMBER OF PRIMITIVE FUNCTIONS =       13496

 @ End XC Quadrature Formation


 @ Begin Energy Calculation

                                         SCF ENERGY
| ------------------------------------------------------------------------------------------------------------------------
| NCYC       ENERGY         DELTA_E      SCF_TIME  DII_CYC   DII_TIME   O_TIME  DIAG_TIME    MAX_ERR    RMS_CHG    MAX_CHG
| ------------------------------------------------------------------------------------------------------------------------
|  1   -549.219561442      ------         0.065     1        0.01      0.05      0.01    0.1975E+01  0.3135E-01  0.5369E+00
|  2   -548.113413269  -.110615E+01       0.045     2        0.01      0.04      0.01    0.3472E+00  0.3453E-01  0.6549E+00
|  3   -546.620532555  -.149288E+01       0.042     3        0.01      0.03      0.01    0.8955E+00  0.2816E-01  0.5649E+00
|  4   -548.230954955  0.161042E+01       0.042     4        0.01      0.03      0.01    0.2104E+00  0.9034E-02  0.2231E+00
|  5   -548.322501357  0.915464E-01       0.042     5        0.01      0.03      0.01    0.9501E-01  0.2750E-02  0.6960E-01
|  6   -548.339935577  0.174342E-01       0.042     6        0.01      0.03      0.01    0.8308E-02  0.4229E-03  0.9729E-02
|  7   -548.340245133  0.309556E-03       0.042     7        0.01      0.03      0.01    0.2623E-02  0.1334E-03  0.4432E-02
|  8   -548.340264781  0.196477E-04       0.042     8        0.01      0.03      0.01    0.5197E-03  0.2521E-04  0.6679E-03
|  9   -548.340265379  0.597916E-06       0.042     9        0.01      0.03      0.01    0.5847E-04  0.6263E-05  0.8250E-04
| 10   -548.340265406  0.275106E-07       0.042    10        0.01      0.03      0.01    0.1455E-04  0.2624E-05  0.4287E-04
| 11   -548.340265410  0.410488E-08       0.051     1        0.02      0.03      0.02    0.6067E-05  0.1522E-05  0.2463E-04
| 12   -548.340265411  0.196096E-09       0.049     2        0.01      0.03      0.01    0.1543E-05  0.4046E-06  0.7125E-05
| ------------------------------------------------------------------------------------------------------------------------
| REACH CONVERGENCE AFTER  12 CYCLES
| MAX ERROR = 0.154320E-05   RMS CHANGE = 0.404602E-06   MAX CHANGE = 0.712464E-05
| -----------------------------------------------
 ALPHA ELECTRON DENSITY    =    15.9999008805
 BETA ELECTRON DENSITY     =    15.9999008805
 ELECTRONIC ENERGY    =   -658.119925024
 CORE_CORE REPULSION  =    109.779659614
 TOTAL ENERGY         =   -548.340265411

 @ End Energy calculation


 @ Begin Gradient Calculation

 ANALYTICAL GRADIENT: 
----------------------------------------
 COORDINATE    XYZ            GRADIENT
----------------------------------------
    1X    -1.2971800991    -0.0226995032
    1Y     0.8510700650    -0.0002032057
    1Z     0.0834500064     0.0324477313
    2X     0.1344800103    -0.0863269578
    2Y     0.8524500651     0.0005307770
    2Z    -0.1352400103    -0.0854167107
    3X    -1.5682001198     0.1090838947
    3Y     0.8600200657    -0.0003507687
    3Z    -1.3392001023     0.0529388318
----------------------------------------

 @ End Gradient Calculation


 @ Begin Zmake conversion

  
 Z-MATRIX:

   ATOM  ELEMENTAL  BOND LENGTH    BOND ANGLE    DIHEDRAL ANGLE
  NUMBER  SYMBOL    (ANGSTROMS)    (DEGREES)       (DEGREES)
     I                 I-NA         I-NA-NB        I-NA-NB-NC      NA   NB   NC

     1      S        0.00000  0     0.00000  0      0.00000  0      0    0    0
     2      O        1.44827  1     0.00000  0      0.00000  0      1    0    0
     3      O        1.44826  1    92.10048  1      0.00000  0      1    2    0

 @ End Zmake conversion


 @ Begin Charge and Dipole Calculation

    ATOMIC CHARGES
   ATOM          MULLIKEN            LOWDIN
   S              0.7678             1.1838
   O             -0.3837            -0.5963
   O             -0.3840            -0.5875
   TOTAL         0.0000             0.0000

    DIPOLE (DEBYE)
      X         Y         Z        TOTAL
   -1.7358   -0.0155    2.4548    3.0066

 @ End Charge and Dipole Calculation


 @ Output Timing Information

------------- TIMING ---------------
| INITIAL GUESS TIME  =     0.842044000( 16.71%)
| DFT GRID OPERATIONS =     0.012063000(  0.24%)
| TOTAL SCF TIME      =     0.551495000( 10.95%)
|       TOTAL OP TIME      =     0.434432000(  8.62%)
|             TOTAL 1e TIME      =     0.005610000(  0.11%)
|             TOTAL 2e TIME      =     0.182003000(  3.61%)
|             TOTAL EXC TIME     =     0.238675000(  4.74%)
|       TOTAL DII TIME      =     0.116760000(  2.32%)
|             TOTAL DIAG TIME    =     0.103523000(  2.05%)
| TOTAL GRADIENT TIME      =     0.473069000(  9.39%)
|       TOTAL 1e GRADIENT TIME      =     0.087423000( 1.75%)
|       TOTAL 2e GRADIENT TIME      =     0.285741000( 5.67%)
|       TOTAL EXC GRADIENT TIME     =     0.099282000(  1.97%)
| TOTAL TIME          =     5.038204000
------------------------------------
| Job cpu time:  0 days  0 hours  0 minutes  5.0 seconds.

 @ Finish Output Timing Information

| Normal Termination. Task Finished on: Tue May  3 18:24:12 2022
