  *********************************************************************************************************
  **                                                                                                     **
  **           888888888888                                                                              **
  **         8888888888888888                                                                            **
  **      888888888888888888                                                                             **
  **     888888888888888888                                                                              **
  **    888888888888888                                                                                  **
  **   88888888888888888888                               88888                       8888:              **
  **   8888888888888888888888Z                            88888                       8888:              **
  **   888888888888888888888888?                          88888                       8888:              **
  **   8888888888888      8888888                                        888888       8888:              **
  **    88888888888         888888     8888:     88888    88888        888888888I     8888:    888888    **
  **    8888888888           88888:    8888:     88888    88888      $888888888888    8888:   888888     **
  **    I8Z 88888             88888    8888:     88888    88888    .888888     8888   8888: 888888       **
  **    .8Z 88888             88888    8888:     88888    88888    $88888             8888:88888         **
  **     8I 88888      .=88. .88888    8888:     88888    88888    88888              8888888888         **
  **    :8  88888      888888$8888$    8888:     88888    88888    8888O              88888888888        **
  **   ,7   +88888.     8888888888.    8888:     88888    88888    888888             88888O888888       **
  **         $888888:.   .8888888      88888....888888    88888     888888     8888   8888:  888888      **
  **          I8888888888888888888     888888888888888    88888     O888888888888O    8888:   888888     **
  **            O888888888888888888     88888888888888    88888       88888888888$    8888:    888888    **
  **               8888888Z     888      .8888I  88888    88888         8888888       8888:     888888   **
  **                                                                                                     **
  **                                                                                                     **
  **                                         Copyright (c) 2022                                          **
  **                          Regents of the University of California San Diego                          **
  **                                    & Michigan State University                                      **
  **                                        All Rights Reserved.                                         **
  **                                                                                                     **
  **             This software is subject to the terms of the Mozilla Public License, v. 2.0.            **
  **                                                                                                     **
  *********************************************************************************************************
                                                                                                           
  Cite this work as:                                                                                       
  Manathunga, M.; Shajan, A.; Giese, T. J.; Cruzeiro, V.W.D.; Smith, J.; Miao, Y.; He, X.; Ayers, K.;      
  Brothers, E.; Goetz, A.W.; Merz, K.M. QUICK-22.03                                                        
  University of California San Diego, CA and Michigan State University, East Lansing, MI, 2022             
                                                                                                           
  If you have any comments or queries, please send us an email for technical support:                      
  quick.merzlab@gmail.com                                                                                  
                                                                                                           
| TASK STARTS ON: Fri Jul 22 11:19:41 2022
| INPUT FILE :    grad_psb3_b3lyp_631g.in
| OUTPUT FILE:    grad_psb3_b3lyp_631g.out
| DATA FILE  :    grad_psb3_b3lyp_631g.dat
| BASIS SET PATH: /home/madu/test-output-update/basis

|------------ GPU INFORMATION ---------------
| CUDA ENABLED DEVICE         :        3
| CUDA DEVICE IN USE          :        0
| CUDA DEVICE NAME            : NVIDIA TITAN V
| CUDA DEVICE PM              :       80
| CUDA DEVICE CORE FREQ(GHZ)  :     1.46
| CUDA DEVICE MEMORY SIZE (MB):    12066
| SUPPORTING CUDA VERSION     :      7.0
|--------------------------------------------

 @ Read Job And Atom

  KEYWORD=DFT B3LYP BASIS=6-31G CUTOFF=1.0E-9 DENSERMS=1.0E-6 CHARGE=+1 GRADIENT DIPOLE                                                                                                                           
 ============== JOB CARD =============
 METHOD = DENSITY FUNCTIONAL THEORY
 DENSITY FUNCTIONAL = B3LYP
 DIRECT SCF 
 SAD INITAL GUESS 
 USE DIIS SCF
 PRINT ENERGY EVERY CYCLE
 READ SAD GUESS FROM FILE
 DIPOLE
 STANDARD GRID = SG1
 GRADIENT CALCULATION
 MAX SCF CYCLES =    200
 MAX DIIS CYCLES =   10
 DELTA DENSITY START CYCLE =    3
 COMPUTATIONAL CUTOFF: 
      TWO-e INTEGRAL   =  0.100E-08
      BASIS SET PRIME  =  0.100E-09
      MATRIX ELEMENTS  =  0.100E-09
      BASIS FUNCTION   =  0.100E-05
      GRADIENT CUTOFF  =  0.100E-08
 DENSITY MATRIX MAXIMUM RMS FOR CONVERGENCE  =  0.100E-05
 BASIS SET = 6-31G,  TYPE = CARTESIAN
| BASIS FILE = /home/madu/test-output-update/basis/6-31G.BAS

 @ Finish reading job


 @ Begin SAD initial guess

 For Atom Kind =    1
 ELEMENT = C 
 BASIS FUNCTIONS =    9
 For Atom Kind =    2
 ELEMENT = N 
 BASIS FUNCTIONS =    9
 For Atom Kind =    3
 ELEMENT = H 
 BASIS FUNCTIONS =    2

 @ Finish SAD initial guess


 @ Begin Reading Molecular Information


 =========== Molecule Input ==========
 TOTAL MOLECULAR CHARGE  =    1    MULTIPLICITY                =    1
 TOTAL ATOM NUMBER       =   14    NUMBER OF ATOM TYPES        =    3
 NUMBER OF HYDROGEN ATOM =    8    NUMBER OF NON-HYDROGEN ATOM =    6
 NUMBER OF ELECTRONS     =   44

 -- INPUT GEOMETRY -- :
    C          -2.7472      -0.8366       0.8589
    C          -1.4569      -0.4717       0.9992
    C          -0.6277      -0.2215      -0.1532
    C           0.6894       0.1526      -0.2017
    C           1.4882       0.3645       0.9508
    N           2.7314       0.7179       0.9037
    H           1.1530       0.2966      -1.1612
    H          -1.1103      -0.3463      -1.1067
    H           1.0827       0.2367       1.9358
    H          -1.0483      -0.3680       1.9877
    H           3.2687       0.8596       1.7368
    H           3.2084       0.8645       0.0338
    H          -3.3689      -1.0241       1.7130
    H          -3.2011      -0.9533      -0.1081

 -- DISTANCE MATRIX -- :
              1           2           3           4           5
      1     0.00000
      2     2.54783     0.00000
      3     4.58824     2.72422     0.00000
      4     7.04901     4.79509     2.58914     0.00000
      5     8.32128     5.78618     4.64407     2.67996     0.00000
      6    10.76215     8.22979     6.88736     4.51608     2.44398
      7     8.57213     6.56504     3.98880     2.03203     4.04312
      8     4.92184     4.03998     2.03309     3.92175     6.40577
      9     7.78692     5.28737     5.17510     4.11025     2.02752
     10     3.95505     2.03091     4.13247     5.37308     5.36018
     11    11.92755     9.38174     8.43475     6.24179     3.79493
     12    11.80796     9.35025     7.54235     4.96652     3.80289
     13     2.02747     3.99549     6.44755     8.76653     9.65437
     14     2.03075     4.00891     5.05659     7.64543     9.41987
              6           7           8           9          10
      6     0.00000
      7     4.97571     0.00000
      8     8.43691     4.44738     0.00000
      9     3.78663     5.85521     7.17246     0.00000
     10     7.70867     7.36830     5.84893     4.18703     0.00000
     11     1.89227     6.86346    10.12627     4.31181     8.49450
     12     1.89512     4.61928     8.74549     5.51933     9.15220
     13    12.08582    10.42828     6.94621     8.75320     4.58667
     14    11.80313     8.78871     4.52637     9.24709     5.78457
             11          12          13          14
     11     0.00000
     12     3.22015     0.00000
     13    13.03851    13.31509     0.00000
     14    13.16700    12.59278     3.45864     0.00000

============== BASIS INFOS ==============
 BASIS FUNCTIONS =   70
 NSHELL =   34 NPRIM  =  164
 JSHELL =   34 JBASIS =   92


 @ End Reading Molecular Information 


 @ Begin XC Quadrature Formation

 OCTAGO: OCTree Algorithm for Grid Operations 
   PRUNING CUTOFF       = 0.100E-06
   INITIAL GRID POINTS  =       52912
|   FINAL GRID POINTS    =       34324
|   SIGNIFICANT NUMBER OF BASIS FUNCTIONS     =       21284
|   SIGNIFICANT NUMBER OF PRIMITIVE FUNCTIONS =       26104

 @ End XC Quadrature Formation


 @ Begin Energy Calculation

                                         SCF ENERGY
| ------------------------------------------------------------------------------------------------------------------------
| NCYC       ENERGY         DELTA_E      SCF_TIME  DII_CYC   DII_TIME   O_TIME  DIAG_TIME    MAX_ERR    RMS_CHG    MAX_CHG
| ------------------------------------------------------------------------------------------------------------------------
|  1   -250.939484619      ------         0.064     1        0.01      0.06      0.00    0.2214E+01  0.5457E-01  0.5449E+00
|  2   -249.630782279  -.130870E+01       0.036     2        0.01      0.03      0.00    0.1467E+00  0.2573E-01  0.2531E+00
|  3   -249.484822447  -.145960E+00       0.035     3        0.00      0.03      0.00    0.1800E+00  0.1983E-01  0.2408E+00
|  4   -249.746754066  0.261932E+00       0.034     4        0.00      0.03      0.00    0.7637E-01  0.5010E-02  0.7963E-01
|  5   -249.764866743  0.181127E-01       0.034     5        0.00      0.03      0.00    0.2623E-01  0.1455E-02  0.2915E-01
|  6   -249.766517932  0.165119E-02       0.034     6        0.00      0.03      0.00    0.9704E-02  0.5198E-03  0.7909E-02
|  7   -249.766895874  0.377943E-03       0.034     7        0.00      0.03      0.00    0.1176E-02  0.8999E-04  0.1246E-02
|  8   -249.766900809  0.493483E-05       0.032     8        0.00      0.03      0.00    0.4010E-03  0.3066E-04  0.4132E-03
|  9   -249.766901455  0.645596E-06       0.032     9        0.00      0.03      0.00    0.1774E-03  0.9709E-05  0.1279E-03
| 10   -249.766901532  0.770510E-07       0.031    10        0.00      0.03      0.00    0.2979E-04  0.1793E-05  0.2843E-04
| 11   -249.766901538  0.609197E-08       0.031     1        0.00      0.03      0.00    0.6558E-05  0.6958E-06  0.6032E-05
| ------------------------------------------------------------------------------------------------------------------------
| REACH CONVERGENCE AFTER  11 CYCLES
| MAX ERROR = 0.655793E-05   RMS CHANGE = 0.695823E-06   MAX CHANGE = 0.603169E-05
| -----------------------------------------------
 ALPHA ELECTRON DENSITY    =    22.0000149445
 BETA ELECTRON DENSITY     =    22.0000149445
 ELECTRONIC ENERGY    =   -456.952079906
 CORE_CORE REPULSION  =    207.185178368
 TOTAL ENERGY         =   -249.766901538

 @ End Energy calculation


 @ Begin Gradient Calculation

 ANALYTICAL GRADIENT: 
----------------------------------------
 COORDINATE    XYZ            GRADIENT
----------------------------------------
    1X    -2.7472418398    -0.0020859033
    1Y    -0.8365548639    -0.0005991867
    1Z     0.8589189656    -0.0008125722
    2X    -1.4569025413    -0.0049464721
    2Y    -0.4716641760    -0.0014892590
    2Z     0.9991729563     0.0083131619
    3X    -0.6277284579     0.0055326645
    3Y    -0.2214534969     0.0016487844
    3Z    -0.1532414517    -0.0073924331
    4X     0.6894454626    -0.0064765881
    4Y     0.1526015717    -0.0016503440
    4Z    -0.2017192054    -0.0127012970
    5X     1.4882335436     0.0287123970
    5Y     0.3644892578     0.0080220030
    5Z     0.9507802626     0.0104620934
    6X     2.7314029986    -0.0212687130
    6Y     0.7179429748    -0.0060919989
    6Z     0.9037053790    -0.0000151122
    7X     1.1529901580    -0.0030067801
    7Y     0.2966273727    -0.0009155631
    7Z    -1.1612303687     0.0070618169
    8X    -1.1102871648     0.0052531425
    8Y    -0.3462945664     0.0013526529
    8Z    -1.1066774945     0.0075607604
    9X     1.0826637827     0.0054715426
    9Y     0.2367248081     0.0016742073
    9Z     1.9358367978    -0.0075411969
   10X    -1.0482501600    -0.0035045948
   10Y    -0.3680458381    -0.0009160151
   10Z     1.9877437618    -0.0072489582
   11X     3.2686678496    -0.0069499940
   11Y     0.8595906456    -0.0018582517
   11Z     1.7367549926    -0.0084256191
   12X     3.2083893950    -0.0061812234
   12Y     0.8644560160    -0.0018673748
   12Z     0.0337982326     0.0093396633
   13X    -3.3688550073     0.0054649861
   13Y    -1.0241194582     0.0016250414
   13Z     1.7130323208    -0.0061977564
   14X    -3.2011340045     0.0039855361
   14Y    -0.9533144028     0.0010653043
   14Z    -0.1081245083     0.0075974491
----------------------------------------

 @ End Gradient Calculation


 @ Begin Charge and Dipole Calculation

    ATOMIC CHARGES
   ATOM          MULLIKEN            LOWDIN
   C             -0.2430            -0.0941
   C             -0.0615            -0.1261
   C             -0.0797             0.0272
   C             -0.1524            -0.1664
   C              0.2098             0.1086
   N             -0.6403            -0.1984
   H              0.1908             0.1498
   H              0.1972             0.1555
   H              0.2294             0.1583
   H              0.1657             0.1309
   H              0.3954             0.2799
   H              0.3926             0.2746
   H              0.2013             0.1542
   H              0.1949             0.1461
   TOTAL         1.0000             1.0000

    DIPOLE (DEBYE)
      X         Y         Z        TOTAL
    3.4765    0.9767    0.7398    3.6861

 @ End Charge and Dipole Calculation


 @ Output Timing Information

------------- TIMING ---------------
| INITIAL GUESS TIME  =     0.585946000(  8.80%)
| DFT GRID OPERATIONS =     0.059469000(  0.89%)
| TOTAL SCF TIME      =     0.403743000(  6.06%)
|       TOTAL OP TIME      =     0.355138000(  5.33%)
|             TOTAL 1e TIME      =     0.007877000(  0.12%)
|             TOTAL 2e TIME      =     0.129670000(  1.95%)
|             TOTAL EXC TIME     =     0.208242000(  3.13%)
|       TOTAL DII TIME      =     0.048405000(  0.73%)
|             TOTAL DIAG TIME    =     0.035672000(  0.54%)
| TOTAL GRADIENT TIME      =     0.308270000(  4.63%)
|       TOTAL 1e GRADIENT TIME      =     0.057940000( 0.88%)
|       TOTAL 2e GRADIENT TIME      =     0.143190000( 2.15%)
|       TOTAL EXC GRADIENT TIME     =     0.106317000(  1.60%)
| TOTAL TIME          =     6.658448000
------------------------------------
| Job cpu time:  0 days  0 hours  0 minutes  6.7 seconds.

 @ Finish Output Timing Information

| Normal Termination. Task Finished on: Fri Jul 22 11:19:48 2022
