  *********************************************************************************************************
  **                                                                                                     **
  **           888888888888                                                                              **
  **         8888888888888888                                                                            **
  **      888888888888888888                                                                             **
  **     888888888888888888                                                                              **
  **    888888888888888                                                                                  **
  **   88888888888888888888                               88888                       8888:              **
  **   8888888888888888888888Z                            88888                       8888:              **
  **   888888888888888888888888?                          88888                       8888:              **
  **   8888888888888      8888888                                        888888       8888:              **
  **    88888888888         888888     8888:     88888    88888        888888888I     8888:    888888    **
  **    8888888888           88888:    8888:     88888    88888      $888888888888    8888:   888888     **
  **    I8Z 88888             88888    8888:     88888    88888    .888888     8888   8888: 888888       **
  **    .8Z 88888             88888    8888:     88888    88888    $88888             8888:88888         **
  **     8I 88888      .=88. .88888    8888:     88888    88888    88888              8888888888         **
  **    :8  88888      888888$8888$    8888:     88888    88888    8888O              88888888888        **
  **   ,7   +88888.     8888888888.    8888:     88888    88888    888888             88888O888888       **
  **         $888888:.   .8888888      88888....888888    88888     888888     8888   8888:  888888      **
  **          I8888888888888888888     888888888888888    88888     O888888888888O    8888:   888888     **
  **            O888888888888888888     88888888888888    88888       88888888888$    8888:    888888    **
  **               8888888Z     888      .8888I  88888    88888         8888888       8888:     888888   **
  **                                                                                                     **
  **                                                                                                     **
  **                                         Copyright (c) 2022                                          **
  **                          Regents of the University of California San Diego                          **
  **                                    & Michigan State University                                      **
  **                                        All Rights Reserved.                                         **
  **                                                                                                     **
  **             This software is subject to the terms of the Mozilla Public License, v. 2.0.            **
  **                                                                                                     **
  *********************************************************************************************************
                                                                                                           
  Cite this work as:                                                                                       
  Manathunga, M.; Shajan, A.; Giese, T. J.; Cruzeiro, V.W.D.; Smith, J.; Miao, Y.; He, X.; Ayers, K.;      
  Brothers, E.; Goetz, A.W.; Merz, K.M. QUICK-22.03                                                        
  University of California San Diego, CA and Michigan State University, East Lansing, MI, 2022             
                                                                                                           
  If you have any comments or queries, please send us an email for technical support:                      
  quick.merzlab@gmail.com                                                                                  
                                                                                                           
| TASK STARTS ON: Fri Jul 22 11:15:53 2022
| INPUT FILE :    grad_SO2_b3lyp_def2sv_p.in
| OUTPUT FILE:    grad_SO2_b3lyp_def2sv_p.out
| DATA FILE  :    grad_SO2_b3lyp_def2sv_p.dat
| BASIS SET PATH: /home/madu/test-output-update/basis

|------------ GPU INFORMATION ---------------
| CUDA ENABLED DEVICE         :        3
| CUDA DEVICE IN USE          :        0
| CUDA DEVICE NAME            : NVIDIA TITAN V
| CUDA DEVICE PM              :       80
| CUDA DEVICE CORE FREQ(GHZ)  :     1.46
| CUDA DEVICE MEMORY SIZE (MB):    12066
| SUPPORTING CUDA VERSION     :      7.0
|--------------------------------------------

 @ Read Job And Atom

  KEYWORD=B3LYP  BASIS=DEF2-SV(P) CUTOFF=1.0E-9 DENSERMS=1.0E-6  ZMAKE GRADIENT DIPOLE CHARGE=0                                                                                                                   
 ============== JOB CARD =============
 METHOD = DENSITY FUNCTIONAL THEORY
 DENSITY FUNCTIONAL = B3LYP
 DIRECT SCF 
 SAD INITAL GUESS 
 USE DIIS SCF
 PRINT ENERGY EVERY CYCLE
 READ SAD GUESS FROM FILE
 Z-MATRIX CONSTRUCTION
 DIPOLE
 STANDARD GRID = SG1
 GRADIENT CALCULATION
 MAX SCF CYCLES =    200
 MAX DIIS CYCLES =   10
 DELTA DENSITY START CYCLE =    3
 COMPUTATIONAL CUTOFF: 
      TWO-e INTEGRAL   =  0.100E-08
      BASIS SET PRIME  =  0.100E-09
      MATRIX ELEMENTS  =  0.100E-09
      BASIS FUNCTION   =  0.100E-05
      GRADIENT CUTOFF  =  0.100E-08
 DENSITY MATRIX MAXIMUM RMS FOR CONVERGENCE  =  0.100E-05
 BASIS SET = DEF2-SV(P),  TYPE = CARTESIAN
| BASIS FILE = /home/madu/test-output-update/basis/DEF2-SV_P.BAS

 @ Finish reading job


 @ Begin SAD initial guess

 For Atom Kind =    1
 ELEMENT = S 
 BASIS FUNCTIONS =   19
 For Atom Kind =    2
 ELEMENT = O 
 BASIS FUNCTIONS =   15

 @ Finish SAD initial guess


 @ Begin Reading Molecular Information


 =========== Molecule Input ==========
 TOTAL MOLECULAR CHARGE  =    0    MULTIPLICITY                =    1
 TOTAL ATOM NUMBER       =    3    NUMBER OF ATOM TYPES        =    2
 NUMBER OF HYDROGEN ATOM =    0    NUMBER OF NON-HYDROGEN ATOM =    3
 NUMBER OF ELECTRONS     =   32

 -- INPUT GEOMETRY -- :
    S          -1.2972       0.8511       0.0835
    O           0.1345       0.8525      -0.1352
    O          -1.5682       0.8600      -1.3392

 -- DISTANCE MATRIX -- :
              1           2           3
      1     0.00000
      2     2.73683     0.00000
      3     2.73682     3.94075     0.00000

============== BASIS INFOS ==============
 BASIS FUNCTIONS =   49
 NSHELL =   20 NPRIM  =   87
 JSHELL =   20 JBASIS =   42


 @ End Reading Molecular Information 


 @ Begin XC Quadrature Formation

 OCTAGO: OCTree Algorithm for Grid Operations 
   PRUNING CUTOFF       = 0.100E-06
   INITIAL GRID POINTS  =       11392
|   FINAL GRID POINTS    =        7733
|   SIGNIFICANT NUMBER OF BASIS FUNCTIONS     =        6009
|   SIGNIFICANT NUMBER OF PRIMITIVE FUNCTIONS =        6778

 @ End XC Quadrature Formation


 @ Begin Energy Calculation

                                         SCF ENERGY
| ------------------------------------------------------------------------------------------------------------------------
| NCYC       ENERGY         DELTA_E      SCF_TIME  DII_CYC   DII_TIME   O_TIME  DIAG_TIME    MAX_ERR    RMS_CHG    MAX_CHG
| ------------------------------------------------------------------------------------------------------------------------
|  1   -548.966261003      ------         0.050     1        0.01      0.04      0.00    0.1533E+01  0.5244E-01  0.6902E+00
|  2   -547.988855438  -.977406E+00       0.023     2        0.00      0.02      0.00    0.3463E+00  0.6623E-01  0.7215E+00
|  3   -546.877908175  -.111095E+01       0.023     3        0.00      0.02      0.00    0.7162E+00  0.5007E-01  0.5804E+00
|  4   -548.289495909  0.141159E+01       0.022     4        0.00      0.02      0.00    0.1026E+00  0.1219E-01  0.1668E+00
|  5   -548.262726567  -.267693E-01       0.021     5        0.00      0.02      0.00    0.1562E+00  0.7324E-02  0.9866E-01
|  6   -548.311649606  0.489230E-01       0.021     6        0.00      0.02      0.00    0.6126E-02  0.6307E-03  0.7517E-02
|  7   -548.311833457  0.183851E-03       0.021     7        0.00      0.02      0.00    0.1259E-02  0.1197E-03  0.1060E-02
|  8   -548.311837977  0.452014E-05       0.021     8        0.00      0.02      0.00    0.3327E-03  0.2968E-04  0.2930E-03
|  9   -548.311838380  0.402871E-06       0.021     9        0.00      0.02      0.00    0.6752E-04  0.5703E-05  0.4617E-04
| 10   -548.311838390  0.100366E-07       0.021    10        0.00      0.02      0.00    0.9992E-05  0.1863E-05  0.2039E-04
| 11   -548.311838390  0.473037E-09       0.021     1        0.00      0.02      0.00    0.1459E-05  0.4462E-06  0.4908E-05
| ------------------------------------------------------------------------------------------------------------------------
| REACH CONVERGENCE AFTER  11 CYCLES
| MAX ERROR = 0.145938E-05   RMS CHANGE = 0.446198E-06   MAX CHANGE = 0.490754E-05
| -----------------------------------------------
 ALPHA ELECTRON DENSITY    =    15.9999215605
 BETA ELECTRON DENSITY     =    15.9999215605
 ELECTRONIC ENERGY    =   -658.091498004
 CORE_CORE REPULSION  =    109.779659614
 TOTAL ENERGY         =   -548.311838390

 @ End Energy calculation


 @ Begin Gradient Calculation

 ANALYTICAL GRADIENT: 
----------------------------------------
 COORDINATE    XYZ            GRADIENT
----------------------------------------
    1X    -1.2971800991    -0.0280096182
    1Y     0.8510700650    -0.0002504402
    1Z     0.0834500064     0.0397895112
    2X     0.1344800103    -0.0833512851
    2Y     0.8524500651     0.0005568160
    2Z    -0.1352400103    -0.0887393064
    3X    -1.5682001198     0.1113609032
    3Y     0.8600200657    -0.0003063757
    3Z    -1.3392001023     0.0489497953
----------------------------------------

 @ End Gradient Calculation


 @ Begin Zmake conversion

  
 Z-MATRIX:

   ATOM  ELEMENTAL  BOND LENGTH    BOND ANGLE    DIHEDRAL ANGLE
  NUMBER  SYMBOL    (ANGSTROMS)    (DEGREES)       (DEGREES)
     I                 I-NA         I-NA-NB        I-NA-NB-NC      NA   NB   NC

     1      S        0.00000  0     0.00000  0      0.00000  0      0    0    0
     2      O        1.44827  1     0.00000  0      0.00000  0      1    0    0
     3      O        1.44826  1    92.10048  1      0.00000  0      1    2    0

 @ End Zmake conversion


 @ Begin Charge and Dipole Calculation

    ATOMIC CHARGES
   ATOM          MULLIKEN            LOWDIN
   S              0.7186             0.8407
   O             -0.3593            -0.4198
   O             -0.3594            -0.4209
   TOTAL        -0.0000            -0.0000

    DIPOLE (DEBYE)
      X         Y         Z        TOTAL
   -1.8028   -0.0161    2.5495    3.1225

 @ End Charge and Dipole Calculation


 @ Output Timing Information

------------- TIMING ---------------
| INITIAL GUESS TIME  =     0.424275000(  6.61%)
| DFT GRID OPERATIONS =     0.012772000(  0.20%)
| TOTAL SCF TIME      =     0.267910000(  4.17%)
|       TOTAL OP TIME      =     0.227971000(  3.55%)
|             TOTAL 1e TIME      =     0.003364000(  0.05%)
|             TOTAL 2e TIME      =     0.098168000(  1.53%)
|             TOTAL EXC TIME     =     0.122031000(  1.90%)
|       TOTAL DII TIME      =     0.039789000(  0.62%)
|             TOTAL DIAG TIME    =     0.029013000(  0.45%)
| TOTAL GRADIENT TIME      =     0.341706000(  5.32%)
|       TOTAL 1e GRADIENT TIME      =     0.022103000( 0.36%)
|       TOTAL 2e GRADIENT TIME      =     0.273992000( 4.27%)
|       TOTAL EXC GRADIENT TIME     =     0.044866000(  0.70%)
| TOTAL TIME          =     6.417383000
------------------------------------
| Job cpu time:  0 days  0 hours  0 minutes  6.4 seconds.

 @ Finish Output Timing Information

| Normal Termination. Task Finished on: Fri Jul 22 11:15:59 2022
