  *********************************************************************************************************
  **                                                                                                     **
  **           888888888888                                                                              **
  **         8888888888888888                                                                            **
  **      888888888888888888                                                                             **
  **     888888888888888888                                                                              **
  **    888888888888888                                                                                  **
  **   88888888888888888888                               88888                       8888:              **
  **   8888888888888888888888Z                            88888                       8888:              **
  **   888888888888888888888888?                          88888                       8888:              **
  **   8888888888888      8888888                                        888888       8888:              **
  **    88888888888         888888     8888:     88888    88888        888888888I     8888:    888888    **
  **    8888888888           88888:    8888:     88888    88888      $888888888888    8888:   888888     **
  **    I8Z 88888             88888    8888:     88888    88888    .888888     8888   8888: 888888       **
  **    .8Z 88888             88888    8888:     88888    88888    $88888             8888:88888         **
  **     8I 88888      .=88. .88888    8888:     88888    88888    88888              8888888888         **
  **    :8  88888      888888$8888$    8888:     88888    88888    8888O              88888888888        **
  **   ,7   +88888.     8888888888.    8888:     88888    88888    888888             88888O888888       **
  **         $888888:.   .8888888      88888....888888    88888     888888     8888   8888:  888888      **
  **          I8888888888888888888     888888888888888    88888     O888888888888O    8888:   888888     **
  **            O888888888888888888     88888888888888    88888       88888888888$    8888:    888888    **
  **               8888888Z     888      .8888I  88888    88888         8888888       8888:     888888   **
  **                                                                                                     **
  **                                                                                                     **
  **                                         Copyright (c) 2022                                          **
  **                          Regents of the University of California San Diego                          **
  **                                    & Michigan State University                                      **
  **                                        All Rights Reserved.                                         **
  **                                                                                                     **
  **             This software is subject to the terms of the Mozilla Public License, v. 2.0.            **
  **                                                                                                     **
  *********************************************************************************************************
                                                                                                           
  Cite this work as:                                                                                       
  Manathunga, M.; Shajan, A.; Giese, T. J.; Cruzeiro, V.W.D.; Smith, J.; Miao, Y.; He, X.; Ayers, K.;      
  Brothers, E.; Goetz, A.W.; Merz, K.M. QUICK-22.03                                                        
  University of California San Diego, CA and Michigan State University, East Lansing, MI, 2022             
                                                                                                           
  If you have any comments or queries, please send us an email for technical support:                      
  quick.merzlab@gmail.com                                                                                  
                                                                                                           
| TASK STARTS ON: Fri Jul 22 11:22:36 2022
| INPUT FILE :    grad_ch5nos_pw91_631g.in
| OUTPUT FILE:    grad_ch5nos_pw91_631g.out
| DATA FILE  :    grad_ch5nos_pw91_631g.dat
| BASIS SET PATH: /home/madu/test-output-update/basis

|------------ GPU INFORMATION ---------------
| CUDA ENABLED DEVICE         :        3
| CUDA DEVICE IN USE          :        0
| CUDA DEVICE NAME            : NVIDIA TITAN V
| CUDA DEVICE PM              :       80
| CUDA DEVICE CORE FREQ(GHZ)  :     1.46
| CUDA DEVICE MEMORY SIZE (MB):    12066
| SUPPORTING CUDA VERSION     :      7.0
|--------------------------------------------

 @ Read Job And Atom

  KEYWORD=DFT PW91 BASIS=6-31G CUTOFF=1.0E-9 DENSERMS=1.0E-6  ZMAKE GRADIENT DIPOLE                                                                                                                               
 ============== JOB CARD =============
 METHOD = DENSITY FUNCTIONAL THEORY
 USING LIBXC VERSION: 4.3.4
 FUNCTIONAL INFORMATION:
 NAME = Perdew & Wang 91 FAMILY = GGA KIND = EXCHANGE
 NAME = Perdew & Wang 91 FAMILY = GGA KIND = CORRELATION
 DIRECT SCF 
 SAD INITAL GUESS 
 USE DIIS SCF
 PRINT ENERGY EVERY CYCLE
 READ SAD GUESS FROM FILE
 Z-MATRIX CONSTRUCTION
 DIPOLE
 STANDARD GRID = SG1
 GRADIENT CALCULATION
 MAX SCF CYCLES =    200
 MAX DIIS CYCLES =   10
 DELTA DENSITY START CYCLE =    3
 COMPUTATIONAL CUTOFF: 
      TWO-e INTEGRAL   =  0.100E-08
      BASIS SET PRIME  =  0.100E-09
      MATRIX ELEMENTS  =  0.100E-09
      BASIS FUNCTION   =  0.100E-05
      GRADIENT CUTOFF  =  0.100E-08
 DENSITY MATRIX MAXIMUM RMS FOR CONVERGENCE  =  0.100E-05
 BASIS SET = 6-31G,  TYPE = CARTESIAN
| BASIS FILE = /home/madu/test-output-update/basis/6-31G.BAS

 @ Finish reading job


 @ Begin SAD initial guess

 For Atom Kind =    1
 ELEMENT = C 
 BASIS FUNCTIONS =    9
 For Atom Kind =    2
 ELEMENT = O 
 BASIS FUNCTIONS =    9
 For Atom Kind =    3
 ELEMENT = N 
 BASIS FUNCTIONS =    9
 For Atom Kind =    4
 ELEMENT = H 
 BASIS FUNCTIONS =    2
 For Atom Kind =    5
 ELEMENT = S 
 BASIS FUNCTIONS =   13

 @ Finish SAD initial guess


 @ Begin Reading Molecular Information


 =========== Molecule Input ==========
 TOTAL MOLECULAR CHARGE  =    0    MULTIPLICITY                =    1
 TOTAL ATOM NUMBER       =    9    NUMBER OF ATOM TYPES        =    5
 NUMBER OF HYDROGEN ATOM =    5    NUMBER OF NON-HYDROGEN ATOM =    4
 NUMBER OF ELECTRONS     =   42

 -- INPUT GEOMETRY -- :
    C          -1.3709       0.2881      -0.2373
    O           0.0012       0.1311      -0.4531
    N          -1.7503      -0.7127       0.7167
    H          -1.8997       0.1549      -1.1853
    S          -1.7415       1.9080       0.4275
    H           0.3414      -0.0348       0.4408
    H          -1.6363      -1.6188       0.2661
    H          -2.7490      -0.6078       0.8861
    H          -1.0357       1.7471       1.5528

 -- DISTANCE MATRIX -- :
              1           2           3           4           5
      1     0.00000
      2     2.64149     0.00000
      3     2.70947     4.28781     0.00000
      4     2.06675     3.84976     3.96068     0.00000
      5     3.38226     4.98903     4.98250     4.51155     0.00000
      6     3.53334     1.83439     4.18776     5.24471     5.38266
      7     3.76053     4.72845     1.92434     4.35946     6.67455
      8     3.76245     5.94694     1.92451     4.46955     5.19404
      9     4.40981     5.24731     5.09191     6.20423     2.52847
              6           7           8           9
      6     0.00000
      7     4.79962     0.00000
      8     5.99894     3.07312     0.00000
      9     4.74631     6.90345     5.64567     0.00000

============== BASIS INFOS ==============
 BASIS FUNCTIONS =   50
 NSHELL =   23 NPRIM  =  132
 JSHELL =   23 JBASIS =   66


 @ End Reading Molecular Information 


 @ Begin XC Quadrature Formation

 OCTAGO: OCTree Algorithm for Grid Operations 
   PRUNING CUTOFF       = 0.100E-06
   INITIAL GRID POINTS  =       33968
|   FINAL GRID POINTS    =       22216
|   SIGNIFICANT NUMBER OF BASIS FUNCTIONS     =       11516
|   SIGNIFICANT NUMBER OF PRIMITIVE FUNCTIONS =       15006

 @ End XC Quadrature Formation


 @ Begin Energy Calculation

                                         SCF ENERGY
| ------------------------------------------------------------------------------------------------------------------------
| NCYC       ENERGY         DELTA_E      SCF_TIME  DII_CYC   DII_TIME   O_TIME  DIAG_TIME    MAX_ERR    RMS_CHG    MAX_CHG
| ------------------------------------------------------------------------------------------------------------------------
|  1   -569.696999255      ------         0.063     1        0.01      0.06      0.00    0.2005E+01  0.6416E-01  0.4185E+00
|  2   -568.921668040  -.775331E+00       0.034     2        0.00      0.03      0.00    0.2767E+00  0.4659E-01  0.4226E+00
|  3   -568.647645953  -.274022E+00       0.033     3        0.00      0.03      0.00    0.4759E+00  0.3334E-01  0.2993E+00
|  4   -569.066463913  0.418818E+00       0.033     4        0.00      0.03      0.00    0.5985E-01  0.6091E-02  0.6424E-01
|  5   -569.073437722  0.697381E-02       0.033     5        0.00      0.03      0.00    0.1896E-01  0.1575E-02  0.1611E-01
|  6   -569.074165319  0.727597E-03       0.032     6        0.00      0.03      0.00    0.7058E-02  0.7452E-03  0.8362E-02
|  7   -569.074311803  0.146484E-03       0.032     7        0.00      0.03      0.00    0.1127E-02  0.1805E-03  0.1754E-02
|  8   -569.074317007  0.520439E-05       0.031     8        0.00      0.03      0.00    0.1202E-03  0.2104E-04  0.1806E-03
|  9   -569.074317062  0.548232E-07       0.030     9        0.00      0.03      0.00    0.5388E-04  0.6465E-05  0.7074E-04
| 10   -569.074317070  0.796160E-08       0.031    10        0.00      0.03      0.00    0.1652E-04  0.1969E-05  0.2157E-04
| 11   -569.074317071  0.172167E-08       0.030     1        0.00      0.03      0.00    0.2141E-05  0.3960E-06  0.2682E-05
| ------------------------------------------------------------------------------------------------------------------------
| REACH CONVERGENCE AFTER  11 CYCLES
| MAX ERROR = 0.214130E-05   RMS CHANGE = 0.395958E-06   MAX CHANGE = 0.268165E-05
| -----------------------------------------------
 ALPHA ELECTRON DENSITY    =    20.9998438936
 BETA ELECTRON DENSITY     =    20.9998438936
 ELECTRONIC ENERGY    =   -744.929776644
 CORE_CORE REPULSION  =    175.855459573
 TOTAL ENERGY         =   -569.074317071

 @ End Energy calculation


 @ Begin Gradient Calculation

 ANALYTICAL GRADIENT: 
----------------------------------------
 COORDINATE    XYZ            GRADIENT
----------------------------------------
    1X    -1.3708901047    -0.0028623957
    1Y     0.2881200220     0.0204903543
    1Z    -0.2373200181     0.0136478952
    2X     0.0012200001    -0.0179082015
    2Y     0.1311300100     0.0047019233
    2Z    -0.4531100346     0.0275613082
    3X    -1.7503301337     0.0177174139
    3Y    -0.7127100544     0.0126211978
    3Z     0.7166800547    -0.0057522940
    4X    -1.8996901451    -0.0024445016
    4Y     0.1549200118    -0.0107962221
    4Z    -1.1853500905     0.0095172154
    5X    -1.7415401330     0.0318659287
    5Y     1.9080001457    -0.0513635304
    5Z     0.4275400326     0.0077971601
    6X     0.3413900261    -0.0160327238
    6Y    -0.0348100027     0.0045176933
    6Z     0.4407800337    -0.0166001206
    7X    -1.6363401250    -0.0071220096
    7Y    -1.6187601236     0.0141795574
    7Z     0.2660700203    -0.0015718667
    8X    -2.7490502099     0.0081930306
    8Y    -0.6078000464     0.0002975569
    8Z     0.8861100677    -0.0152828256
    9X    -1.0357400791    -0.0114065409
    9Y     1.7471101334     0.0053514695
    9Z     1.5528101186    -0.0193164721
----------------------------------------

 @ End Gradient Calculation


 @ Begin Zmake conversion

  
 Z-MATRIX:

   ATOM  ELEMENTAL  BOND LENGTH    BOND ANGLE    DIHEDRAL ANGLE
  NUMBER  SYMBOL    (ANGSTROMS)    (DEGREES)       (DEGREES)
     I                 I-NA         I-NA-NB        I-NA-NB-NC      NA   NB   NC

     1      C        0.00000  0     0.00000  0      0.00000  0      0    0    0
     2      O        1.39782  1     0.00000  0      0.00000  0      1    0    0
     3      N        1.43379  1   106.50476  1      0.00000  0      1    2    0
     4      H        1.09368  1   109.09390  1   -120.27054  1      1    2    3
     5      S        1.78981  1   111.23987  1    118.95972  1      1    2    3
     6      H        1.86976  1    30.41941  1     41.33759  1      1    2    3
     7      H        1.98999  1    93.57588  1    -26.71589  1      1    2    3
     8      H        1.99100  1   135.72786  1      0.13364  1      1    2    3
     9      H        2.33357  1    92.73200  1     88.65691  1      1    2    3

 @ End Zmake conversion


 @ Begin Charge and Dipole Calculation

    ATOMIC CHARGES
   ATOM          MULLIKEN            LOWDIN
   C             -0.1730            -0.0743
   O             -0.5022            -0.3726
   N             -0.6265            -0.4476
   H              0.2050             0.1189
   S              0.0966            -0.0081
   H              0.3521             0.2763
   H              0.2898             0.2091
   H              0.2941             0.2142
   H              0.0643             0.0840
   TOTAL        -0.0000             0.0000

    DIPOLE (DEBYE)
      X         Y         Z        TOTAL
   -1.0678   -2.2543    0.8440    2.6333

 @ End Charge and Dipole Calculation


 @ Output Timing Information

------------- TIMING ---------------
| INITIAL GUESS TIME  =     0.917526000( 13.33%)
| DFT GRID OPERATIONS =     0.038904000(  0.57%)
| TOTAL SCF TIME      =     0.388401000(  5.64%)
|       TOTAL OP TIME      =     0.348896000(  5.07%)
|             TOTAL 1e TIME      =     0.005446000(  0.08%)
|             TOTAL 2e TIME      =     0.200280000(  2.91%)
|             TOTAL EXC TIME     =     0.136682000(  1.99%)
|       TOTAL DII TIME      =     0.039379000(  0.57%)
|             TOTAL DIAG TIME    =     0.028509000(  0.41%)
| TOTAL GRADIENT TIME      =     0.264303000(  3.84%)
|       TOTAL 1e GRADIENT TIME      =     0.035270000( 0.53%)
|       TOTAL 2e GRADIENT TIME      =     0.183854000( 2.67%)
|       TOTAL EXC GRADIENT TIME     =     0.044277000(  0.64%)
| TOTAL TIME          =     6.881577000
------------------------------------
| Job cpu time:  0 days  0 hours  0 minutes  6.9 seconds.

 @ Finish Output Timing Information

| Normal Termination. Task Finished on: Fri Jul 22 11:22:43 2022
