  *********************************************************************************************************
  **                                                                                                     **
  **           888888888888                                                                              **
  **         8888888888888888                                                                            **
  **      888888888888888888                                                                             **
  **     888888888888888888                                                                              **
  **    888888888888888                                                                                  **
  **   88888888888888888888                               88888                       8888:              **
  **   8888888888888888888888Z                            88888                       8888:              **
  **   888888888888888888888888?                          88888                       8888:              **
  **   8888888888888      8888888                                        888888       8888:              **
  **    88888888888         888888     8888:     88888    88888        888888888I     8888:    888888    **
  **    8888888888           88888:    8888:     88888    88888      $888888888888    8888:   888888     **
  **    I8Z 88888             88888    8888:     88888    88888    .888888     8888   8888: 888888       **
  **    .8Z 88888             88888    8888:     88888    88888    $88888             8888:88888         **
  **     8I 88888      .=88. .88888    8888:     88888    88888    88888              8888888888         **
  **    :8  88888      888888$8888$    8888:     88888    88888    8888O              88888888888        **
  **   ,7   +88888.     8888888888.    8888:     88888    88888    888888             88888O888888       **
  **         $888888:.   .8888888      88888....888888    88888     888888     8888   8888:  888888      **
  **          I8888888888888888888     888888888888888    88888     O888888888888O    8888:   888888     **
  **            O888888888888888888     88888888888888    88888       88888888888$    8888:    888888    **
  **               8888888Z     888      .8888I  88888    88888         8888888       8888:     888888   **
  **                                                                                                     **
  **                                                                                                     **
  **                                         Copyright (c) 2022                                          **
  **                          Regents of the University of California San Diego                          **
  **                                    & Michigan State University                                      **
  **                                        All Rights Reserved.                                         **
  **                                                                                                     **
  **             This software is subject to the terms of the Mozilla Public License, v. 2.0.            **
  **                                                                                                     **
  *********************************************************************************************************
                                                                                                           
  Cite this work as:                                                                                       
  Manathunga, M.; Shajan, A.; Giese, T. J.; Cruzeiro, V.W.D.; Smith, J.; Miao, Y.; He, X.; Ayers, K.;      
  Brothers, E.; Goetz, A.W.; Merz, K.M. QUICK-22.03                                                        
  University of California San Diego, CA and Michigan State University, East Lansing, MI, 2022             
                                                                                                           
  If you have any comments or queries, please send us an email for technical support:                      
  quick.merzlab@gmail.com                                                                                  
                                                                                                           
| TASK STARTS ON: Tue May  3 18:22:35 2022
| INPUT FILE :    grad_LiF_b3lyp_def2svp.in
| OUTPUT FILE:    grad_LiF_b3lyp_def2svp.out
| DATA FILE  :    grad_LiF_b3lyp_def2svp.dat
| BASIS SET PATH: /mnt/home/manathun/Work/fix-delta-density-dft/basis

|------------ GPU INFORMATION ---------------
| CUDA ENABLED DEVICE         :        4
| CUDA DEVICE IN USE          :        0
| CUDA DEVICE NAME            : Tesla V100S-PCIE-32GB
| CUDA DEVICE PM              :       80
| CUDA DEVICE CORE FREQ(GHZ)  :     1.60
| CUDA DEVICE MEMORY SIZE (MB):    32510
| SUPPORTING CUDA VERSION     :      7.0
|--------------------------------------------

 @ Read Job And Atom

  KEYWORD=B3LYP  BASIS=DEF2-SVP CUTOFF=1.0E-9 DENSERMS=1.0E-6  ZMAKE GRADIENT DIPOLE CHARGE=0                                                                                                                     
 ============== JOB CARD =============
 METHOD = DENSITY FUNCTIONAL THEORY
 DENSITY FUNCTIONAL = B3LYP
 DIRECT SCF 
 SAD INITAL GUESS 
 USE DIIS SCF
 PRINT ENERGY EVERY CYCLE
 READ SAD GUESS FROM FILE
 Z-MATRIX CONSTRUCTION
 DIPOLE
 STANDARD GRID = SG1
 GRADIENT CALCULATION
 MAX SCF CYCLES =    200
 MAX DIIS CYCLES =   10
 DELTA DENSITY START CYCLE =    5
 COMPUTATIONAL CUTOFF: 
      TWO-e INTEGRAL   =  0.100E-08
      BASIS SET PRIME  =  0.100E-09
      MATRIX ELEMENTS  =  0.100E-09
      BASIS FUNCTION   =  0.100E-09
      GRADIENT CUTOFF  =  0.100E-08
 DENSITY MATRIX MAXIMUM RMS FOR CONVERGENCE  =  0.100E-05
 BASIS SET = DEF2-SVP,  TYPE = CARTESIAN
| BASIS FILE = /mnt/home/manathun/Work/fix-delta-density-dft/basis/DEF2-SVP.BAS

 @ Finish reading job


 @ Begin SAD initial guess

 For Atom Kind =    1
 ELEMENT = LI
 BASIS FUNCTIONS =    9
 For Atom Kind =    2
 ELEMENT = F 
 BASIS FUNCTIONS =   15

 @ Finish SAD initial guess


 @ Begin Reading Molecular Information


 =========== Molecule Input ==========
 TOTAL MOLECULAR CHARGE  =    0    MULTIPLICITY                =    1
 TOTAL ATOM NUMBER       =    2    NUMBER OF ATOM TYPES        =    2
 NUMBER OF HYDROGEN ATOM =    0    NUMBER OF NON-HYDROGEN ATOM =    2
 NUMBER OF ELECTRONS     =   12

 -- INPUT GEOMETRY -- :
    LI         -6.4195       1.5249       0.0000
    F          -4.6090       1.5249       0.0000

 -- DISTANCE MATRIX -- :
              1           2
      1     0.00000
      2     3.42139     0.00000

============== BASIS INFOS ==============
 BASIS FUNCTIONS =   24
 NSHELL =   11 NPRIM  =   41
 JSHELL =   11 JBASIS =   22


 @ End Reading Molecular Information 


 @ Begin XC Quadrature Formation

 OCTAGO: OCTree Algorithm for Grid Operations 
   PRUNING CUTOFF       = 0.100E-09
   INITIAL GRID POINTS  =        7632
|   FINAL GRID POINTS    =        5730
|   SIGNIFICANT NUMBER OF BASIS FUNCTIONS     =        2610
|   SIGNIFICANT NUMBER OF PRIMITIVE FUNCTIONS =        3243

 @ End XC Quadrature Formation


 @ Begin Energy Calculation

                                         SCF ENERGY
| ------------------------------------------------------------------------------------------------------------------------
| NCYC       ENERGY         DELTA_E      SCF_TIME  DII_CYC   DII_TIME   O_TIME  DIAG_TIME    MAX_ERR    RMS_CHG    MAX_CHG
| ------------------------------------------------------------------------------------------------------------------------
|  1   -107.112966377      ------         0.024     1        0.01      0.02      0.01    0.5742E+00  0.4367E-01  0.5971E+00
|  2   -107.220499983  0.107534E+00       0.025     2        0.02      0.01      0.02    0.3236E+00  0.2556E-01  0.1777E+00
|  3   -107.314125624  0.936256E-01       0.024     3        0.02      0.01      0.02    0.9771E-01  0.6339E-02  0.4121E-01
|  4   -107.319448410  0.532279E-02       0.015     4        0.01      0.00      0.01    0.3754E-01  0.2939E-02  0.1808E-01
|  5   -107.320813896  0.136549E-02       0.014     5        0.01      0.00      0.01    0.1783E-02  0.2822E-03  0.2068E-02
|  6   -107.320819821  0.592463E-05       0.018     6        0.01      0.01      0.01    0.3198E-03  0.2739E-04  0.1901E-03
|  7   -107.320819932  0.111475E-06       0.017     7        0.01      0.01      0.01    0.2138E-04  0.4718E-05  0.3741E-04
|  8   -107.320819934  0.132459E-08       0.017     8        0.01      0.00      0.01    0.1175E-04  0.1078E-05  0.7114E-05
|  9   -107.320819934  0.202926E-09       0.015     9        0.01      0.00      0.01    0.2385E-06  0.3733E-07  0.3033E-06
| ------------------------------------------------------------------------------------------------------------------------
| REACH CONVERGENCE AFTER   9 CYCLES
| MAX ERROR = 0.238522E-06   RMS CHANGE = 0.373281E-07   MAX CHANGE = 0.303341E-06
| -----------------------------------------------
 ALPHA ELECTRON DENSITY    =     5.9999228308
 BETA ELECTRON DENSITY     =     5.9999228308
 ELECTRONIC ENERGY    =   -115.212356416
 CORE_CORE REPULSION  =      7.891536482
 TOTAL ENERGY         =   -107.320819934

 @ End Energy calculation


 @ Begin Gradient Calculation

 ANALYTICAL GRADIENT: 
----------------------------------------
 COORDINATE    XYZ            GRADIENT
----------------------------------------
    1X    -6.4195304902    -0.0533209479
    1Y     1.5248601164     0.0000000003
    1Z     0.0000000000     0.0000000000
    2X    -4.6090103520     0.0527380190
    2Y     1.5248601164    -0.0000000002
    2Z     0.0000000000     0.0000000001
----------------------------------------

 @ End Gradient Calculation


 @ Begin Zmake conversion

  
 Z-MATRIX:

   ATOM  ELEMENTAL  BOND LENGTH    BOND ANGLE    DIHEDRAL ANGLE
  NUMBER  SYMBOL    (ANGSTROMS)    (DEGREES)       (DEGREES)
     I                 I-NA         I-NA-NB        I-NA-NB-NC      NA   NB   NC

     1      LI       0.00000  0     0.00000  0      0.00000  0      0    0    0
     2      F        1.81052  1     0.00000  0      0.00000  0      1    0    0

 @ End Zmake conversion


 @ Begin Charge and Dipole Calculation

    ATOMIC CHARGES
   ATOM          MULLIKEN            LOWDIN
   LI             0.6081             0.5228
   F             -0.6081            -0.5228
   TOTAL        -0.0000             0.0000

    DIPOLE (DEBYE)
      X         Y         Z        TOTAL
   -6.4165    0.0000   -0.0000    6.4165

 @ End Charge and Dipole Calculation


 @ Output Timing Information

------------- TIMING ---------------
| INITIAL GUESS TIME  =     0.894098000( 20.74%)
| DFT GRID OPERATIONS =     0.008340000(  0.19%)
| TOTAL SCF TIME      =     0.170906000(  3.96%)
|       TOTAL OP TIME      =     0.059142000(  1.37%)
|             TOTAL 1e TIME      =     0.000913000(  0.02%)
|             TOTAL 2e TIME      =     0.032709000(  0.76%)
|             TOTAL EXC TIME     =     0.023418000(  0.54%)
|       TOTAL DII TIME      =     0.111647000(  2.59%)
|             TOTAL DIAG TIME    =     0.103587000(  2.40%)
| TOTAL GRADIENT TIME      =     0.065050000(  1.51%)
|       TOTAL 1e GRADIENT TIME      =     0.007950000( 0.20%)
|       TOTAL 2e GRADIENT TIME      =     0.046504000( 1.08%)
|       TOTAL EXC GRADIENT TIME     =     0.009923000(  0.23%)
| TOTAL TIME          =     4.311567000
------------------------------------
| Job cpu time:  0 days  0 hours  0 minutes  4.3 seconds.

 @ Finish Output Timing Information

| Normal Termination. Task Finished on: Tue May  3 18:22:40 2022
