  *********************************************************************************************************
  **                                                                                                     **
  **           888888888888                                                                              **
  **         8888888888888888                                                                            **
  **      888888888888888888                                                                             **
  **     888888888888888888                                                                              **
  **    888888888888888                                                                                  **
  **   88888888888888888888                               88888                       8888:              **
  **   8888888888888888888888Z                            88888                       8888:              **
  **   888888888888888888888888?                          88888                       8888:              **
  **   8888888888888      8888888                                        888888       8888:              **
  **    88888888888         888888     8888:     88888    88888        888888888I     8888:    888888    **
  **    8888888888           88888:    8888:     88888    88888      $888888888888    8888:   888888     **
  **    I8Z 88888             88888    8888:     88888    88888    .888888     8888   8888: 888888       **
  **    .8Z 88888             88888    8888:     88888    88888    $88888             8888:88888         **
  **     8I 88888      .=88. .88888    8888:     88888    88888    88888              8888888888         **
  **    :8  88888      888888$8888$    8888:     88888    88888    8888O              88888888888        **
  **   ,7   +88888.     8888888888.    8888:     88888    88888    888888             88888O888888       **
  **         $888888:.   .8888888      88888....888888    88888     888888     8888   8888:  888888      **
  **          I8888888888888888888     888888888888888    88888     O888888888888O    8888:   888888     **
  **            O888888888888888888     88888888888888    88888       88888888888$    8888:    888888    **
  **               8888888Z     888      .8888I  88888    88888         8888888       8888:     888888   **
  **                                                                                                     **
  **                                                                                                     **
  **                                         Copyright (c) 2022                                          **
  **                          Regents of the University of California San Diego                          **
  **                                    & Michigan State University                                      **
  **                                        All Rights Reserved.                                         **
  **                                                                                                     **
  **             This software is subject to the terms of the Mozilla Public License, v. 2.0.            **
  **                                                                                                     **
  *********************************************************************************************************
                                                                                                           
  Cite this work as:                                                                                       
  Manathunga, M.; Shajan, A.; Giese, T. J.; Cruzeiro, V.W.D.; Smith, J.; Miao, Y.; He, X.; Ayers, K.;      
  Brothers, E.; Goetz, A.W.; Merz, K.M. QUICK-22.03                                                        
  University of California San Diego, CA and Michigan State University, East Lansing, MI, 2022             
                                                                                                           
  If you have any comments or queries, please send us an email for technical support:                      
  quick.merzlab@gmail.com                                                                                  
                                                                                                           
| TASK STARTS ON: Tue May  3 18:22:45 2022
| INPUT FILE :    grad_NaCl_b3lyp_def2svp.in
| OUTPUT FILE:    grad_NaCl_b3lyp_def2svp.out
| DATA FILE  :    grad_NaCl_b3lyp_def2svp.dat
| BASIS SET PATH: /mnt/home/manathun/Work/fix-delta-density-dft/basis

|------------ GPU INFORMATION ---------------
| CUDA ENABLED DEVICE         :        4
| CUDA DEVICE IN USE          :        0
| CUDA DEVICE NAME            : Tesla V100S-PCIE-32GB
| CUDA DEVICE PM              :       80
| CUDA DEVICE CORE FREQ(GHZ)  :     1.60
| CUDA DEVICE MEMORY SIZE (MB):    32510
| SUPPORTING CUDA VERSION     :      7.0
|--------------------------------------------

 @ Read Job And Atom

  KEYWORD=B3LYP  BASIS=DEF2-SVP CUTOFF=1.0E-9 DENSERMS=1.0E-6  ZMAKE GRADIENT DIPOLE CHARGE=0                                                                                                                     
 ============== JOB CARD =============
 METHOD = DENSITY FUNCTIONAL THEORY
 DENSITY FUNCTIONAL = B3LYP
 DIRECT SCF 
 SAD INITAL GUESS 
 USE DIIS SCF
 PRINT ENERGY EVERY CYCLE
 READ SAD GUESS FROM FILE
 Z-MATRIX CONSTRUCTION
 DIPOLE
 STANDARD GRID = SG1
 GRADIENT CALCULATION
 MAX SCF CYCLES =    200
 MAX DIIS CYCLES =   10
 DELTA DENSITY START CYCLE =    5
 COMPUTATIONAL CUTOFF: 
      TWO-e INTEGRAL   =  0.100E-08
      BASIS SET PRIME  =  0.100E-09
      MATRIX ELEMENTS  =  0.100E-09
      BASIS FUNCTION   =  0.100E-09
      GRADIENT CUTOFF  =  0.100E-08
 DENSITY MATRIX MAXIMUM RMS FOR CONVERGENCE  =  0.100E-05
 BASIS SET = DEF2-SVP,  TYPE = CARTESIAN
| BASIS FILE = /mnt/home/manathun/Work/fix-delta-density-dft/basis/DEF2-SVP.BAS

 @ Finish reading job


 @ Begin SAD initial guess

 For Atom Kind =    1
 ELEMENT = NA
 BASIS FUNCTIONS =   16
 For Atom Kind =    2
 ELEMENT = CL
 BASIS FUNCTIONS =   19

 @ Finish SAD initial guess


 @ Begin Reading Molecular Information


 =========== Molecule Input ==========
 TOTAL MOLECULAR CHARGE  =    0    MULTIPLICITY                =    1
 TOTAL ATOM NUMBER       =    2    NUMBER OF ATOM TYPES        =    2
 NUMBER OF HYDROGEN ATOM =    0    NUMBER OF NON-HYDROGEN ATOM =    2
 NUMBER OF ELECTRONS     =   28

 -- INPUT GEOMETRY -- :
    NA         -6.7130       1.5249       0.0000
    CL         -4.3156       1.5249       0.0000

 -- DISTANCE MATRIX -- :
              1           2
      1     0.00000
      2     4.53039     0.00000

============== BASIS INFOS ==============
 BASIS FUNCTIONS =   35
 NSHELL =   15 NPRIM  =   71
 JSHELL =   15 JBASIS =   35


 @ End Reading Molecular Information 


 @ Begin XC Quadrature Formation

 OCTAGO: OCTree Algorithm for Grid Operations 
   PRUNING CUTOFF       = 0.100E-09
   INITIAL GRID POINTS  =        7520
|   FINAL GRID POINTS    =        5281
|   SIGNIFICANT NUMBER OF BASIS FUNCTIONS     =        2954
|   SIGNIFICANT NUMBER OF PRIMITIVE FUNCTIONS =        3402

 @ End XC Quadrature Formation


 @ Begin Energy Calculation

                                         SCF ENERGY
| ------------------------------------------------------------------------------------------------------------------------
| NCYC       ENERGY         DELTA_E      SCF_TIME  DII_CYC   DII_TIME   O_TIME  DIAG_TIME    MAX_ERR    RMS_CHG    MAX_CHG
| ------------------------------------------------------------------------------------------------------------------------
|  1   -622.286556815      ------         0.034     1        0.01      0.03      0.01    0.6206E+00  0.3024E-01  0.3425E+00
|  2   -622.345370814  0.588140E-01       0.022     2        0.01      0.01      0.01    0.1168E+00  0.4017E-01  0.5547E+00
|  3   -622.345159621  -.211193E-03       0.021     3        0.01      0.01      0.01    0.1120E+00  0.1968E-01  0.3272E+00
|  4   -622.389812637  0.446530E-01       0.021     4        0.01      0.01      0.01    0.5063E-02  0.1404E-02  0.1984E-01
|  5   -622.389884940  0.723037E-04       0.021     5        0.01      0.01      0.01    0.2977E-02  0.3603E-03  0.4823E-02
|  6   -622.389902368  0.174273E-04       0.019     6        0.01      0.01      0.01    0.5127E-03  0.1069E-03  0.1676E-02
|  7   -622.389903170  0.802245E-06       0.018     7        0.01      0.01      0.01    0.1354E-04  0.3215E-05  0.3012E-04
|  8   -622.389903171  0.141804E-08       0.018     8        0.01      0.01      0.01    0.1071E-05  0.6362E-06  0.6802E-05
| ------------------------------------------------------------------------------------------------------------------------
| REACH CONVERGENCE AFTER   8 CYCLES
| MAX ERROR = 0.107137E-05   RMS CHANGE = 0.636183E-06   MAX CHANGE = 0.680217E-05
| -----------------------------------------------
 ALPHA ELECTRON DENSITY    =    13.9999387908
 BETA ELECTRON DENSITY     =    13.9999387908
 ELECTRONIC ENERGY    =   -663.666687831
 CORE_CORE REPULSION  =     41.276784659
 TOTAL ENERGY         =   -622.389903171

 @ End Energy calculation


 @ Begin Gradient Calculation

 ANALYTICAL GRADIENT: 
----------------------------------------
 COORDINATE    XYZ            GRADIENT
----------------------------------------
    1X    -6.7129605126    -0.0078419094
    1Y     1.5248601164     0.0000000081
    1Z     0.0000000000     0.0000000023
    2X    -4.3155803296     0.0080533567
    2Y     1.5248601164    -0.0000000079
    2Z     0.0000000000    -0.0000000022
----------------------------------------

 @ End Gradient Calculation


 @ Begin Zmake conversion

  
 Z-MATRIX:

   ATOM  ELEMENTAL  BOND LENGTH    BOND ANGLE    DIHEDRAL ANGLE
  NUMBER  SYMBOL    (ANGSTROMS)    (DEGREES)       (DEGREES)
     I                 I-NA         I-NA-NB        I-NA-NB-NC      NA   NB   NC

     1      NA       0.00000  0     0.00000  0      0.00000  0      0    0    0
     2      CL       2.39738  1     0.00000  0      0.00000  0      1    0    0

 @ End Zmake conversion


 @ Begin Charge and Dipole Calculation

    ATOMIC CHARGES
   ATOM          MULLIKEN            LOWDIN
   NA             0.5087             0.2400
   CL            -0.5087            -0.2400
   TOTAL         0.0000             0.0000

    DIPOLE (DEBYE)
      X         Y         Z        TOTAL
   -8.1093   -0.0000   -0.0000    8.1093

 @ End Charge and Dipole Calculation


 @ Output Timing Information

------------- TIMING ---------------
| INITIAL GUESS TIME  =     0.902737000( 19.98%)
| DFT GRID OPERATIONS =     0.008279000(  0.18%)
| TOTAL SCF TIME      =     0.176818000(  3.91%)
|       TOTAL OP TIME      =     0.108478000(  2.40%)
|             TOTAL 1e TIME      =     0.001720000(  0.04%)
|             TOTAL 2e TIME      =     0.067558000(  1.50%)
|             TOTAL EXC TIME     =     0.036748000(  0.81%)
|       TOTAL DII TIME      =     0.068253000(  1.51%)
|             TOTAL DIAG TIME    =     0.062689000(  1.39%)
| TOTAL GRADIENT TIME      =     0.296926000(  6.57%)
|       TOTAL 1e GRADIENT TIME      =     0.011103000( 0.26%)
|       TOTAL 2e GRADIENT TIME      =     0.269036000( 5.96%)
|       TOTAL EXC GRADIENT TIME     =     0.016202000(  0.36%)
| TOTAL TIME          =     4.517393000
------------------------------------
| Job cpu time:  0 days  0 hours  0 minutes  4.5 seconds.

 @ Finish Output Timing Information

| Normal Termination. Task Finished on: Tue May  3 18:22:50 2022
