  *********************************************************************************************************
  **                                                                                                     **
  **           888888888888                                                                              **
  **         8888888888888888                                                                            **
  **      888888888888888888                                                                             **
  **     888888888888888888                                                                              **
  **    888888888888888                                                                                  **
  **   88888888888888888888                               88888                       8888:              **
  **   8888888888888888888888Z                            88888                       8888:              **
  **   888888888888888888888888?                          88888                       8888:              **
  **   8888888888888      8888888                                        888888       8888:              **
  **    88888888888         888888     8888:     88888    88888        888888888I     8888:    888888    **
  **    8888888888           88888:    8888:     88888    88888      $888888888888    8888:   888888     **
  **    I8Z 88888             88888    8888:     88888    88888    .888888     8888   8888: 888888       **
  **    .8Z 88888             88888    8888:     88888    88888    $88888             8888:88888         **
  **     8I 88888      .=88. .88888    8888:     88888    88888    88888              8888888888         **
  **    :8  88888      888888$8888$    8888:     88888    88888    8888O              88888888888        **
  **   ,7   +88888.     8888888888.    8888:     88888    88888    888888             88888O888888       **
  **         $888888:.   .8888888      88888....888888    88888     888888     8888   8888:  888888      **
  **          I8888888888888888888     888888888888888    88888     O888888888888O    8888:   888888     **
  **            O888888888888888888     88888888888888    88888       88888888888$    8888:    888888    **
  **               8888888Z     888      .8888I  88888    88888         8888888       8888:     888888   **
  **                                                                                                     **
  **                                                                                                     **
  **                                         Copyright (c) 2022                                          **
  **                          Regents of the University of California San Diego                          **
  **                                    & Michigan State University                                      **
  **                                        All Rights Reserved.                                         **
  **                                                                                                     **
  **             This software is subject to the terms of the Mozilla Public License, v. 2.0.            **
  **                                                                                                     **
  *********************************************************************************************************
                                                                                                           
  Cite this work as:                                                                                       
  Manathunga, M.; Shajan, A.; Giese, T. J.; Cruzeiro, V.W.D.; Smith, J.; Miao, Y.; He, X.; Ayers, K.;      
  Brothers, E.; Goetz, A.W.; Merz, K.M. QUICK-22.03                                                        
  University of California San Diego, CA and Michigan State University, East Lansing, MI, 2022             
                                                                                                           
  If you have any comments or queries, please send us an email for technical support:                      
  quick.merzlab@gmail.com                                                                                  
                                                                                                           
| TASK STARTS ON: Fri Jul 22 11:15:33 2022
| INPUT FILE :    grad_NH4_b3lyp_def2sv_p.in
| OUTPUT FILE:    grad_NH4_b3lyp_def2sv_p.out
| DATA FILE  :    grad_NH4_b3lyp_def2sv_p.dat
| BASIS SET PATH: /home/madu/test-output-update/basis

|------------ GPU INFORMATION ---------------
| CUDA ENABLED DEVICE         :        3
| CUDA DEVICE IN USE          :        0
| CUDA DEVICE NAME            : NVIDIA TITAN V
| CUDA DEVICE PM              :       80
| CUDA DEVICE CORE FREQ(GHZ)  :     1.46
| CUDA DEVICE MEMORY SIZE (MB):    12066
| SUPPORTING CUDA VERSION     :      7.0
|--------------------------------------------

 @ Read Job And Atom

  KEYWORD=B3LYP  BASIS=DEF2-SV(P) CUTOFF=1.0E-9 DENSERMS=1.0E-6  ZMAKE GRADIENT DIPOLE CHARGE=+1                                                                                                                  
 ============== JOB CARD =============
 METHOD = DENSITY FUNCTIONAL THEORY
 DENSITY FUNCTIONAL = B3LYP
 DIRECT SCF 
 SAD INITAL GUESS 
 USE DIIS SCF
 PRINT ENERGY EVERY CYCLE
 READ SAD GUESS FROM FILE
 Z-MATRIX CONSTRUCTION
 DIPOLE
 STANDARD GRID = SG1
 GRADIENT CALCULATION
 MAX SCF CYCLES =    200
 MAX DIIS CYCLES =   10
 DELTA DENSITY START CYCLE =    3
 COMPUTATIONAL CUTOFF: 
      TWO-e INTEGRAL   =  0.100E-08
      BASIS SET PRIME  =  0.100E-09
      MATRIX ELEMENTS  =  0.100E-09
      BASIS FUNCTION   =  0.100E-05
      GRADIENT CUTOFF  =  0.100E-08
 DENSITY MATRIX MAXIMUM RMS FOR CONVERGENCE  =  0.100E-05
 BASIS SET = DEF2-SV(P),  TYPE = CARTESIAN
| BASIS FILE = /home/madu/test-output-update/basis/DEF2-SV_P.BAS

 @ Finish reading job


 @ Begin SAD initial guess

 For Atom Kind =    1
 ELEMENT = N 
 BASIS FUNCTIONS =   15
 For Atom Kind =    2
 ELEMENT = H 
 BASIS FUNCTIONS =    2

 @ Finish SAD initial guess


 @ Begin Reading Molecular Information


 =========== Molecule Input ==========
 TOTAL MOLECULAR CHARGE  =    1    MULTIPLICITY                =    1
 TOTAL ATOM NUMBER       =    5    NUMBER OF ATOM TYPES        =    2
 NUMBER OF HYDROGEN ATOM =    4    NUMBER OF NON-HYDROGEN ATOM =    1
 NUMBER OF ELECTRONS     =   10

 -- INPUT GEOMETRY -- :
    N           0.0000      -0.0001      -0.0000
    H           0.3535      -1.0008       0.0001
    H           0.3542       0.5006       0.8679
    H           0.3543       0.5008      -0.8681
    H          -1.0622      -0.0004       0.0001

 -- DISTANCE MATRIX -- :
              1           2           3           4           5
      1     0.00000
      2     2.00557     0.00000
      3     2.00828     3.27707     0.00000
      4     2.00883     3.27778     3.28056     0.00000
      5     2.00727     3.27583     3.27870     3.27934     0.00000

============== BASIS INFOS ==============
 BASIS FUNCTIONS =   23
 NSHELL =   14 NPRIM  =   41
 JSHELL =   14 JBASIS =   28


 @ End Reading Molecular Information 


 @ Begin XC Quadrature Formation

 OCTAGO: OCTree Algorithm for Grid Operations 
   PRUNING CUTOFF       = 0.100E-06
   INITIAL GRID POINTS  =       18824
|   FINAL GRID POINTS    =       12491
|   SIGNIFICANT NUMBER OF BASIS FUNCTIONS     =        4165
|   SIGNIFICANT NUMBER OF PRIMITIVE FUNCTIONS =        5145

 @ End XC Quadrature Formation


 @ Begin Energy Calculation

                                         SCF ENERGY
| ------------------------------------------------------------------------------------------------------------------------
| NCYC       ENERGY         DELTA_E      SCF_TIME  DII_CYC   DII_TIME   O_TIME  DIAG_TIME    MAX_ERR    RMS_CHG    MAX_CHG
| ------------------------------------------------------------------------------------------------------------------------
|  1    -57.144615489      ------         0.035     1        0.00      0.03      0.00    0.2313E+01  0.7198E-01  0.3512E+00
|  2    -56.827159407  -.317456E+00       0.011     2        0.00      0.01      0.00    0.7297E-01  0.1187E-01  0.1154E+00
|  3    -56.824790946  -.236846E-02       0.010     3        0.00      0.01      0.00    0.9263E-01  0.6677E-02  0.6186E-01
|  4    -56.836339779  0.115488E-01       0.010     4        0.00      0.01      0.00    0.7878E-02  0.5347E-03  0.4572E-02
|  5    -56.836422132  0.823532E-04       0.010     5        0.00      0.01      0.00    0.2186E-03  0.1423E-04  0.1566E-03
|  6    -56.836422196  0.636150E-07       0.010     6        0.00      0.01      0.00    0.2503E-05  0.3286E-06  0.2924E-05
| ------------------------------------------------------------------------------------------------------------------------
| REACH CONVERGENCE AFTER   6 CYCLES
| MAX ERROR = 0.250279E-05   RMS CHANGE = 0.328594E-06   MAX CHANGE = 0.292361E-05
| -----------------------------------------------
 ALPHA ELECTRON DENSITY    =     4.9999901073
 BETA ELECTRON DENSITY     =     4.9999901073
 ELECTRONIC ENERGY    =    -72.614477935
 CORE_CORE REPULSION  =     15.778055739
 TOTAL ENERGY         =    -56.836422196

 @ End Energy calculation


 @ Begin Gradient Calculation

 ANALYTICAL GRADIENT: 
----------------------------------------
 COORDINATE    XYZ            GRADIENT
----------------------------------------
    1X     0.0000400000    -0.0000442573
    1Y    -0.0001200000    -0.0007140418
    1Z    -0.0000000000     0.0001159400
    2X     0.3535400270     0.0062600627
    2Y    -1.0008200764    -0.0179078540
    2Z     0.0001000000     0.0000146270
    3X     0.3542400271     0.0066040623
    3Y     0.5005800382     0.0092886405
    3Z     0.8679000663     0.0162308358
    4X     0.3543400271     0.0066722973
    4Y     0.5007800382     0.0093915723
    4Z    -0.8681000663    -0.0163768285
    5X    -1.0621600811    -0.0194921649
    5Y    -0.0004200000    -0.0000583170
    5Z     0.0001000000     0.0000154258
----------------------------------------

 @ End Gradient Calculation


 @ Begin Zmake conversion

  
 Z-MATRIX:

   ATOM  ELEMENTAL  BOND LENGTH    BOND ANGLE    DIHEDRAL ANGLE
  NUMBER  SYMBOL    (ANGSTROMS)    (DEGREES)       (DEGREES)
     I                 I-NA         I-NA-NB        I-NA-NB-NC      NA   NB   NC

     1      N        0.00000  0     0.00000  0      0.00000  0      0    0    0
     2      H        1.06130  1     0.00000  0      0.00000  0      1    0    0
     3      H        1.06274  1   109.46004  1      0.00000  0      1    2    0
     4      H        1.06303  1   109.47273  1    120.03082  1      1    2    3
     5      H        1.06220  1   109.43972  1   -119.97488  1      1    2    3

 @ End Zmake conversion


 @ Begin Charge and Dipole Calculation

    ATOMIC CHARGES
   ATOM          MULLIKEN            LOWDIN
   N             -0.4597            -0.3524
   H              0.3645             0.3376
   H              0.3651             0.3388
   H              0.3652             0.3388
   H              0.3649             0.3372
   TOTAL         1.0000             1.0000

    DIPOLE (DEBYE)
      X         Y         Z        TOTAL
   -0.0002    0.0015   -0.0001    0.0016

 @ End Charge and Dipole Calculation


 @ Output Timing Information

------------- TIMING ---------------
| INITIAL GUESS TIME  =     0.420443000(  6.99%)
| DFT GRID OPERATIONS =     0.017091000(  0.28%)
| TOTAL SCF TIME      =     0.086585000(  1.44%)
|       TOTAL OP TIME      =     0.063570000(  1.06%)
|             TOTAL 1e TIME      =     0.000916000(  0.02%)
|             TOTAL 2e TIME      =     0.024485000(  0.41%)
|             TOTAL EXC TIME     =     0.036693000(  0.61%)
|       TOTAL DII TIME      =     0.022951000(  0.38%)
|             TOTAL DIAG TIME    =     0.016939000(  0.28%)
| TOTAL GRADIENT TIME      =     0.074396000(  1.24%)
|       TOTAL 1e GRADIENT TIME      =     0.005305000( 0.10%)
|       TOTAL 2e GRADIENT TIME      =     0.053792000( 0.89%)
|       TOTAL EXC GRADIENT TIME     =     0.014614000(  0.24%)
| TOTAL TIME          =     6.013329000
------------------------------------
| Job cpu time:  0 days  0 hours  0 minutes  6.0 seconds.

 @ Finish Output Timing Information

| Normal Termination. Task Finished on: Fri Jul 22 11:15:39 2022
