  *********************************************************************************************************
  **                                                                                                     **
  **           888888888888                                                                              **
  **         8888888888888888                                                                            **
  **      888888888888888888                                                                             **
  **     888888888888888888                                                                              **
  **    888888888888888                                                                                  **
  **   88888888888888888888                               88888                       8888:              **
  **   8888888888888888888888Z                            88888                       8888:              **
  **   888888888888888888888888?                          88888                       8888:              **
  **   8888888888888      8888888                                        888888       8888:              **
  **    88888888888         888888     8888:     88888    88888        888888888I     8888:    888888    **
  **    8888888888           88888:    8888:     88888    88888      $888888888888    8888:   888888     **
  **    I8Z 88888             88888    8888:     88888    88888    .888888     8888   8888: 888888       **
  **    .8Z 88888             88888    8888:     88888    88888    $88888             8888:88888         **
  **     8I 88888      .=88. .88888    8888:     88888    88888    88888              8888888888         **
  **    :8  88888      888888$8888$    8888:     88888    88888    8888O              88888888888        **
  **   ,7   +88888.     8888888888.    8888:     88888    88888    888888             88888O888888       **
  **         $888888:.   .8888888      88888....888888    88888     888888     8888   8888:  888888      **
  **          I8888888888888888888     888888888888888    88888     O888888888888O    8888:   888888     **
  **            O888888888888888888     88888888888888    88888       88888888888$    8888:    888888    **
  **               8888888Z     888      .8888I  88888    88888         8888888       8888:     888888   **
  **                                                                                                     **
  **                                                                                                     **
  **                                         Copyright (c) 2022                                          **
  **                          Regents of the University of California San Diego                          **
  **                                    & Michigan State University                                      **
  **                                        All Rights Reserved.                                         **
  **                                                                                                     **
  **             This software is subject to the terms of the Mozilla Public License, v. 2.0.            **
  **                                                                                                     **
  *********************************************************************************************************
                                                                                                           
  Cite this work as:                                                                                       
  Manathunga, M.; Shajan, A.; Giese, T. J.; Cruzeiro, V.W.D.; Smith, J.; Miao, Y.; He, X.; Ayers, K.;      
  Brothers, E.; Goetz, A.W.; Merz, K.M. QUICK-22.03                                                        
  University of California San Diego, CA and Michigan State University, East Lansing, MI, 2022             
                                                                                                           
  If you have any comments or queries, please send us an email for technical support:                      
  quick.merzlab@gmail.com                                                                                  
                                                                                                           
| TASK STARTS ON: Fri Jul 22 11:16:41 2022
| INPUT FILE :    grad_HBr_b3lyp_def2svp.in
| OUTPUT FILE:    grad_HBr_b3lyp_def2svp.out
| DATA FILE  :    grad_HBr_b3lyp_def2svp.dat
| BASIS SET PATH: /home/madu/test-output-update/basis

|------------ GPU INFORMATION ---------------
| CUDA ENABLED DEVICE         :        3
| CUDA DEVICE IN USE          :        0
| CUDA DEVICE NAME            : NVIDIA TITAN V
| CUDA DEVICE PM              :       80
| CUDA DEVICE CORE FREQ(GHZ)  :     1.46
| CUDA DEVICE MEMORY SIZE (MB):    12066
| SUPPORTING CUDA VERSION     :      7.0
|--------------------------------------------

 @ Read Job And Atom

  KEYWORD=B3LYP  BASIS=DEF2-SVP CUTOFF=1.0E-9 DENSERMS=1.0E-6  ZMAKE GRADIENT DIPOLE CHARGE=0                                                                                                                     
 ============== JOB CARD =============
 METHOD = DENSITY FUNCTIONAL THEORY
 DENSITY FUNCTIONAL = B3LYP
 DIRECT SCF 
 SAD INITAL GUESS 
 USE DIIS SCF
 PRINT ENERGY EVERY CYCLE
 READ SAD GUESS FROM FILE
 Z-MATRIX CONSTRUCTION
 DIPOLE
 STANDARD GRID = SG1
 GRADIENT CALCULATION
 MAX SCF CYCLES =    200
 MAX DIIS CYCLES =   10
 DELTA DENSITY START CYCLE =    3
 COMPUTATIONAL CUTOFF: 
      TWO-e INTEGRAL   =  0.100E-08
      BASIS SET PRIME  =  0.100E-09
      MATRIX ELEMENTS  =  0.100E-09
      BASIS FUNCTION   =  0.100E-05
      GRADIENT CUTOFF  =  0.100E-08
 DENSITY MATRIX MAXIMUM RMS FOR CONVERGENCE  =  0.100E-05
 BASIS SET = DEF2-SVP,  TYPE = CARTESIAN
| BASIS FILE = /home/madu/test-output-update/basis/DEF2-SVP.BAS

 @ Finish reading job


 @ Begin SAD initial guess

 For Atom Kind =    1
 ELEMENT = BR
 BASIS FUNCTIONS =   35
 For Atom Kind =    2
 ELEMENT = H 
 BASIS FUNCTIONS =    5

 @ Finish SAD initial guess


 @ Begin Reading Molecular Information


 =========== Molecule Input ==========
 TOTAL MOLECULAR CHARGE  =    0    MULTIPLICITY                =    1
 TOTAL ATOM NUMBER       =    2    NUMBER OF ATOM TYPES        =    2
 NUMBER OF HYDROGEN ATOM =    1    NUMBER OF NON-HYDROGEN ATOM =    1
 NUMBER OF ELECTRONS     =   36

 -- INPUT GEOMETRY -- :
    BR         -2.4622       0.9150       0.7028
    H          -1.3622       0.9150       0.7028

 -- DISTANCE MATRIX -- :
              1           2
      1     0.00000
      2     2.07870     0.00000

============== BASIS INFOS ==============
 BASIS FUNCTIONS =   40
 NSHELL =   15 NPRIM  =   87
 JSHELL =   15 JBASIS =   35


 @ End Reading Molecular Information 


 @ Begin XC Quadrature Formation

 OCTAGO: OCTree Algorithm for Grid Operations 
   PRUNING CUTOFF       = 0.100E-06
   INITIAL GRID POINTS  =       13452
|   FINAL GRID POINTS    =        8955
|   SIGNIFICANT NUMBER OF BASIS FUNCTIONS     =        8897
|   SIGNIFICANT NUMBER OF PRIMITIVE FUNCTIONS =       14632

 @ End XC Quadrature Formation


 @ Begin Energy Calculation

                                         SCF ENERGY
| ------------------------------------------------------------------------------------------------------------------------
| NCYC       ENERGY         DELTA_E      SCF_TIME  DII_CYC   DII_TIME   O_TIME  DIAG_TIME    MAX_ERR    RMS_CHG    MAX_CHG
| ------------------------------------------------------------------------------------------------------------------------
|  1  -2574.756871897      ------         0.129     1        0.00      0.12      0.00    0.2591E+01  0.4282E-01  0.5770E+00
|  2  -2574.381558067  -.375314E+00       0.088     2        0.00      0.08      0.00    0.4303E-01  0.7587E-02  0.8230E-01
|  3  -2574.385082067  0.352400E-02       0.088     3        0.00      0.08      0.00    0.1802E-01  0.2554E-02  0.2858E-01
|  4  -2574.385771365  0.689297E-03       0.088     4        0.00      0.08      0.00    0.5778E-02  0.4970E-03  0.5581E-02
|  5  -2574.385828975  0.576100E-04       0.088     5        0.00      0.08      0.00    0.5845E-03  0.3116E-04  0.4719E-03
|  6  -2574.385829191  0.215819E-06       0.087     6        0.00      0.08      0.00    0.6113E-04  0.5247E-05  0.4823E-04
|  7  -2574.385829196  0.571598E-08       0.087     7        0.00      0.08      0.00    0.1668E-04  0.1518E-05  0.1387E-04
|  8  -2574.385829199  0.311801E-08       0.087     8        0.00      0.08      0.00    0.2918E-05  0.1922E-06  0.3325E-05
| ------------------------------------------------------------------------------------------------------------------------
| REACH CONVERGENCE AFTER   8 CYCLES
| MAX ERROR = 0.291753E-05   RMS CHANGE = 0.192220E-06   MAX CHANGE = 0.332460E-05
| -----------------------------------------------
 ALPHA ELECTRON DENSITY    =    18.0000559422
 BETA ELECTRON DENSITY     =    18.0000559422
 ELECTRONIC ENERGY    =  -2591.223285836
 CORE_CORE REPULSION  =     16.837456637
 TOTAL ENERGY         =  -2574.385829199

 @ End Energy calculation


 @ Begin Gradient Calculation

 ANALYTICAL GRADIENT: 
----------------------------------------
 COORDINATE    XYZ            GRADIENT
----------------------------------------
    1X    -2.4621601880     0.3838978024
    1Y     0.9149800699     0.0000000726
    1Z     0.7027900537     0.0000000833
    2X    -1.3621601040    -0.3838978024
    2Y     0.9149800699    -0.0000000726
    2Z     0.7027900537    -0.0000000833
----------------------------------------

 @ End Gradient Calculation


 @ Begin Zmake conversion

  
 Z-MATRIX:

   ATOM  ELEMENTAL  BOND LENGTH    BOND ANGLE    DIHEDRAL ANGLE
  NUMBER  SYMBOL    (ANGSTROMS)    (DEGREES)       (DEGREES)
     I                 I-NA         I-NA-NB        I-NA-NB-NC      NA   NB   NC

     1      BR       0.00000  0     0.00000  0      0.00000  0      0    0    0
     2      H        1.10000  1     0.00000  0      0.00000  0      1    0    0

 @ End Zmake conversion


 @ Begin Charge and Dipole Calculation

    ATOMIC CHARGES
   ATOM          MULLIKEN            LOWDIN
   BR             0.0938             0.0696
   H             -0.0938            -0.0696
   TOTAL         0.0000             0.0000

    DIPOLE (DEBYE)
      X         Y         Z        TOTAL
    0.9022    0.0000    0.0000    0.9022

 @ End Charge and Dipole Calculation


 @ Output Timing Information

------------- TIMING ---------------
| INITIAL GUESS TIME  =     2.056593000( 22.71%)
| DFT GRID OPERATIONS =     0.018947000(  0.21%)
| TOTAL SCF TIME      =     0.743506000(  8.21%)
|       TOTAL OP TIME      =     0.718534000(  7.93%)
|             TOTAL 1e TIME      =     0.003048000(  0.03%)
|             TOTAL 2e TIME      =     0.634158000(  7.00%)
|             TOTAL EXC TIME     =     0.077686000(  0.86%)
|       TOTAL DII TIME      =     0.024884000(  0.27%)
|             TOTAL DIAG TIME    =     0.018675000(  0.21%)
| TOTAL GRADIENT TIME      =     0.757018000(  8.36%)
|       TOTAL 1e GRADIENT TIME      =     0.005209000( 0.08%)
|       TOTAL 2e GRADIENT TIME      =     0.720698000( 7.96%)
|       TOTAL EXC GRADIENT TIME     =     0.029251000(  0.32%)
| TOTAL TIME          =     9.055776000
------------------------------------
| Job cpu time:  0 days  0 hours  0 minutes  9.1 seconds.

 @ Finish Output Timing Information

| Normal Termination. Task Finished on: Fri Jul 22 11:16:51 2022
