  *********************************************************************************************************
  **                                                                                                     **
  **           888888888888                                                                              **
  **         8888888888888888                                                                            **
  **      888888888888888888                                                                             **
  **     888888888888888888                                                                              **
  **    888888888888888                                                                                  **
  **   88888888888888888888                               88888                       8888:              **
  **   8888888888888888888888Z                            88888                       8888:              **
  **   888888888888888888888888?                          88888                       8888:              **
  **   8888888888888      8888888                                        888888       8888:              **
  **    88888888888         888888     8888:     88888    88888        888888888I     8888:    888888    **
  **    8888888888           88888:    8888:     88888    88888      $888888888888    8888:   888888     **
  **    I8Z 88888             88888    8888:     88888    88888    .888888     8888   8888: 888888       **
  **    .8Z 88888             88888    8888:     88888    88888    $88888             8888:88888         **
  **     8I 88888      .=88. .88888    8888:     88888    88888    88888              8888888888         **
  **    :8  88888      888888$8888$    8888:     88888    88888    8888O              88888888888        **
  **   ,7   +88888.     8888888888.    8888:     88888    88888    888888             88888O888888       **
  **         $888888:.   .8888888      88888....888888    88888     888888     8888   8888:  888888      **
  **          I8888888888888888888     888888888888888    88888     O888888888888O    8888:   888888     **
  **            O888888888888888888     88888888888888    88888       88888888888$    8888:    888888    **
  **               8888888Z     888      .8888I  88888    88888         8888888       8888:     888888   **
  **                                                                                                     **
  **                                                                                                     **
  **                                         Copyright (c) 2022                                          **
  **                          Regents of the University of California San Diego                          **
  **                                    & Michigan State University                                      **
  **                                        All Rights Reserved.                                         **
  **                                                                                                     **
  **             This software is subject to the terms of the Mozilla Public License, v. 2.0.            **
  **                                                                                                     **
  *********************************************************************************************************
                                                                                                           
  Cite this work as:                                                                                       
  Manathunga, M.; Shajan, A.; Giese, T. J.; Cruzeiro, V.W.D.; Smith, J.; Miao, Y.; He, X.; Ayers, K.;      
  Brothers, E.; Goetz, A.W.; Merz, K.M. QUICK-22.03                                                        
  University of California San Diego, CA and Michigan State University, East Lansing, MI, 2022             
                                                                                                           
  If you have any comments or queries, please send us an email for technical support:                      
  quick.merzlab@gmail.com                                                                                  
                                                                                                           
| TASK STARTS ON: Fri Jul 22 11:18:24 2022
| INPUT FILE :    grad_H2O_b3lyp_def2svpd.in
| OUTPUT FILE:    grad_H2O_b3lyp_def2svpd.out
| DATA FILE  :    grad_H2O_b3lyp_def2svpd.dat
| BASIS SET PATH: /home/madu/test-output-update/basis

|------------ GPU INFORMATION ---------------
| CUDA ENABLED DEVICE         :        3
| CUDA DEVICE IN USE          :        0
| CUDA DEVICE NAME            : NVIDIA TITAN V
| CUDA DEVICE PM              :       80
| CUDA DEVICE CORE FREQ(GHZ)  :     1.46
| CUDA DEVICE MEMORY SIZE (MB):    12066
| SUPPORTING CUDA VERSION     :      7.0
|--------------------------------------------

 @ Read Job And Atom

  KEYWORD=B3LYP  BASIS=DEF2-SVPD CUTOFF=1.0E-9 DENSERMS=1.0E-6  ZMAKE GRADIENT DIPOLE CHARGE=0                                                                                                                    
 ============== JOB CARD =============
 METHOD = DENSITY FUNCTIONAL THEORY
 DENSITY FUNCTIONAL = B3LYP
 DIRECT SCF 
 SAD INITAL GUESS 
 USE DIIS SCF
 PRINT ENERGY EVERY CYCLE
 READ SAD GUESS FROM FILE
 Z-MATRIX CONSTRUCTION
 DIPOLE
 STANDARD GRID = SG1
 GRADIENT CALCULATION
 MAX SCF CYCLES =    200
 MAX DIIS CYCLES =   10
 DELTA DENSITY START CYCLE =    3
 COMPUTATIONAL CUTOFF: 
      TWO-e INTEGRAL   =  0.100E-08
      BASIS SET PRIME  =  0.100E-09
      MATRIX ELEMENTS  =  0.100E-09
      BASIS FUNCTION   =  0.100E-05
      GRADIENT CUTOFF  =  0.100E-08
 DENSITY MATRIX MAXIMUM RMS FOR CONVERGENCE  =  0.100E-05
 BASIS SET = DEF2-SVPD,  TYPE = CARTESIAN
| BASIS FILE = /home/madu/test-output-update/basis/DEF2-SVPD.BAS

 @ Finish reading job


 @ Begin SAD initial guess

 For Atom Kind =    1
 ELEMENT = O 
 BASIS FUNCTIONS =   25
 For Atom Kind =    2
 ELEMENT = H 
 BASIS FUNCTIONS =    8

 @ Finish SAD initial guess


 @ Begin Reading Molecular Information


 =========== Molecule Input ==========
 TOTAL MOLECULAR CHARGE  =    0    MULTIPLICITY                =    1
 TOTAL ATOM NUMBER       =    3    NUMBER OF ATOM TYPES        =    2
 NUMBER OF HYDROGEN ATOM =    2    NUMBER OF NON-HYDROGEN ATOM =    1
 NUMBER OF ELECTRONS     =   10

 -- INPUT GEOMETRY -- :
    O          -0.3384       0.0038       0.2392
    H          -0.3351      -0.0019      -0.8328
    H           0.6735      -0.0019       0.5935

 -- DISTANCE MATRIX -- :
              1           2           3
      1     0.00000
      2     2.02582     0.00000
      3     2.02607     3.30113     0.00000

============== BASIS INFOS ==============
 BASIS FUNCTIONS =   41
 NSHELL =   17 NPRIM  =   55
 JSHELL =   17 JBASIS =   27


 @ End Reading Molecular Information 


 @ Begin XC Quadrature Formation

 OCTAGO: OCTree Algorithm for Grid Operations 
   PRUNING CUTOFF       = 0.100E-06
   INITIAL GRID POINTS  =       11320
|   FINAL GRID POINTS    =        8073
|   SIGNIFICANT NUMBER OF BASIS FUNCTIONS     =        6521
|   SIGNIFICANT NUMBER OF PRIMITIVE FUNCTIONS =        7064

 @ End XC Quadrature Formation


 @ Begin Energy Calculation

                                         SCF ENERGY
| ------------------------------------------------------------------------------------------------------------------------
| NCYC       ENERGY         DELTA_E      SCF_TIME  DII_CYC   DII_TIME   O_TIME  DIAG_TIME    MAX_ERR    RMS_CHG    MAX_CHG
| ------------------------------------------------------------------------------------------------------------------------
|  1    -76.278396138      ------         0.042     1        0.01      0.04      0.00    0.1312E+01  0.3647E-01  0.3856E+00
|  2    -76.281882647  0.348651E-02       0.017     2        0.00      0.01      0.00    0.2692E+00  0.2597E-01  0.3209E+00
|  3    -76.151811111  -.130072E+00       0.016     3        0.00      0.01      0.00    0.4387E+00  0.1455E-01  0.2105E+00
|  4    -76.363593411  0.211782E+00       0.016     4        0.00      0.01      0.00    0.8148E-02  0.6125E-03  0.5058E-02
|  5    -76.363714216  0.120805E-03       0.016     5        0.00      0.01      0.00    0.2483E-02  0.1367E-03  0.1191E-02
|  6    -76.363722974  0.875854E-05       0.015     6        0.00      0.01      0.00    0.5135E-03  0.2259E-04  0.2981E-03
|  7    -76.363723259  0.284643E-06       0.015     7        0.00      0.01      0.00    0.4838E-04  0.2968E-05  0.3135E-04
|  8    -76.363723262  0.330492E-08       0.015     8        0.00      0.01      0.00    0.1584E-04  0.6301E-06  0.8396E-05
| ------------------------------------------------------------------------------------------------------------------------
| REACH CONVERGENCE AFTER   8 CYCLES
| MAX ERROR = 0.158363E-04   RMS CHANGE = 0.630149E-06   MAX CHANGE = 0.839597E-05
| -----------------------------------------------
 ALPHA ELECTRON DENSITY    =     4.9999833547
 BETA ELECTRON DENSITY     =     4.9999833547
 ELECTRONIC ENERGY    =    -84.564194991
 CORE_CORE REPULSION  =      8.200471729
 TOTAL ENERGY         =    -76.363723262

 @ End Energy calculation


 @ Begin Gradient Calculation

 ANALYTICAL GRADIENT: 
----------------------------------------
 COORDINATE    XYZ            GRADIENT
----------------------------------------
    1X    -0.3384000258    -0.0603613613
    1Y     0.0038000003     0.0006675477
    1Z     0.2392300183     0.0422427275
    2X    -0.3351000256    -0.0088686940
    2Y    -0.0019000001    -0.0003344226
    2Z    -0.8327700636    -0.0761719100
    3X     0.6735000514     0.0692300553
    3Y    -0.0019000001    -0.0003331251
    3Z     0.5935300453     0.0339291825
----------------------------------------

 @ End Gradient Calculation


 @ Begin Zmake conversion

  
 Z-MATRIX:

   ATOM  ELEMENTAL  BOND LENGTH    BOND ANGLE    DIHEDRAL ANGLE
  NUMBER  SYMBOL    (ANGSTROMS)    (DEGREES)       (DEGREES)
     I                 I-NA         I-NA-NB        I-NA-NB-NC      NA   NB   NC

     1      O        0.00000  0     0.00000  0      0.00000  0      0    0    0
     2      H        1.07202  1     0.00000  0      0.00000  0      1    0    0
     3      H        1.07215  1   109.11820  1      0.00000  0      1    2    0

 @ End Zmake conversion


 @ Begin Charge and Dipole Calculation

    ATOMIC CHARGES
   ATOM          MULLIKEN            LOWDIN
   O             -0.4067            -0.1418
   H              0.2033             0.0691
   H              0.2034             0.0727
   TOTAL        -0.0000            -0.0000

    DIPOLE (DEBYE)
      X         Y         Z        TOTAL
    1.5311   -0.0172   -1.0825    1.8752

 @ End Charge and Dipole Calculation


 @ Output Timing Information

------------- TIMING ---------------
| INITIAL GUESS TIME  =     2.044284000( 26.52%)
| DFT GRID OPERATIONS =     0.013878000(  0.18%)
| TOTAL SCF TIME      =     0.154023000(  2.00%)
|       TOTAL OP TIME      =     0.123876000(  1.61%)
|             TOTAL 1e TIME      =     0.001520000(  0.02%)
|             TOTAL 2e TIME      =     0.046643000(  0.61%)
|             TOTAL EXC TIME     =     0.073403000(  0.95%)
|       TOTAL DII TIME      =     0.030047000(  0.39%)
|             TOTAL DIAG TIME    =     0.022347000(  0.29%)
| TOTAL GRADIENT TIME      =     0.125508000(  1.63%)
|       TOTAL 1e GRADIENT TIME      =     0.007874000( 0.11%)
|       TOTAL 2e GRADIENT TIME      =     0.081658000( 1.06%)
|       TOTAL EXC GRADIENT TIME     =     0.035496000(  0.46%)
| TOTAL TIME          =     7.709378000
------------------------------------
| Job cpu time:  0 days  0 hours  0 minutes  7.7 seconds.

 @ Finish Output Timing Information

| Normal Termination. Task Finished on: Fri Jul 22 11:18:32 2022
