  *********************************************************************************************************
  **                                                                                                     **
  **           888888888888                                                                              **
  **         8888888888888888                                                                            **
  **      888888888888888888                                                                             **
  **     888888888888888888                                                                              **
  **    888888888888888                                                                                  **
  **   88888888888888888888                               88888                       8888:              **
  **   8888888888888888888888Z                            88888                       8888:              **
  **   888888888888888888888888?                          88888                       8888:              **
  **   8888888888888      8888888                                        888888       8888:              **
  **    88888888888         888888     8888:     88888    88888        888888888I     8888:    888888    **
  **    8888888888           88888:    8888:     88888    88888      $888888888888    8888:   888888     **
  **    I8Z 88888             88888    8888:     88888    88888    .888888     8888   8888: 888888       **
  **    .8Z 88888             88888    8888:     88888    88888    $88888             8888:88888         **
  **     8I 88888      .=88. .88888    8888:     88888    88888    88888              8888888888         **
  **    :8  88888      888888$8888$    8888:     88888    88888    8888O              88888888888        **
  **   ,7   +88888.     8888888888.    8888:     88888    88888    888888             88888O888888       **
  **         $888888:.   .8888888      88888....888888    88888     888888     8888   8888:  888888      **
  **          I8888888888888888888     888888888888888    88888     O888888888888O    8888:   888888     **
  **            O888888888888888888     88888888888888    88888       88888888888$    8888:    888888    **
  **               8888888Z     888      .8888I  88888    88888         8888888       8888:     888888   **
  **                                                                                                     **
  **                                                                                                     **
  **                                         Copyright (c) 2022                                          **
  **                          Regents of the University of California San Diego                          **
  **                                    & Michigan State University                                      **
  **                                        All Rights Reserved.                                         **
  **                                                                                                     **
  **             This software is subject to the terms of the Mozilla Public License, v. 2.0.            **
  **                                                                                                     **
  *********************************************************************************************************
                                                                                                           
  Cite this work as:                                                                                       
  Manathunga, M.; Shajan, A.; Giese, T. J.; Cruzeiro, V.W.D.; Smith, J.; Miao, Y.; He, X.; Ayers, K.;      
  Brothers, E.; Goetz, A.W.; Merz, K.M. QUICK-22.03                                                        
  University of California San Diego, CA and Michigan State University, East Lansing, MI, 2022             
                                                                                                           
  If you have any comments or queries, please send us an email for technical support:                      
  quick.merzlab@gmail.com                                                                                  
                                                                                                           
| TASK STARTS ON: Tue May  3 18:25:54 2022
| INPUT FILE :    grad_ch5nos_pbe0_631g.in
| OUTPUT FILE:    grad_ch5nos_pbe0_631g.out
| DATA FILE  :    grad_ch5nos_pbe0_631g.dat
| BASIS SET PATH: /mnt/home/manathun/Work/fix-delta-density-dft/basis

|------------ GPU INFORMATION ---------------
| CUDA ENABLED DEVICE         :        4
| CUDA DEVICE IN USE          :        0
| CUDA DEVICE NAME            : Tesla V100S-PCIE-32GB
| CUDA DEVICE PM              :       80
| CUDA DEVICE CORE FREQ(GHZ)  :     1.60
| CUDA DEVICE MEMORY SIZE (MB):    32510
| SUPPORTING CUDA VERSION     :      7.0
|--------------------------------------------

 @ Read Job And Atom

  KEYWORD=DFT PBE0 BASIS=6-31G CUTOFF=1.0E-9 DENSERMS=1.0E-6  ZMAKE GRADIENT DIPOLE                                                                                                                               
 ============== JOB CARD =============
 METHOD = DENSITY FUNCTIONAL THEORY
 USING LIBXC VERSION: 4.3.4
 FUNCTIONAL INFORMATION:
 NAME = PBEH (PBE0) FAMILY = HYBRID GGA KIND = EXCHANGE CORRELATION
 DIRECT SCF 
 SAD INITAL GUESS 
 USE DIIS SCF
 PRINT ENERGY EVERY CYCLE
 READ SAD GUESS FROM FILE
 Z-MATRIX CONSTRUCTION
 DIPOLE
 STANDARD GRID = SG1
 GRADIENT CALCULATION
 MAX SCF CYCLES =    200
 MAX DIIS CYCLES =   10
 DELTA DENSITY START CYCLE =    5
 COMPUTATIONAL CUTOFF: 
      TWO-e INTEGRAL   =  0.100E-08
      BASIS SET PRIME  =  0.100E-09
      MATRIX ELEMENTS  =  0.100E-09
      BASIS FUNCTION   =  0.100E-09
      GRADIENT CUTOFF  =  0.100E-08
 DENSITY MATRIX MAXIMUM RMS FOR CONVERGENCE  =  0.100E-05
 BASIS SET = 6-31G,  TYPE = CARTESIAN
| BASIS FILE = /mnt/home/manathun/Work/fix-delta-density-dft/basis/6-31G.BAS

 @ Finish reading job


 @ Begin SAD initial guess

 For Atom Kind =    1
 ELEMENT = C 
 BASIS FUNCTIONS =    9
 For Atom Kind =    2
 ELEMENT = O 
 BASIS FUNCTIONS =    9
 For Atom Kind =    3
 ELEMENT = N 
 BASIS FUNCTIONS =    9
 For Atom Kind =    4
 ELEMENT = H 
 BASIS FUNCTIONS =    2
 For Atom Kind =    5
 ELEMENT = S 
 BASIS FUNCTIONS =   13

 @ Finish SAD initial guess


 @ Begin Reading Molecular Information


 =========== Molecule Input ==========
 TOTAL MOLECULAR CHARGE  =    0    MULTIPLICITY                =    1
 TOTAL ATOM NUMBER       =    9    NUMBER OF ATOM TYPES        =    5
 NUMBER OF HYDROGEN ATOM =    5    NUMBER OF NON-HYDROGEN ATOM =    4
 NUMBER OF ELECTRONS     =   42

 -- INPUT GEOMETRY -- :
    C          -1.3709       0.2881      -0.2373
    O           0.0012       0.1311      -0.4531
    N          -1.7503      -0.7127       0.7167
    H          -1.8997       0.1549      -1.1853
    S          -1.7415       1.9080       0.4275
    H           0.3414      -0.0348       0.4408
    H          -1.6363      -1.6188       0.2661
    H          -2.7490      -0.6078       0.8861
    H          -1.0357       1.7471       1.5528

 -- DISTANCE MATRIX -- :
              1           2           3           4           5
      1     0.00000
      2     2.64149     0.00000
      3     2.70947     4.28781     0.00000
      4     2.06675     3.84976     3.96068     0.00000
      5     3.38226     4.98903     4.98250     4.51155     0.00000
      6     3.53334     1.83439     4.18776     5.24471     5.38266
      7     3.76053     4.72845     1.92434     4.35946     6.67455
      8     3.76245     5.94694     1.92451     4.46955     5.19404
      9     4.40981     5.24731     5.09191     6.20423     2.52847
              6           7           8           9
      6     0.00000
      7     4.79962     0.00000
      8     5.99894     3.07312     0.00000
      9     4.74631     6.90345     5.64567     0.00000

============== BASIS INFOS ==============
 BASIS FUNCTIONS =   50
 NSHELL =   23 NPRIM  =  132
 JSHELL =   23 JBASIS =   66


 @ End Reading Molecular Information 


 @ Begin XC Quadrature Formation

 OCTAGO: OCTree Algorithm for Grid Operations 
   PRUNING CUTOFF       = 0.100E-09
   INITIAL GRID POINTS  =       33968
|   FINAL GRID POINTS    =       22628
|   SIGNIFICANT NUMBER OF BASIS FUNCTIONS     =       13521
|   SIGNIFICANT NUMBER OF PRIMITIVE FUNCTIONS =       17964

 @ End XC Quadrature Formation


 @ Begin Energy Calculation

                                         SCF ENERGY
| ------------------------------------------------------------------------------------------------------------------------
| NCYC       ENERGY         DELTA_E      SCF_TIME  DII_CYC   DII_TIME   O_TIME  DIAG_TIME    MAX_ERR    RMS_CHG    MAX_CHG
| ------------------------------------------------------------------------------------------------------------------------
|  1   -569.594366197      ------         0.049     1        0.01      0.04      0.01    0.2038E+01  0.6221E-01  0.4174E+00
|  2   -568.701442745  -.892923E+00       0.032     2        0.01      0.02      0.01    0.2515E+00  0.2955E-01  0.3086E+00
|  3   -568.651757635  -.496851E-01       0.029     3        0.01      0.02      0.01    0.3293E+00  0.1635E-01  0.1886E+00
|  4   -568.811678263  0.159921E+00       0.029     4        0.01      0.02      0.01    0.2729E-01  0.2698E-02  0.3168E-01
|  5   -568.813147230  0.146897E-02       0.029     5        0.01      0.02      0.01    0.8307E-02  0.6885E-03  0.6948E-02
|  6   -568.813336696  0.189466E-03       0.029     6        0.01      0.02      0.01    0.2612E-02  0.2471E-03  0.2744E-02
|  7   -568.813354905  0.182095E-04       0.028     7        0.01      0.02      0.01    0.2686E-03  0.4481E-04  0.6288E-03
|  8   -568.813355385  0.479609E-06       0.028     8        0.01      0.02      0.01    0.2885E-04  0.6815E-05  0.4044E-04
|  9   -568.813355390  0.503849E-08       0.028     9        0.01      0.02      0.01    0.6749E-05  0.1652E-05  0.1522E-04
| 10   -568.813355387  -.301543E-08       0.028    10        0.01      0.02      0.01    0.4050E-05  0.4167E-06  0.4506E-05
| ------------------------------------------------------------------------------------------------------------------------
| REACH CONVERGENCE AFTER  10 CYCLES
| MAX ERROR = 0.404962E-05   RMS CHANGE = 0.416701E-06   MAX CHANGE = 0.450603E-05
| -----------------------------------------------
 ALPHA ELECTRON DENSITY    =    20.9998426014
 BETA ELECTRON DENSITY     =    20.9998426014
 ELECTRONIC ENERGY    =   -744.668814960
 CORE_CORE REPULSION  =    175.855459573
 TOTAL ENERGY         =   -568.813355387

 @ End Energy calculation


 @ Begin Gradient Calculation

 ANALYTICAL GRADIENT: 
----------------------------------------
 COORDINATE    XYZ            GRADIENT
----------------------------------------
    1X    -1.3708901047    -0.0038897244
    1Y     0.2881200220     0.0203938963
    1Z    -0.2373200181     0.0139368161
    2X     0.0012200001    -0.0113251059
    2Y     0.1311300100     0.0050481852
    2Z    -0.4531100346     0.0127436306
    3X    -1.7503301337     0.0228782387
    3Y    -0.7127100544     0.0129500739
    3Z     0.7166800547     0.0034345437
    4X    -1.8996901451    -0.0050763014
    4Y     0.1549200118    -0.0110547312
    4Z    -1.1853500905     0.0046709101
    5X    -1.7415401330     0.0259164414
    5Y     1.9080001457    -0.0422630168
    5Z     0.4275400326     0.0058567072
    6X     0.3413900261    -0.0136945633
    6Y    -0.0348100027     0.0028598483
    6Z     0.4407800337    -0.0053428452
    7X    -1.6363401250    -0.0068150206
    7Y    -1.6187601236     0.0074881117
    7Z     0.2660700203    -0.0054974357
    8X    -2.7490502099     0.0004367218
    8Y    -0.6078000464     0.0010182205
    8Z     0.8861100677    -0.0146128842
    9X    -1.0357400791    -0.0082687775
    9Y     1.7471101334     0.0038423345
    9Z     1.5528101186    -0.0146169768
----------------------------------------

 @ End Gradient Calculation


 @ Begin Zmake conversion

  
 Z-MATRIX:

   ATOM  ELEMENTAL  BOND LENGTH    BOND ANGLE    DIHEDRAL ANGLE
  NUMBER  SYMBOL    (ANGSTROMS)    (DEGREES)       (DEGREES)
     I                 I-NA         I-NA-NB        I-NA-NB-NC      NA   NB   NC

     1      C        0.00000  0     0.00000  0      0.00000  0      0    0    0
     2      O        1.39782  1     0.00000  0      0.00000  0      1    0    0
     3      N        1.43379  1   106.50476  1      0.00000  0      1    2    0
     4      H        1.09368  1   109.09390  1   -120.27054  1      1    2    3
     5      S        1.78981  1   111.23987  1    118.95972  1      1    2    3
     6      H        1.86976  1    30.41941  1     41.33759  1      1    2    3
     7      H        1.98999  1    93.57588  1    -26.71589  1      1    2    3
     8      H        1.99100  1   135.72786  1      0.13364  1      1    2    3
     9      H        2.33357  1    92.73200  1     88.65691  1      1    2    3

 @ End Zmake conversion


 @ Begin Charge and Dipole Calculation

    ATOMIC CHARGES
   ATOM          MULLIKEN            LOWDIN
   C             -0.1580            -0.0656
   O             -0.5591            -0.3981
   N             -0.6926            -0.4702
   H              0.2268             0.1251
   S              0.1054            -0.0044
   H              0.3779             0.2878
   H              0.3126             0.2174
   H              0.3168             0.2220
   H              0.0701             0.0860
   TOTAL         0.0000             0.0000

    DIPOLE (DEBYE)
      X         Y         Z        TOTAL
   -1.1816   -2.2546    0.8748    2.6915

 @ End Charge and Dipole Calculation


 @ Output Timing Information

------------- TIMING ---------------
| INITIAL GUESS TIME  =     0.393095000(  9.31%)
| DFT GRID OPERATIONS =     0.035725000(  0.85%)
| TOTAL SCF TIME      =     0.314067000(  7.44%)
|       TOTAL OP TIME      =     0.242580000(  5.75%)
|             TOTAL 1e TIME      =     0.004495000(  0.11%)
|             TOTAL 2e TIME      =     0.138189000(  3.27%)
|             TOTAL EXC TIME     =     0.093704000(  2.22%)
|       TOTAL DII TIME      =     0.071359000(  1.69%)
|             TOTAL DIAG TIME    =     0.063275000(  1.50%)
| TOTAL GRADIENT TIME      =     0.212141000(  5.03%)
|       TOTAL 1e GRADIENT TIME      =     0.029540000( 0.72%)
|       TOTAL 2e GRADIENT TIME      =     0.141982000( 3.36%)
|       TOTAL EXC GRADIENT TIME     =     0.039469000(  0.93%)
| TOTAL TIME          =     4.221684000
------------------------------------
| Job cpu time:  0 days  0 hours  0 minutes  4.2 seconds.

 @ Finish Output Timing Information

| Normal Termination. Task Finished on: Tue May  3 18:25:58 2022
