  *********************************************************************************************************
  **                                                                                                     **
  **           888888888888                                                                              **
  **         8888888888888888                                                                            **
  **      888888888888888888                                                                             **
  **     888888888888888888                                                                              **
  **    888888888888888                                                                                  **
  **   88888888888888888888                               88888                       8888:              **
  **   8888888888888888888888Z                            88888                       8888:              **
  **   888888888888888888888888?                          88888                       8888:              **
  **   8888888888888      8888888                                        888888       8888:              **
  **    88888888888         888888     8888:     88888    88888        888888888I     8888:    888888    **
  **    8888888888           88888:    8888:     88888    88888      $888888888888    8888:   888888     **
  **    I8Z 88888             88888    8888:     88888    88888    .888888     8888   8888: 888888       **
  **    .8Z 88888             88888    8888:     88888    88888    $88888             8888:88888         **
  **     8I 88888      .=88. .88888    8888:     88888    88888    88888              8888888888         **
  **    :8  88888      888888$8888$    8888:     88888    88888    8888O              88888888888        **
  **   ,7   +88888.     8888888888.    8888:     88888    88888    888888             88888O888888       **
  **         $888888:.   .8888888      88888....888888    88888     888888     8888   8888:  888888      **
  **          I8888888888888888888     888888888888888    88888     O888888888888O    8888:   888888     **
  **            O888888888888888888     88888888888888    88888       88888888888$    8888:    888888    **
  **               8888888Z     888      .8888I  88888    88888         8888888       8888:     888888   **
  **                                                                                                     **
  **                                                                                                     **
  **                                         Copyright (c) 2022                                          **
  **                          Regents of the University of California San Diego                          **
  **                                    & Michigan State University                                      **
  **                                        All Rights Reserved.                                         **
  **                                                                                                     **
  **             This software is subject to the terms of the Mozilla Public License, v. 2.0.            **
  **                                                                                                     **
  *********************************************************************************************************
                                                                                                           
  Cite this work as:                                                                                       
  Manathunga, M.; Shajan, A.; Giese, T. J.; Cruzeiro, V.W.D.; Smith, J.; Miao, Y.; He, X.; Ayers, K.;      
  Brothers, E.; Goetz, A.W.; Merz, K.M. QUICK-22.03                                                        
  University of California San Diego, CA and Michigan State University, East Lansing, MI, 2022             
                                                                                                           
  If you have any comments or queries, please send us an email for technical support:                      
  quick.merzlab@gmail.com                                                                                  
                                                                                                           
| TASK STARTS ON: Fri Jul 22 11:26:22 2022
| INPUT FILE :    opt_c2hrad_uhf_ccpvdz.in
| OUTPUT FILE:    opt_c2hrad_uhf_ccpvdz.out
| DATA FILE  :    opt_c2hrad_uhf_ccpvdz.dat
| BASIS SET PATH: /home/madu/test-output-update/basis

|------------ GPU INFORMATION ---------------
| CUDA ENABLED DEVICE         :        3
| CUDA DEVICE IN USE          :        0
| CUDA DEVICE NAME            : NVIDIA TITAN V
| CUDA DEVICE PM              :       80
| CUDA DEVICE CORE FREQ(GHZ)  :     1.46
| CUDA DEVICE MEMORY SIZE (MB):    12066
| SUPPORTING CUDA VERSION     :      7.0
|--------------------------------------------

 @ Read Job And Atom

  KEYWORD=UDFT B3LYP BASIS=CC-PVDZ CUTOFF=1.0E-9 DENSERMS=1.0E-6 MULT=2 OPTIMIZE=3                                                                                                                                
 ============== JOB CARD =============
 METHOD = DENSITY FUNCTIONAL THEORY
 USING LIBXC VERSION: 4.3.4
 FUNCTIONAL INFORMATION:
 NAME = B3LYP FAMILY = HYBRID GGA KIND = EXCHANGE CORRELATION
 DIRECT SCF 
 SAD INITAL GUESS 
 UNRESTRICTED SYSTEM
 USE DIIS SCF
 PRINT ENERGY EVERY CYCLE
 READ SAD GUESS FROM FILE
 STANDARD GRID = SG1
 GEOMETRY OPTIMIZATION ANALYTICAL GRADIENT
 REQUEST CRITERIA FOR GEOMETRY CONVERGENCE: 
      MAX ALLOWED GEO CHANGE  =  0.189E+00
      MAX GEOMETRY CHANGE     =  0.180E-02
      GEOMETRY CHANGE RMS     =  0.120E-02
      MAX GRADIENT CHANGE     =  0.100E-02
      GRADIENT NORMALIZATION  =  0.300E-03
 GRADIENT CALCULATION
 MAX SCF CYCLES =    200
 MAX DIIS CYCLES =   10
 DELTA DENSITY START CYCLE =    3
 COMPUTATIONAL CUTOFF: 
      TWO-e INTEGRAL   =  0.100E-08
      BASIS SET PRIME  =  0.100E-09
      MATRIX ELEMENTS  =  0.100E-09
      BASIS FUNCTION   =  0.100E-05
      GRADIENT CUTOFF  =  0.100E-08
 DENSITY MATRIX MAXIMUM RMS FOR CONVERGENCE  =  0.100E-05
 BASIS SET = CC-PVDZ,  TYPE = CARTESIAN
| BASIS FILE = /home/madu/test-output-update/basis/CC-PVDZ.BAS

 @ Finish reading job


 @ Begin SAD initial guess

 For Atom Kind =    1
 ELEMENT = C 
 BASIS FUNCTIONS =   15
 For Atom Kind =    2
 ELEMENT = H 
 BASIS FUNCTIONS =    5

 @ Finish SAD initial guess


 @ Begin Reading Molecular Information


 =========== Molecule Input ==========
 TOTAL MOLECULAR CHARGE  =    0    MULTIPLICITY                =    2
 TOTAL ATOM NUMBER       =    3    NUMBER OF ATOM TYPES        =    2
 NUMBER OF HYDROGEN ATOM =    1    NUMBER OF NON-HYDROGEN ATOM =    2
 NUMBER OF ALPHA ELECTRONS =    7
 NUMBER OF BETA ELECTRONS  =    6

 -- INPUT GEOMETRY -- :
    C           0.0000       0.0000       0.6000
    C           0.0000       0.0000      -0.6000
    H           0.0000       0.0000       1.6000

 -- DISTANCE MATRIX -- :
              1           2           3
      1     0.00000
      2     2.26767     0.00000
      3     1.88973     4.15740     0.00000

============== BASIS INFOS ==============
 BASIS FUNCTIONS =   35
 NSHELL =   15 NPRIM  =   88
 JSHELL =   15 JBASIS =   56


 @ End Reading Molecular Information 


***********************************************************************
**                                                                   **
**                       ---------------------                       **
**                              DL-FIND                              **
**                       Geometry Optimisation                       **
**                       ---------------------                       **
**                                                                   **
**                 J. Kaestner, J.M. Carr, T.W. Keal,                **
**                W. Thiel, A. Wander and P. Sherwood                **
**                                                                   **
**              J. Phys. Chem. A, 2009, 113 (43), 11856.             **
**                                                                   **
**   Please include this reference in published work using DL-FIND.  **
**                                                                   **
**               Copyright:  STFC Daresbury Laboratory               **
**                           Revision:                               **
**                                                                   **
***********************************************************************

Residue member list:
    0 :     1    1    1

Generating new HDLC for    1 residues

Located a new residue for HDLC
   Residue number is    1
   Number of atoms it contains     3
   Atoms:      1     2     3
   Generating HDLC for residue    1
       Making linear about     1

   The Cartesian coordinates
         1     0.00000000000000     0.00000000000000     1.13383567973139
         2     0.00000000000000     0.00000000000000    -1.13383567973139
         3     0.00000000000000     0.00000000000000     3.02356370234316

   The primitive internal coordinates


     The system has     2 stretches
         1 Stre     2     1              =    2.26767136
         2 Stre     3     1              =    1.88972802


     The system has     1 bends and impropers
         3 Line     2     1     3  wrt yz


     The system has     0 dihedrals


   Residue      1 has internal coords      1 to      9

DL-FIND Report:
===============
Optimisation algorithm: L-BFGS
Number of steps in L-BFGS memory ...............        100

Step length: simple scaled
Maximum step length ............................  1.000E-01
Scaling step by ................................  1.000E+00

Coordinate system: Delocalised internal coordinates (DLC)

Number of atoms ................................          3
Number of input geometries .....................          1
Variables to be optimised ......................          3
No restart information is written
This run has not been restarted.
Maximum number of steps ........................        100
Maximum number of energy evaluations ...........     100000


 @ Optimize for New Step


============  GEOMETRY FOR OPTIMIZATION STEP   1  ============

GEOMETRY INPUT
ELEMENT      X              Y              Z
  C           0.000000       0.000000       0.600000
  C           0.000000       0.000000      -0.600000
  H           0.000000       0.000000       1.600001

 @ Begin XC Quadrature Formation

 OCTAGO: OCTree Algorithm for Grid Operations 
   PRUNING CUTOFF       = 0.100E-06
   INITIAL GRID POINTS  =       11384
|   FINAL GRID POINTS    =        7671
|   SIGNIFICANT NUMBER OF BASIS FUNCTIONS     =        5761
|   SIGNIFICANT NUMBER OF PRIMITIVE FUNCTIONS =        8616

 @ End XC Quadrature Formation


 @ Begin Energy Calculation

                                         USCF ENERGY
| ------------------------------------------------------------------------------------------------------------------------
| NCYC       ENERGY         DELTA_E      SCF_TIME  DII_CYC   DII_TIME   O_TIME  DIAG_TIME    MAX_ERR    RMS_CHG    MAX_CHG
| ------------------------------------------------------------------------------------------------------------------------
|  1    -76.909616797      ------         0.061     1        0.01      0.05      0.00    0.1779E+01  0.6196E-01  0.4754E+00
|  2    -76.554514028  -.355103E+00       0.033     2        0.01      0.03      0.00    0.1171E+00  0.2206E-01  0.2823E+00
|  3    -76.489641809  -.648722E-01       0.032     3        0.01      0.03      0.00    0.2726E+00  0.1503E-01  0.2064E+00
|  4    -76.593271698  0.103630E+00       0.032     4        0.01      0.03      0.00    0.1013E+00  0.5044E-02  0.6979E-01
|  5    -76.606937350  0.136657E-01       0.031     5        0.01      0.03      0.00    0.5481E-02  0.1365E-02  0.1210E-01
|  6    -76.607370276  0.432926E-03       0.030     6        0.01      0.02      0.00    0.1497E-02  0.1020E-02  0.8701E-02
|  7    -76.607584928  0.214652E-03       0.030     7        0.01      0.02      0.00    0.1702E-02  0.2272E-02  0.2028E-01
|  8    -76.607957353  0.372425E-03       0.032     8        0.01      0.03      0.00    0.1178E-02  0.3958E-02  0.3795E-01
|  9    -76.608217625  0.260271E-03       0.032     9        0.01      0.03      0.00    0.3782E-02  0.2246E-03  0.3478E-02
| 10    -76.608242721  0.250965E-04       0.030    10        0.01      0.02      0.00    0.1604E-02  0.1182E-02  0.1166E-01
| 11    -76.608263984  0.212627E-04       0.029     1        0.01      0.02      0.00    0.1284E-02  0.3284E-03  0.5236E-02
| 12    -76.608273972  0.998841E-05       0.030     2        0.01      0.02      0.00    0.9909E-03  0.1316E-03  0.1297E-02
| 13    -76.608275479  0.150723E-05       0.028     3        0.01      0.02      0.00    0.4840E-03  0.6695E-04  0.8133E-03
| 14    -76.608276032  0.552127E-06       0.028     4        0.01      0.02      0.00    0.1332E-03  0.1847E-04  0.1808E-03
| 15    -76.608276060  0.282333E-07       0.027     5        0.01      0.02      0.00    0.9424E-05  0.1151E-05  0.1121E-04
| 16    -76.608276060  0.193072E-09       0.024     6        0.01      0.02      0.00    0.3950E-06  0.1611E-06  0.1956E-05
| ------------------------------------------------------------------------------------------------------------------------
| REACH CONVERGENCE AFTER  16 CYCLES
| MAX ERROR = 0.395012E-06   RMS CHANGE = 0.161131E-06   MAX CHANGE = 0.195581E-05
| -----------------------------------------------
 ALPHA ELECTRON DENSITY    =    7.0000058334
 BETA ELECTRON DENSITY     =    6.0000182678
 ELECTRONIC ENERGY    =    -97.101862307
 CORE_CORE REPULSION  =     20.493586247
 TOTAL ENERGY         =    -76.608276060

 @ End Energy calculation


 ANALYTICAL GRADIENT: 
------------------------
 VARIBLES    NEW_GRAD
------------------------
    1X    -0.0000005476
    1Y     0.0000004061
    1Z     0.0426314316
    2X     0.0000001774
    2Y    -0.0000001299
    2Z     0.0273201169
    3X     0.0000003702
    3Y    -0.0000002761
    3Z    -0.0699515486
------------------------
 OPTIMIZATION STATISTICS:
 MAXIMUM GRADIENT ELEMENT=     0.3014497440E-01 (REQUEST=  0.10000E-02 )
 GRADIENT NORM           =     0.1740420909E-01 (REQUEST=  0.66667E-03 )

 @ Finish Optimization for This Step

 @ Optimize for New Step


============  GEOMETRY FOR OPTIMIZATION STEP   2  ============

GEOMETRY INPUT
ELEMENT      X              Y              Z
  C           0.000000      -0.000000       0.595011
  C          -0.000000       0.000000      -0.597505
  H          -0.000000       0.000000       1.602496

 @ Begin XC Quadrature Formation

 OCTAGO: OCTree Algorithm for Grid Operations 
   PRUNING CUTOFF       = 0.100E-06
   INITIAL GRID POINTS  =       11384
|   FINAL GRID POINTS    =        7687
|   SIGNIFICANT NUMBER OF BASIS FUNCTIONS     =        5516
|   SIGNIFICANT NUMBER OF PRIMITIVE FUNCTIONS =        8202

 @ End XC Quadrature Formation


 @ Begin Energy Calculation

                                         USCF ENERGY
| ------------------------------------------------------------------------------------------------------------------------
| NCYC       ENERGY         DELTA_E      SCF_TIME  DII_CYC   DII_TIME   O_TIME  DIAG_TIME    MAX_ERR    RMS_CHG    MAX_CHG
| ------------------------------------------------------------------------------------------------------------------------
|  1    -76.610464788      ------         0.034     1        0.01      0.03      0.00    0.3448E-01  0.6705E-03  0.6653E-02
|  2    -76.608670475  -.179431E-02       0.031     2        0.01      0.03      0.00    0.4180E-02  0.5430E-03  0.8080E-02
|  3    -76.608601593  -.688824E-04       0.029     3        0.01      0.02      0.00    0.9004E-02  0.3721E-03  0.5624E-02
|  4    -76.608696709  0.951166E-04       0.029     4        0.01      0.02      0.00    0.5267E-03  0.5694E-04  0.7062E-03
|  5    -76.608697809  0.109957E-05       0.029     5        0.01      0.02      0.00    0.6040E-04  0.8302E-05  0.1258E-03
|  6    -76.608697834  0.246297E-07       0.027     6        0.01      0.02      0.00    0.6334E-05  0.4225E-05  0.7367E-04
|  7    -76.608697842  0.857762E-08       0.025     7        0.01      0.02      0.00    0.3975E-05  0.3611E-05  0.5999E-04
|  8    -76.608697846  0.404611E-08       0.025     8        0.01      0.02      0.00    0.2218E-05  0.3236E-05  0.5336E-04
|  9    -76.608697847  0.112855E-08       0.026     9        0.01      0.02      0.00    0.3832E-06  0.8514E-07  0.1339E-05
| ------------------------------------------------------------------------------------------------------------------------
| REACH CONVERGENCE AFTER   9 CYCLES
| MAX ERROR = 0.383249E-06   RMS CHANGE = 0.851387E-07   MAX CHANGE = 0.133856E-05
| -----------------------------------------------
 ALPHA ELECTRON DENSITY    =    7.0000089683
 BETA ELECTRON DENSITY     =    6.0000206647
 ELECTRONIC ENERGY    =    -97.178325778
 CORE_CORE REPULSION  =     20.569627930
 TOTAL ENERGY         =    -76.608697847

 @ End Energy calculation


 ANALYTICAL GRADIENT: 
------------------------
 VARIBLES    NEW_GRAD
------------------------
    1X    -0.0000001213
    1Y     0.0000000817
    1Z     0.0169741882
    2X     0.0000000681
    2Y     0.0000000011
    2Z     0.0442400284
    3X     0.0000000532
    3Y    -0.0000000829
    3Z    -0.0612142166
------------------------
 OPTIMIZATION STATISTICS:
 ENERGY CHANGE           =     0.4217874083E-03 (REQUEST=  0.10000E-05 )
 MAXIMUM GEOMETRY CHANGE =     0.2000000000E-01 (REQUEST=  0.40000E-02 )
 GEOMETRY CHANGE RMS     =     0.1154700538E-01 (REQUEST=  0.26667E-02 )
 MAXIMUM GRADIENT ELEMENT=     0.1200256359E-01 (REQUEST=  0.10000E-02 )
 GRADIENT NORM           =     0.6929683320E-02 (REQUEST=  0.66667E-03 )

 @ Finish Optimization for This Step

 @ Optimize for New Step


============  GEOMETRY FOR OPTIMIZATION STEP   3  ============

GEOMETRY INPUT
ELEMENT      X              Y              Z
  C           0.000000      -0.000000       0.591710
  C          -0.000000       0.000000      -0.595855
  H          -0.000000       0.000000       1.604146

 @ Begin XC Quadrature Formation

 OCTAGO: OCTree Algorithm for Grid Operations 
   PRUNING CUTOFF       = 0.100E-06
   INITIAL GRID POINTS  =       11384
|   FINAL GRID POINTS    =        7688
|   SIGNIFICANT NUMBER OF BASIS FUNCTIONS     =        5516
|   SIGNIFICANT NUMBER OF PRIMITIVE FUNCTIONS =        8198

 @ End XC Quadrature Formation


 @ Begin Energy Calculation

                                         USCF ENERGY
| ------------------------------------------------------------------------------------------------------------------------
| NCYC       ENERGY         DELTA_E      SCF_TIME  DII_CYC   DII_TIME   O_TIME  DIAG_TIME    MAX_ERR    RMS_CHG    MAX_CHG
| ------------------------------------------------------------------------------------------------------------------------
|  1    -76.609915646      ------         0.034     1        0.01      0.03      0.00    0.2287E-01  0.4513E-03  0.4507E-02
|  2    -76.608764544  -.115110E-02       0.031     2        0.01      0.03      0.00    0.2757E-02  0.3576E-03  0.5298E-02
|  3    -76.608735176  -.293678E-04       0.030     3        0.01      0.02      0.00    0.5891E-02  0.2443E-03  0.3678E-02
|  4    -76.608775963  0.407872E-04       0.030     4        0.01      0.02      0.00    0.3427E-03  0.3719E-04  0.4610E-03
|  5    -76.608776428  0.465388E-06       0.029     5        0.01      0.02      0.00    0.4010E-04  0.5452E-05  0.8189E-04
|  6    -76.608776439  0.104136E-07       0.028     6        0.01      0.02      0.00    0.4133E-05  0.2696E-05  0.4688E-04
|  7    -76.608776442  0.348471E-08       0.028     7        0.01      0.02      0.00    0.2529E-05  0.2290E-05  0.3794E-04
|  8    -76.608776444  0.166253E-08       0.027     8        0.01      0.02      0.00    0.1400E-05  0.7648E-06  0.1247E-04
| ------------------------------------------------------------------------------------------------------------------------
| REACH CONVERGENCE AFTER   8 CYCLES
| MAX ERROR = 0.140005E-05   RMS CHANGE = 0.764822E-06   MAX CHANGE = 0.124745E-04
| -----------------------------------------------
 ALPHA ELECTRON DENSITY    =    7.0000111530
 BETA ELECTRON DENSITY     =    6.0000224248
 ELECTRONIC ENERGY    =    -97.229593410
 CORE_CORE REPULSION  =     20.620816966
 TOTAL ENERGY         =    -76.608776444

 @ End Energy calculation


 ANALYTICAL GRADIENT: 
------------------------
 VARIBLES    NEW_GRAD
------------------------
    1X    -0.0000000440
    1Y     0.0000000318
    1Z    -0.0002210109
    2X     0.0000000481
    2Y     0.0000000162
    2Z     0.0558381997
    3X    -0.0000000041
    3Y    -0.0000000481
    3Z    -0.0556171888
------------------------
 OPTIMIZATION STATISTICS:
 ENERGY CHANGE           =     0.7859647334E-04 (REQUEST=  0.10000E-05 )
 MAXIMUM GEOMETRY CHANGE =     0.1323149797E-01 (REQUEST=  0.40000E-02 )
 GEOMETRY CHANGE RMS     =     0.7639208914E-02 (REQUEST=  0.26667E-02 )
 MAXIMUM GRADIENT ELEMENT=     0.1562783070E-03 (REQUEST=  0.10000E-02 )
 GRADIENT NORM           =     0.9022732760E-04 (REQUEST=  0.66667E-03 )

 @ Finish Optimization for This Step

 WARNING: REACHED MAX OPT CYCLES. THE GEOMETRY IS NOT OPTIMIZED.
          PRINTING THE GEOMETRY FROM LAST STEP.
============= GEOMETRY INFORMATION (NOT OPTIMIZED) ===========

 OPTIMIZED GEOMETRY IN CARTESIAN
 ELEMENT      X              Y              Z
  C           0.000000      -0.000000       0.591753
  C          -0.000000       0.000000      -0.595876
  H          -0.000000       0.000000       1.604125

 FORCE
 ELEMENT      X              Y              Z
  C           0.000000      -0.000000       0.000117
  C          -0.000000      -0.000000      -0.029548
  H           0.000000       0.000000       0.029431

 MINIMIZED ENERGY =    -76.608776444
===============================================================

 @ Finish Optimization Job


DL-FIND Report:
===============
Optimisation algorithm: L-BFGS
Number of steps in L-BFGS memory ...............        100

Step length: simple scaled
Maximum step length ............................  1.000E-01
Scaling step by ................................  1.000E+00

Coordinate system: Delocalised internal coordinates (DLC)

Number of atoms ................................          3
Number of input geometries .....................          1
Variables to be optimised ......................          3
No restart information is written
This run has not been restarted.
Number of energy evaluations on this processor .          3
Number of steps ................................          3
Number of accepted steps / line searches .......          3


 @ Output Timing Information

------------- TIMING ---------------
| INITIAL GUESS TIME  =     2.083656000( 21.81%)
| DFT GRID OPERATIONS =     0.036257000(  0.38%)
| TOTAL SCF TIME      =     1.013948000( 10.61%)
|       TOTAL OP TIME      =     0.826489000(  8.65%)
|             TOTAL 1e TIME      =     0.010479000(  0.11%)
|             TOTAL 2e TIME      =     0.600990000(  6.29%)
|             TOTAL EXC TIME     =     0.201070000(  2.10%)
|       TOTAL DII TIME      =     0.187353000(  1.96%)
|             TOTAL DIAG TIME    =     0.004162000(  0.04%)
| TOTAL GRADIENT TIME      =     1.021053000( 10.69%)
|       TOTAL 1e GRADIENT TIME      =     0.053283000( 0.59%)
|       TOTAL 2e GRADIENT TIME      =     0.888881000( 9.31%)
|       TOTAL EXC GRADIENT TIME     =     0.076104000(  0.80%)
| TOTAL TIME          =     9.552275000
------------------------------------
| Job cpu time:  0 days  0 hours  0 minutes  9.6 seconds.

 @ Finish Output Timing Information

| Normal Termination. Task Finished on: Fri Jul 22 11:26:32 2022
