  *********************************************************************************************************
  **                                                                                                     **
  **           888888888888                                                                              **
  **         8888888888888888                                                                            **
  **      888888888888888888                                                                             **
  **     888888888888888888                                                                              **
  **    888888888888888                                                                                  **
  **   88888888888888888888                               88888                       8888:              **
  **   8888888888888888888888Z                            88888                       8888:              **
  **   888888888888888888888888?                          88888                       8888:              **
  **   8888888888888      8888888                                        888888       8888:              **
  **    88888888888         888888     8888:     88888    88888        888888888I     8888:    888888    **
  **    8888888888           88888:    8888:     88888    88888      $888888888888    8888:   888888     **
  **    I8Z 88888             88888    8888:     88888    88888    .888888     8888   8888: 888888       **
  **    .8Z 88888             88888    8888:     88888    88888    $88888             8888:88888         **
  **     8I 88888      .=88. .88888    8888:     88888    88888    88888              8888888888         **
  **    :8  88888      888888$8888$    8888:     88888    88888    8888O              88888888888        **
  **   ,7   +88888.     8888888888.    8888:     88888    88888    888888             88888O888888       **
  **         $888888:.   .8888888      88888....888888    88888     888888     8888   8888:  888888      **
  **          I8888888888888888888     888888888888888    88888     O888888888888O    8888:   888888     **
  **            O888888888888888888     88888888888888    88888       88888888888$    8888:    888888    **
  **               8888888Z     888      .8888I  88888    88888         8888888       8888:     888888   **
  **                                                                                                     **
  **                                                                                                     **
  **                                         Copyright (c) 2022                                          **
  **                          Regents of the University of California San Diego                          **
  **                                    & Michigan State University                                      **
  **                                        All Rights Reserved.                                         **
  **                                                                                                     **
  **             This software is subject to the terms of the Mozilla Public License, v. 2.0.            **
  **                                                                                                     **
  *********************************************************************************************************
                                                                                                           
  Cite this work as:                                                                                       
  Manathunga, M.; Shajan, A.; Giese, T. J.; Cruzeiro, V.W.D.; Smith, J.; Miao, Y.; He, X.; Ayers, K.;      
  Brothers, E.; Goetz, A.W.; Merz, K.M. QUICK-22.03                                                        
  University of California San Diego, CA and Michigan State University, East Lansing, MI, 2022             
                                                                                                           
  If you have any comments or queries, please send us an email for technical support:                      
  quick.merzlab@gmail.com                                                                                  
                                                                                                           
| TASK STARTS ON: Tue May  3 18:28:34 2022
| INPUT FILE :    opt_nh4_pbe_def2svp.in
| OUTPUT FILE:    opt_nh4_pbe_def2svp.out
| DATA FILE  :    opt_nh4_pbe_def2svp.dat
| BASIS SET PATH: /mnt/home/manathun/Work/fix-delta-density-dft/basis

|------------ GPU INFORMATION ---------------
| CUDA ENABLED DEVICE         :        4
| CUDA DEVICE IN USE          :        0
| CUDA DEVICE NAME            : Tesla V100S-PCIE-32GB
| CUDA DEVICE PM              :       80
| CUDA DEVICE CORE FREQ(GHZ)  :     1.60
| CUDA DEVICE MEMORY SIZE (MB):    32510
| SUPPORTING CUDA VERSION     :      7.0
|--------------------------------------------

 @ Read Job And Atom

  KEYWORD=DFT LIBXC=HYB_GGA_XC_PBEH BASIS=DEF2-SVP CUTOFF=1.0E-9 DENSERMS=1.0E-6 OPTIMIZE=7 DIPOLE CHARGE=+1 LOPT                                                                                                 
 ============== JOB CARD =============
 METHOD = DENSITY FUNCTIONAL THEORY
 USING LIBXC VERSION: 4.3.4
 FUNCTIONAL INFORMATION:
 NAME = PBEH (PBE0) FAMILY = HYBRID GGA KIND = EXCHANGE CORRELATION
 DIRECT SCF 
 SAD INITAL GUESS 
 USE DIIS SCF
 PRINT ENERGY EVERY CYCLE
 READ SAD GUESS FROM FILE
 DIPOLE
 STANDARD GRID = SG1
 GEOMETRY OPTIMIZATION ANALYTICAL GRADIENT
 REQUEST CRITERIA FOR GEOMETRY CONVERGENCE: 
      MAX ALLOWED GEO CHANGE  =  0.189E+00
      MAX GEOMETRY CHANGE     =  0.180E-02
      GEOMETRY CHANGE RMS     =  0.120E-02
      MAX GRADIENT CHANGE     =  0.100E-02
      GRADIENT NORMALIZATION  =  0.300E-03
 GRADIENT CALCULATION
 MAX SCF CYCLES =    200
 MAX DIIS CYCLES =   10
 DELTA DENSITY START CYCLE =    5
 COMPUTATIONAL CUTOFF: 
      TWO-e INTEGRAL   =  0.100E-08
      BASIS SET PRIME  =  0.100E-09
      MATRIX ELEMENTS  =  0.100E-09
      BASIS FUNCTION   =  0.100E-09
      GRADIENT CUTOFF  =  0.100E-08
 DENSITY MATRIX MAXIMUM RMS FOR CONVERGENCE  =  0.100E-05
 BASIS SET = DEF2-SVP,  TYPE = CARTESIAN
| BASIS FILE = /mnt/home/manathun/Work/fix-delta-density-dft/basis/DEF2-SVP.BAS

 @ Finish reading job


 @ Begin SAD initial guess

 For Atom Kind =    1
 ELEMENT = N 
 BASIS FUNCTIONS =   15
 For Atom Kind =    2
 ELEMENT = H 
 BASIS FUNCTIONS =    5

 @ Finish SAD initial guess


 @ Begin Reading Molecular Information


 =========== Molecule Input ==========
 TOTAL MOLECULAR CHARGE  =    1    MULTIPLICITY                =    1
 TOTAL ATOM NUMBER       =    5    NUMBER OF ATOM TYPES        =    2
 NUMBER OF HYDROGEN ATOM =    4    NUMBER OF NON-HYDROGEN ATOM =    1
 NUMBER OF ELECTRONS     =   10

 -- INPUT GEOMETRY -- :
    N           0.0000      -0.0001      -0.0000
    H           0.3535      -1.0008       0.0001
    H           0.3542       0.5006       0.8679
    H           0.3543       0.5008      -0.8681
    H          -1.0622      -0.0004       0.0001

 -- DISTANCE MATRIX -- :
              1           2           3           4           5
      1     0.00000
      2     2.00557     0.00000
      3     2.00828     3.27707     0.00000
      4     2.00883     3.27778     3.28056     0.00000
      5     2.00727     3.27583     3.27870     3.27934     0.00000

============== BASIS INFOS ==============
 BASIS FUNCTIONS =   35
 NSHELL =   18 NPRIM  =   53
 JSHELL =   18 JBASIS =   32


 @ End Reading Molecular Information 


 @ Begin Optimization Job


 @ Optimize for New Step


============  GEOMETRY FOR OPTIMIZATION STEP   1 OUT OF    7  ============

GEOMETRY INPUT
ELEMENT      X              Y              Z
  N           0.000040      -0.000120      -0.000000
  H           0.353540      -1.000820       0.000100
  H           0.354240       0.500580       0.867900
  H           0.354340       0.500780      -0.868100
  H          -1.062160      -0.000420       0.000100

 @ Begin XC Quadrature Formation

 OCTAGO: OCTree Algorithm for Grid Operations 
   PRUNING CUTOFF       = 0.100E-09
   INITIAL GRID POINTS  =       18824
|   FINAL GRID POINTS    =       12791
|   SIGNIFICANT NUMBER OF BASIS FUNCTIONS     =        6798
|   SIGNIFICANT NUMBER OF PRIMITIVE FUNCTIONS =        8087

 @ End XC Quadrature Formation


 @ Begin Energy Calculation

                                         SCF ENERGY
| ------------------------------------------------------------------------------------------------------------------------
| NCYC       ENERGY         DELTA_E      SCF_TIME  DII_CYC   DII_TIME   O_TIME  DIAG_TIME    MAX_ERR    RMS_CHG    MAX_CHG
| ------------------------------------------------------------------------------------------------------------------------
|  1    -57.075620973      ------         0.028     1        0.01      0.02      0.01    0.2315E+01  0.4775E-01  0.3543E+00
|  2    -56.780070511  -.295550E+00       0.018     2        0.01      0.01      0.01    0.5312E-01  0.6313E-02  0.7920E-01
|  3    -56.782741009  0.267050E-02       0.018     3        0.01      0.01      0.01    0.5549E-01  0.2902E-02  0.4263E-01
|  4    -56.786739281  0.399827E-02       0.026     4        0.02      0.01      0.02    0.1193E-01  0.5116E-03  0.7346E-02
|  5    -56.786932711  0.193430E-03       0.015     5        0.01      0.01      0.01    0.3067E-03  0.1474E-04  0.2229E-03
|  6    -56.786932326  -.385657E-06       0.014     6        0.01      0.01      0.01    0.1021E-04  0.9923E-06  0.1711E-04
| ------------------------------------------------------------------------------------------------------------------------
| REACH CONVERGENCE AFTER   6 CYCLES
| MAX ERROR = 0.102061E-04   RMS CHANGE = 0.992326E-06   MAX CHANGE = 0.171070E-04
| -----------------------------------------------
 ALPHA ELECTRON DENSITY    =     4.9999922695
 BETA ELECTRON DENSITY     =     4.9999922695
 ELECTRONIC ENERGY    =    -72.564988065
 CORE_CORE REPULSION  =     15.778055739
 TOTAL ENERGY         =    -56.786932326

 @ End Energy calculation


 ANALYTICAL GRADIENT: 
----------------------------------------------------------------------------
 VARIBLES    OLD_X            OLD_GRAD        NEW_GRAD          NEW_X
----------------------------------------------------------------------------
    1X     0.0000400000     0.0000000000    -0.0000048293     0.0000931084
    1Y    -0.0001200000     0.0000000000    -0.0007283655     0.0078898482
    1Z    -0.0000000000     0.0000000000     0.0001219252    -0.0013408134
    2X     0.3535400270     0.0000000000     0.0077385704     0.2684388332
    2Y    -1.0008200764     0.0000000000    -0.0221045206    -0.9008200764
    2Z     0.0001000000     0.0000000000     0.0000163784    -0.0000801140
    3X     0.3542400271     0.0000000000     0.0080841861     0.2653380910
    3Y     0.5005800382     0.0000000000     0.0113974787     0.4005800382
    3Z     0.8679000663     0.0000000000     0.0198969970     0.7679000663
    4X     0.3543400271     0.0000000000     0.0081543899     0.2646660592
    4Y     0.5007800382     0.0000000000     0.0115032412     0.4007800382
    4Z    -0.8681000663     0.0000000000    -0.0200486906    -0.7681000663
    5X    -1.0621600811     0.0000000000    -0.0239704157    -0.9621600811
    5Y    -0.0004200000     0.0000000000    -0.0000587341     0.0002259003
    5Z     0.0001000000     0.0000000000     0.0000132158    -0.0000453347
----------------------------------------------------------------------------
 OPTIMZATION STATISTICS:
 MAXIMUM GRADIENT ELEMENT =     0.2397041567E-01 (REQUEST =     0.1000000000E-02 )

 @ Finish Optimization for This Step


 @ Optimize for New Step


============  GEOMETRY FOR OPTIMIZATION STEP   2 OUT OF    7  ============

GEOMETRY INPUT
ELEMENT      X              Y              Z
  N           0.000093       0.007890      -0.001341
  H           0.268439      -0.900820      -0.000080
  H           0.265338       0.400580       0.767900
  H           0.264666       0.400780      -0.768100
  H          -0.962160       0.000226      -0.000045

 @ Begin XC Quadrature Formation

 OCTAGO: OCTree Algorithm for Grid Operations 
   PRUNING CUTOFF       = 0.100E-09
   INITIAL GRID POINTS  =       18824
|   FINAL GRID POINTS    =       12535
|   SIGNIFICANT NUMBER OF BASIS FUNCTIONS     =        7204
|   SIGNIFICANT NUMBER OF PRIMITIVE FUNCTIONS =        8738

 @ End XC Quadrature Formation


 @ Begin Energy Calculation

                                         SCF ENERGY
| ------------------------------------------------------------------------------------------------------------------------
| NCYC       ENERGY         DELTA_E      SCF_TIME  DII_CYC   DII_TIME   O_TIME  DIAG_TIME    MAX_ERR    RMS_CHG    MAX_CHG
| ------------------------------------------------------------------------------------------------------------------------
|  1    -57.077910912      ------         0.014     1        0.01      0.01      0.01    0.5250E+00  0.9756E-02  0.1302E+00
|  2    -56.735842174  -.342069E+00       0.013     2        0.01      0.01      0.01    0.8037E-01  0.6413E-02  0.7843E-01
|  3    -56.739222845  0.338067E-02       0.013     3        0.01      0.01      0.01    0.6378E-01  0.2748E-02  0.4318E-01
|  4    -56.744476702  0.525386E-02       0.013     4        0.01      0.01      0.01    0.3397E-02  0.1424E-03  0.2183E-02
|  5    -56.744491608  0.149054E-04       0.013     5        0.01      0.01      0.01    0.5112E-04  0.6190E-05  0.6909E-04
| -------------- 2E-INT CUTOFF CHANGE TO 0.1000E-08 ------------
|  6    -56.744491614  0.635925E-08       0.013     6        0.01      0.01      0.01    0.1363E-04  0.8241E-06  0.1054E-04
| ------------------------------------------------------------------------------------------------------------------------
| REACH CONVERGENCE AFTER   6 CYCLES
| MAX ERROR = 0.136338E-04   RMS CHANGE = 0.824096E-06   MAX CHANGE = 0.105420E-04
| -----------------------------------------------
 ALPHA ELECTRON DENSITY    =     4.9999924108
 BETA ELECTRON DENSITY     =     4.9999924108
 ELECTRONIC ENERGY    =    -74.809776597
 CORE_CORE REPULSION  =     18.065284983
 TOTAL ENERGY         =    -56.744491614

 @ End Energy calculation


 ANALYTICAL GRADIENT: 
----------------------------------------------------------------------------
 VARIBLES    OLD_X            OLD_GRAD        NEW_GRAD          NEW_X
----------------------------------------------------------------------------
    1X     0.0000931084    -0.0000048293     0.0656107098     0.0000588509
    1Y     0.0078898482    -0.0007283655     0.0657595054     0.0027231070
    1Z    -0.0013408134     0.0001219252    -0.0034982110    -0.0004759236
    2X     0.2684388332     0.0077385704    -0.0291569124     0.3233332370
    2Y    -0.9008200764    -0.0221045206     0.0850265761    -0.9145371360
    2Z    -0.0000801140     0.0000163784     0.0001152221     0.0000360683
    3X     0.2653380910     0.0080841861    -0.0536203409     0.3226841582
    3Y     0.4005800382     0.0113974787    -0.0743849952     0.4560910399
    3Z     0.7679000663     0.0198969970    -0.1277662713     0.7902339888
    4X     0.2646660592     0.0081543899    -0.0547479538     0.3225101245
    4Y     0.4007800382     0.0115032412    -0.0760942953     0.4558782058
    4Z    -0.7681000663    -0.0200486906     0.1311084151    -0.7898418669
    5X    -0.9621600811    -0.0239704157     0.0718352709    -0.9685937926
    5Y     0.0002259003    -0.0000587341    -0.0004465591    -0.0001907368
    5Z    -0.0000453347     0.0000132158     0.0000435632     0.0000484133
----------------------------------------------------------------------------
 OPTIMIZATION STATISTICS:
 ENERGY CHANGE           =     0.4244071133E-01 (REQUEST=  0.10000E-05 )
 MAXIMUM GEOMETRY CHANGE =     0.5784406522E-01 (REQUEST=  0.18000E-02 )
 GEOMETRY CHANGE RMS     =     0.3365895909E-01 (REQUEST=  0.12000E-02 )
 GRADIENT NORM           =     0.6956582757E-01 (REQUEST=  0.30000E-03 )

 @ Finish Optimization for This Step


 @ Optimize for New Step


============  GEOMETRY FOR OPTIMIZATION STEP   3 OUT OF    7  ============

GEOMETRY INPUT
ELEMENT      X              Y              Z
  N           0.000059       0.002723      -0.000476
  H           0.323333      -0.914537       0.000036
  H           0.322684       0.456091       0.790234
  H           0.322510       0.455878      -0.789842
  H          -0.968594      -0.000191       0.000048

 @ Begin XC Quadrature Formation

 OCTAGO: OCTree Algorithm for Grid Operations 
   PRUNING CUTOFF       = 0.100E-09
   INITIAL GRID POINTS  =       18824
|   FINAL GRID POINTS    =       12644
|   SIGNIFICANT NUMBER OF BASIS FUNCTIONS     =        6791
|   SIGNIFICANT NUMBER OF PRIMITIVE FUNCTIONS =        8154

 @ End XC Quadrature Formation


 @ Begin Energy Calculation

                                         SCF ENERGY
| ------------------------------------------------------------------------------------------------------------------------
| NCYC       ENERGY         DELTA_E      SCF_TIME  DII_CYC   DII_TIME   O_TIME  DIAG_TIME    MAX_ERR    RMS_CHG    MAX_CHG
| ------------------------------------------------------------------------------------------------------------------------
|  1    -56.663612275      ------         0.022     1        0.01      0.01      0.01    0.2002E+00  0.3886E-02  0.4269E-01
|  2    -56.775132244  0.111520E+00       0.020     2        0.01      0.01      0.01    0.3143E-01  0.2510E-02  0.3089E-01
|  3    -56.775403715  0.271472E-03       0.018     3        0.01      0.01      0.01    0.2728E-01  0.1154E-02  0.1774E-01
|  4    -56.776380949  0.977234E-03       0.017     4        0.01      0.01      0.01    0.1079E-02  0.4557E-04  0.7516E-03
|  5    -56.776383409  0.245964E-05       0.017     5        0.01      0.01      0.01    0.5302E-04  0.4119E-05  0.3456E-04
| -------------- 2E-INT CUTOFF CHANGE TO 0.1000E-08 ------------
|  6    -56.776383413  0.467782E-08       0.016     6        0.01      0.01      0.01    0.1375E-04  0.6837E-06  0.5164E-05
| ------------------------------------------------------------------------------------------------------------------------
| REACH CONVERGENCE AFTER   6 CYCLES
| MAX ERROR = 0.137508E-04   RMS CHANGE = 0.683684E-06   MAX CHANGE = 0.516437E-05
| -----------------------------------------------
 ALPHA ELECTRON DENSITY    =     4.9999975267
 BETA ELECTRON DENSITY     =     4.9999975267
 ELECTRONIC ENERGY    =    -74.084211951
 CORE_CORE REPULSION  =     17.307828538
 TOTAL ENERGY         =    -56.776383413

 @ End Energy calculation


 ANALYTICAL GRADIENT: 
----------------------------------------------------------------------------
 VARIBLES    OLD_X            OLD_GRAD        NEW_GRAD          NEW_X
----------------------------------------------------------------------------
    1X     0.0000588509     0.0656107098     0.0004657500     0.0000461611
    1Y     0.0027231070     0.0657595054     0.0073957996     0.0008092134
    1Z    -0.0004759236    -0.0034982110    -0.0013091552    -0.0001555462
    2X     0.3233332370    -0.0291569124    -0.0191500789     0.3436675342
    2Y    -0.9145371360     0.0850265761     0.0538948381    -0.9726202012
    2Z     0.0000360683     0.0001152221     0.0000332592     0.0000791052
    3X     0.3226841582    -0.0536203409    -0.0212450726     0.3439266145
    3Y     0.4560910399    -0.0743849952    -0.0302124231     0.4860396877
    3Z     0.7902339888    -0.1277662713    -0.0519960933     0.8425164425
    4X     0.3225101245    -0.0547479538    -0.0217266048     0.3439370520
    4Y     0.4558782058    -0.0760942953    -0.0308919254     0.4861047610
    4Z    -0.7898418669     0.1311084151     0.0532421521    -0.8425229192
    5X    -0.9685937926     0.0718352709     0.0616579320    -1.0315797874
    5Y    -0.0001907368    -0.0004465591    -0.0001710254    -0.0003450699
    5Z     0.0000484133     0.0000435632     0.0000301114     0.0000831399
----------------------------------------------------------------------------
 OPTIMIZATION STATISTICS:
 ENERGY CHANGE           =    -0.3189179925E-01 (REQUEST=  0.10000E-05 )
 MAXIMUM GEOMETRY CHANGE =     0.6298599478E-01 (REQUEST=  0.18000E-02 )
 GEOMETRY CHANGE RMS     =     0.3264743367E-01 (REQUEST=  0.12000E-02 )
 GRADIENT NORM           =     0.3210250260E-01 (REQUEST=  0.30000E-03 )

 @ Finish Optimization for This Step


 @ Optimize for New Step


============  GEOMETRY FOR OPTIMIZATION STEP   4 OUT OF    7  ============

GEOMETRY INPUT
ELEMENT      X              Y              Z
  N           0.000046       0.000809      -0.000156
  H           0.343668      -0.972620       0.000079
  H           0.343927       0.486040       0.842516
  H           0.343937       0.486105      -0.842523
  H          -1.031580      -0.000345       0.000083

 @ Begin XC Quadrature Formation

 OCTAGO: OCTree Algorithm for Grid Operations 
   PRUNING CUTOFF       = 0.100E-09
   INITIAL GRID POINTS  =       18824
|   FINAL GRID POINTS    =       12730
|   SIGNIFICANT NUMBER OF BASIS FUNCTIONS     =        6856
|   SIGNIFICANT NUMBER OF PRIMITIVE FUNCTIONS =        8223

 @ End XC Quadrature Formation


 @ Begin Energy Calculation

                                         SCF ENERGY
| ------------------------------------------------------------------------------------------------------------------------
| NCYC       ENERGY         DELTA_E      SCF_TIME  DII_CYC   DII_TIME   O_TIME  DIAG_TIME    MAX_ERR    RMS_CHG    MAX_CHG
| ------------------------------------------------------------------------------------------------------------------------
|  1    -56.609109673      ------         0.016     1        0.01      0.01      0.01    0.2586E+00  0.4700E-02  0.6122E-01
|  2    -56.785878569  0.176769E+00       0.014     2        0.01      0.01      0.01    0.5485E-01  0.4068E-02  0.5071E-01
|  3    -56.787785671  0.190710E-02       0.014     3        0.01      0.01      0.01    0.3981E-01  0.1672E-02  0.2673E-01
|  4    -56.789949940  0.216427E-02       0.014     4        0.01      0.01      0.01    0.1938E-02  0.8091E-04  0.1398E-02
|  5    -56.789954228  0.428805E-05       0.013     5        0.01      0.01      0.01    0.3436E-04  0.3048E-05  0.5360E-04
| -------------- 2E-INT CUTOFF CHANGE TO 0.1000E-08 ------------
|  6    -56.789954231  0.270971E-08       0.013     6        0.01      0.01      0.01    0.9973E-05  0.4855E-06  0.5852E-05
| ------------------------------------------------------------------------------------------------------------------------
| REACH CONVERGENCE AFTER   6 CYCLES
| MAX ERROR = 0.997291E-05   RMS CHANGE = 0.485519E-06   MAX CHANGE = 0.585234E-05
| -----------------------------------------------
 ALPHA ELECTRON DENSITY    =     4.9999796677
 BETA ELECTRON DENSITY     =     4.9999796677
 ELECTRONIC ENERGY    =    -73.037326713
 CORE_CORE REPULSION  =     16.247372482
 TOTAL ENERGY         =    -56.789954231

 @ End Energy calculation


 ANALYTICAL GRADIENT: 
----------------------------------------------------------------------------
 VARIBLES    OLD_X            OLD_GRAD        NEW_GRAD          NEW_X
----------------------------------------------------------------------------
    1X     0.0000461611     0.0004657500     0.0001405952    -0.0001525492
    1Y     0.0008092134     0.0073957996     0.0010704876    -0.0007054029
    1Z    -0.0001555462    -0.0013091552    -0.0002048824     0.0001342972
    2X     0.3436675342    -0.0191500789     0.0004857531     0.3429994155
    2Y    -0.9726202012     0.0538948381    -0.0016386416    -0.9703568639
    2Z     0.0000791052     0.0000332592     0.0000282506     0.0000392184
    3X     0.3439266145    -0.0212450726     0.0003336420     0.3434742904
    3Y     0.4860396877    -0.0302124231     0.0003772397     0.4855336182
    3Z     0.8425164425    -0.0519960933     0.0009313647     0.8412474339
    4X     0.3439370520    -0.0217266048     0.0002915552     0.3435443747
    4Y     0.4861047610    -0.0308919254     0.0003224581     0.4856763638
    4Z    -0.8425229192     0.0532421521    -0.0007802662    -0.8414678135
    5X    -1.0315797874     0.0616579320    -0.0012528977    -1.0298660416
    5Y    -0.0003450699    -0.0001710254    -0.0001368977    -0.0001517362
    5Z     0.0000831399     0.0000301114     0.0000254029     0.0000472702
----------------------------------------------------------------------------
 OPTIMIZATION STATISTICS:
 ENERGY CHANGE           =    -0.1357081749E-01 (REQUEST=  0.10000E-05 )
 MAXIMUM GEOMETRY CHANGE =     0.2263337344E-02 (REQUEST=  0.18000E-02 )
 GEOMETRY CHANGE RMS     =     0.9827129008E-03 (REQUEST=  0.12000E-02 )
 GRADIENT NORM           =     0.7135635032E-03 (REQUEST=  0.30000E-03 )

 @ Finish Optimization for This Step


 @ Optimize for New Step


============  GEOMETRY FOR OPTIMIZATION STEP   5 OUT OF    7  ============

GEOMETRY INPUT
ELEMENT      X              Y              Z
  N          -0.000153      -0.000705       0.000134
  H           0.342999      -0.970357       0.000039
  H           0.343474       0.485534       0.841247
  H           0.343544       0.485676      -0.841468
  H          -1.029866      -0.000152       0.000047

 @ Begin XC Quadrature Formation

 OCTAGO: OCTree Algorithm for Grid Operations 
   PRUNING CUTOFF       = 0.100E-09
   INITIAL GRID POINTS  =       18824
|   FINAL GRID POINTS    =       12726
|   SIGNIFICANT NUMBER OF BASIS FUNCTIONS     =        6610
|   SIGNIFICANT NUMBER OF PRIMITIVE FUNCTIONS =        7886

 @ End XC Quadrature Formation


 @ Begin Energy Calculation

                                         SCF ENERGY
| ------------------------------------------------------------------------------------------------------------------------
| NCYC       ENERGY         DELTA_E      SCF_TIME  DII_CYC   DII_TIME   O_TIME  DIAG_TIME    MAX_ERR    RMS_CHG    MAX_CHG
| ------------------------------------------------------------------------------------------------------------------------
|  1    -56.794472057      ------         0.014     1        0.01      0.01      0.01    0.7585E-02  0.1353E-03  0.1527E-02
|  2    -56.789957583  -.451447E-02       0.013     2        0.01      0.01      0.01    0.1374E-02  0.1142E-03  0.1437E-02
|  3    -56.789958226  0.643020E-06       0.013     3        0.01      0.01      0.01    0.1239E-02  0.5169E-04  0.8063E-03
|  4    -56.789960261  0.203544E-05       0.013     4        0.01      0.01      0.01    0.4601E-04  0.2730E-05  0.2876E-04
| -------------- 2E-INT CUTOFF CHANGE TO 0.1000E-08 ------------
|  5    -56.789960265  0.404111E-08       0.013     5        0.01      0.01      0.01    0.1007E-04  0.5834E-06  0.7499E-05
| ------------------------------------------------------------------------------------------------------------------------
| REACH CONVERGENCE AFTER   5 CYCLES
| MAX ERROR = 0.100668E-04   RMS CHANGE = 0.583427E-06   MAX CHANGE = 0.749878E-05
| -----------------------------------------------
 ALPHA ELECTRON DENSITY    =     4.9999791824
 BETA ELECTRON DENSITY     =     4.9999791824
 ELECTRONIC ENERGY    =    -73.063730862
 CORE_CORE REPULSION  =     16.273770597
 TOTAL ENERGY         =    -56.789960265

 @ End Energy calculation


 ANALYTICAL GRADIENT: 
----------------------------------------------------------------------------
 VARIBLES    OLD_X            OLD_GRAD        NEW_GRAD          NEW_X
----------------------------------------------------------------------------
    1X    -0.0001525492     0.0001405952    -0.0001805205    -0.0000444320
    1Y    -0.0007054029     0.0010704876    -0.0018162021     0.0003450329
    1Z     0.0001342972    -0.0002048824     0.0003434332    -0.0000645198
    2X     0.3429994155     0.0004857531    -0.0004334845     0.3432198156
    2Y    -0.9703568639    -0.0016386416     0.0012270492    -0.9710117293
    2Z     0.0000392184     0.0000282506    -0.0000074737     0.0000463335
    3X     0.3434742904     0.0003336420     0.0000897809     0.3434102904
    3Y     0.4855336182     0.0003772397     0.0001765715     0.4854067804
    3Z     0.8412474339     0.0009313647     0.0002294181     0.8410992376
    4X     0.3435443747     0.0002915552     0.0002149005     0.3434117593
    4Y     0.4856763638     0.0003224581     0.0003563273     0.4854516118
    4Z    -0.8414678135    -0.0007802662    -0.0005558893    -0.8411357311
    5X    -1.0298660416    -0.0012528977     0.0003082579    -1.0299975885
    5Y    -0.0001517362    -0.0001368977     0.0000456526    -0.0001911128
    5Z     0.0000472702     0.0000254029    -0.0000091990     0.0000549257
----------------------------------------------------------------------------
 OPTIMIZATION STATISTICS:
 ENERGY CHANGE           =    -0.6034104842E-05 (REQUEST=  0.10000E-05 )
 MAXIMUM GEOMETRY CHANGE =     0.1050435732E-02 (REQUEST=  0.18000E-02 )
 GEOMETRY CHANGE RMS     =     0.3532276909E-03 (REQUEST=  0.12000E-02 )
 GRADIENT NORM           =     0.6225734500E-03 (REQUEST=  0.30000E-03 )

 @ Finish Optimization for This Step


 @ Optimize for New Step


============  GEOMETRY FOR OPTIMIZATION STEP   6 OUT OF    7  ============

GEOMETRY INPUT
ELEMENT      X              Y              Z
  N          -0.000044       0.000345      -0.000065
  H           0.343220      -0.971012       0.000046
  H           0.343410       0.485407       0.841099
  H           0.343412       0.485452      -0.841136
  H          -1.029998      -0.000191       0.000055

 @ Begin XC Quadrature Formation

 OCTAGO: OCTree Algorithm for Grid Operations 
   PRUNING CUTOFF       = 0.100E-09
   INITIAL GRID POINTS  =       18824
|   FINAL GRID POINTS    =       12727
|   SIGNIFICANT NUMBER OF BASIS FUNCTIONS     =        6856
|   SIGNIFICANT NUMBER OF PRIMITIVE FUNCTIONS =        8208

 @ End XC Quadrature Formation


 @ Begin Energy Calculation

                                         SCF ENERGY
| ------------------------------------------------------------------------------------------------------------------------
| NCYC       ENERGY         DELTA_E      SCF_TIME  DII_CYC   DII_TIME   O_TIME  DIAG_TIME    MAX_ERR    RMS_CHG    MAX_CHG
| ------------------------------------------------------------------------------------------------------------------------
|  1    -56.789828703      ------         0.021     1        0.01      0.01      0.01    0.4576E-02  0.5307E-04  0.4638E-03
|  2    -56.789962851  0.134148E-03       0.022     2        0.01      0.01      0.01    0.2226E-03  0.1831E-04  0.2344E-03
|  3    -56.789962914  0.632728E-07       0.020     3        0.01      0.01      0.01    0.9967E-04  0.5095E-05  0.5884E-04
| -------------- 2E-INT CUTOFF CHANGE TO 0.1000E-08 ------------
|  4    -56.789963002  0.878820E-07       0.018     4        0.01      0.01      0.01    0.2348E-04  0.1143E-05  0.1680E-04
|  5    -56.789963002  0.300098E-10       0.018     5        0.01      0.01      0.01    0.4177E-05  0.1879E-06  0.2613E-05
| ------------------------------------------------------------------------------------------------------------------------
| REACH CONVERGENCE AFTER   5 CYCLES
| MAX ERROR = 0.417714E-05   RMS CHANGE = 0.187919E-06   MAX CHANGE = 0.261274E-05
| -----------------------------------------------
 ALPHA ELECTRON DENSITY    =     4.9999793478
 BETA ELECTRON DENSITY     =     4.9999793478
 ELECTRONIC ENERGY    =    -73.062936324
 CORE_CORE REPULSION  =     16.272973322
 TOTAL ENERGY         =    -56.789963002

 @ End Energy calculation


 ANALYTICAL GRADIENT: 
----------------------------------------------------------------------------
 VARIBLES    OLD_X            OLD_GRAD        NEW_GRAD          NEW_X
----------------------------------------------------------------------------
    1X    -0.0000444320    -0.0001805205     0.0000461627    -0.0000648008
    1Y     0.0003450329    -0.0018162021     0.0003620378     0.0001750662
    1Z    -0.0000645198     0.0003434332    -0.0000658310    -0.0000335826
    2X     0.3432198156    -0.0004334845    -0.0000365546     0.3432573972
    2Y    -0.9710117293     0.0012270492    -0.0000373103    -0.9710640584
    2Z     0.0000463335    -0.0000074737     0.0000135919     0.0000410163
    3X     0.3434102904     0.0000897809    -0.0000593567     0.3434656745
    3Y     0.4854067804     0.0001765715    -0.0001297670     0.4855035692
    3Z     0.8410992376     0.0002294181    -0.0000879391     0.8412131854
    4X     0.3434117593     0.0002149005    -0.0000668456     0.3434721199
    4Y     0.4854516118     0.0003563273    -0.0001374688     0.4855543771
    4Z    -0.8411357311    -0.0005558893     0.0001283210    -0.8412706174
    5X    -1.0299975885     0.0003082579     0.0001151423    -1.0301299722
    5Y    -0.0001911128     0.0000456526    -0.0000648566    -0.0001655343
    5Z     0.0000549257    -0.0000091990     0.0000118204     0.0000502624
----------------------------------------------------------------------------
 OPTIMIZATION STATISTICS:
 ENERGY CHANGE           =    -0.2736969719E-05 (REQUEST=  0.10000E-05 )
 MAXIMUM GEOMETRY CHANGE =     0.1699667090E-03 (REQUEST=  0.18000E-02 )
 GEOMETRY CHANGE RMS     =     0.8581341391E-04 (REQUEST=  0.12000E-02 )
 GRADIENT NORM           =     0.1227412641E-03 (REQUEST=  0.30000E-03 )

 @ Finish Optimization for This Step


 @ Optimize for New Step


============  GEOMETRY FOR OPTIMIZATION STEP   7 OUT OF    7  ============

GEOMETRY INPUT
ELEMENT      X              Y              Z
  N          -0.000065       0.000175      -0.000034
  H           0.343257      -0.971064       0.000041
  H           0.343466       0.485504       0.841213
  H           0.343472       0.485554      -0.841271
  H          -1.030130      -0.000166       0.000050

 @ Begin XC Quadrature Formation

 OCTAGO: OCTree Algorithm for Grid Operations 
   PRUNING CUTOFF       = 0.100E-09
   INITIAL GRID POINTS  =       18824
|   FINAL GRID POINTS    =       12728
|   SIGNIFICANT NUMBER OF BASIS FUNCTIONS     =        6856
|   SIGNIFICANT NUMBER OF PRIMITIVE FUNCTIONS =        8211

 @ End XC Quadrature Formation


 @ Begin Energy Calculation

                                         SCF ENERGY
| ------------------------------------------------------------------------------------------------------------------------
| NCYC       ENERGY         DELTA_E      SCF_TIME  DII_CYC   DII_TIME   O_TIME  DIAG_TIME    MAX_ERR    RMS_CHG    MAX_CHG
| ------------------------------------------------------------------------------------------------------------------------
|  1    -56.789605250      ------         0.016     1        0.01      0.01      0.01    0.6464E-03  0.1197E-04  0.1214E-03
|  2    -56.789963029  0.357778E-03       0.014     2        0.01      0.01      0.01    0.1094E-03  0.9520E-05  0.1192E-03
| -------------- 2E-INT CUTOFF CHANGE TO 0.1000E-08 ------------
|  3    -56.789963105  0.764232E-07       0.014     3        0.01      0.01      0.01    0.1062E-03  0.4460E-05  0.6871E-04
|  4    -56.789963120  0.149868E-07       0.014     4        0.01      0.01      0.01    0.4720E-05  0.2529E-06  0.3495E-05
| ------------------------------------------------------------------------------------------------------------------------
| REACH CONVERGENCE AFTER   4 CYCLES
| MAX ERROR = 0.471971E-05   RMS CHANGE = 0.252882E-06   MAX CHANGE = 0.349547E-05
| -----------------------------------------------
 ALPHA ELECTRON DENSITY    =     4.9999793428
 BETA ELECTRON DENSITY     =     4.9999793428
 ELECTRONIC ENERGY    =    -73.060843687
 CORE_CORE REPULSION  =     16.270880567
 TOTAL ENERGY         =    -56.789963120

 @ End Energy calculation


 ANALYTICAL GRADIENT: 
----------------------------------------------------------------------------
 VARIBLES    OLD_X            OLD_GRAD        NEW_GRAD          NEW_X
----------------------------------------------------------------------------
    1X    -0.0000648008     0.0000461627     0.0000162853    -0.0000771710
    1Y     0.0001750662     0.0003620378     0.0000468692     0.0001349746
    1Z    -0.0000335826    -0.0000658310    -0.0000087919    -0.0000260866
    2X     0.3432573972    -0.0000365546    -0.0000496025     0.3432930870
    2Y    -0.9710640584    -0.0000373103     0.0000301370    -0.9710849936
    2Z     0.0000410163     0.0000135919     0.0000096064     0.0000340072
    3X     0.3434656745    -0.0000593567     0.0000004881     0.3434667069
    3Y     0.4855035692    -0.0001297670    -0.0000285490     0.4855264269
    3Z     0.8412131854    -0.0000879391     0.0000468103     0.8411825580
    4X     0.3434721199    -0.0000668456     0.0000100370     0.3434666090
    4Y     0.4855543771    -0.0001374688    -0.0000124435     0.4855661009
    4Z    -0.8412706174     0.0001283210    -0.0000556283    -0.8412346258
    5X    -1.0301299722     0.0001151423     0.0000214119    -1.0301478216
    5Y    -0.0001655343    -0.0000648566    -0.0000437130    -0.0001335710
    5Z     0.0000502624     0.0000118204     0.0000080131     0.0000444051
----------------------------------------------------------------------------
 OPTIMIZATION STATISTICS:
 ENERGY CHANGE           =    -0.1178771996E-06 (REQUEST=  0.10000E-05 )
 MAXIMUM GEOMETRY CHANGE =     0.4009154890E-04 (REQUEST=  0.18000E-02 )
 GEOMETRY CHANGE RMS     =     0.2291589203E-04 (REQUEST=  0.12000E-02 )
 GRADIENT NORM           =     0.3140090342E-04 (REQUEST=  0.30000E-03 )

 GEOMETRY OPTIMIZED AFTER    7 CYCLES

 @ Finish Optimization for This Step

================ OPTIMIZED GEOMETRY INFORMATION ==============

 OPTIMIZED GEOMETRY IN CARTESIAN
 ELEMENT      X         Y         Z
  N       -0.0001    0.0001   -0.0000
  H        0.3433   -0.9711    0.0000
  H        0.3435    0.4855    0.8412
  H        0.3435    0.4856   -0.8412
  H       -1.0301   -0.0001    0.0000

 FORCE
 ELEMENT      X         Y         Z
  N       -0.0000   -0.0000    0.0000
  H        0.0000   -0.0000   -0.0000
  H       -0.0000    0.0000   -0.0000
  H       -0.0000    0.0000    0.0000
  H       -0.0000    0.0000   -0.0000

 MINIMIZED ENERGY =    -56.789963120
===============================================================

 @ Finish Optimization Job


 @ Begin Charge and Dipole Calculation

    ATOMIC CHARGES
   ATOM          MULLIKEN            LOWDIN
   N              0.0186             0.1410
   H              0.2453             0.2142
   H              0.2454             0.2158
   H              0.2454             0.2158
   H              0.2453             0.2132
   TOTAL         1.0000             1.0000

    DIPOLE (DEBYE)
      X         Y         Z        TOTAL
    0.0005   -0.0007    0.0001    0.0009

 @ End Charge and Dipole Calculation


 @ Output Timing Information

------------- TIMING ---------------
| INITIAL GUESS TIME  =     0.838822000( 16.24%)
| DFT GRID OPERATIONS =     0.105393000(  2.04%)
| TOTAL SCF TIME      =     0.626293000( 12.12%)
|       TOTAL OP TIME      =     0.298858000(  5.79%)
|             TOTAL 1e TIME      =     0.009412000(  0.18%)
|             TOTAL 2e TIME      =     0.111694000(  2.16%)
|             TOTAL EXC TIME     =     0.164438000(  3.18%)
|       TOTAL DII TIME      =     0.327004000(  6.33%)
|             TOTAL DIAG TIME    =     0.297959000(  5.77%)
| TOTAL GRADIENT TIME      =     0.442260000(  8.56%)
|       TOTAL 1e GRADIENT TIME      =     0.070522000( 1.43%)
|       TOTAL 2e GRADIENT TIME      =     0.196135000( 3.80%)
|       TOTAL EXC GRADIENT TIME     =     0.172222000(  3.33%)
| TOTAL TIME          =     5.165950000
------------------------------------
| Job cpu time:  0 days  0 hours  0 minutes  5.2 seconds.

 @ Finish Output Timing Information

| Normal Termination. Task Finished on: Tue May  3 18:28:40 2022
