  *********************************************************************************************************
  **                                                                                                     **
  **           888888888888                                                                              **
  **         8888888888888888                                                                            **
  **      888888888888888888                                                                             **
  **     888888888888888888                                                                              **
  **    888888888888888                                                                                  **
  **   88888888888888888888                               88888                       8888:              **
  **   8888888888888888888888Z                            88888                       8888:              **
  **   888888888888888888888888?                          88888                       8888:              **
  **   8888888888888      8888888                                        888888       8888:              **
  **    88888888888         888888     8888:     88888    88888        888888888I     8888:    888888    **
  **    8888888888           88888:    8888:     88888    88888      $888888888888    8888:   888888     **
  **    I8Z 88888             88888    8888:     88888    88888    .888888     8888   8888: 888888       **
  **    .8Z 88888             88888    8888:     88888    88888    $88888             8888:88888         **
  **     8I 88888      .=88. .88888    8888:     88888    88888    88888              8888888888         **
  **    :8  88888      888888$8888$    8888:     88888    88888    8888O              88888888888        **
  **   ,7   +88888.     8888888888.    8888:     88888    88888    888888             88888O888888       **
  **         $888888:.   .8888888      88888....888888    88888     888888     8888   8888:  888888      **
  **          I8888888888888888888     888888888888888    88888     O888888888888O    8888:   888888     **
  **            O888888888888888888     88888888888888    88888       88888888888$    8888:    888888    **
  **               8888888Z     888      .8888I  88888    88888         8888888       8888:     888888   **
  **                                                                                                     **
  **                                                                                                     **
  **                                         Copyright (c) 2022                                          **
  **                          Regents of the University of California San Diego                          **
  **                                    & Michigan State University                                      **
  **                                        All Rights Reserved.                                         **
  **                                                                                                     **
  **             This software is subject to the terms of the Mozilla Public License, v. 2.0.            **
  **                                                                                                     **
  *********************************************************************************************************
                                                                                                           
  Cite this work as:                                                                                       
  Manathunga, M.; Shajan, A.; Giese, T. J.; Cruzeiro, V.W.D.; Smith, J.; Miao, Y.; He, X.; Ayers, K.;      
  Brothers, E.; Goetz, A.W.; Merz, K.M. QUICK-22.03                                                        
  University of California San Diego, CA and Michigan State University, East Lansing, MI, 2022             
                                                                                                           
  If you have any comments or queries, please send us an email for technical support:                      
  quick.merzlab@gmail.com                                                                                  
                                                                                                           
| TASK STARTS ON: Tue May  3 18:28:28 2022
| INPUT FILE :    opt_wat_rhf_ccpvdz.in
| OUTPUT FILE:    opt_wat_rhf_ccpvdz.out
| DATA FILE  :    opt_wat_rhf_ccpvdz.dat
| BASIS SET PATH: /mnt/home/manathun/Work/fix-delta-density-dft/basis

|------------ GPU INFORMATION ---------------
| CUDA ENABLED DEVICE         :        4
| CUDA DEVICE IN USE          :        0
| CUDA DEVICE NAME            : Tesla V100S-PCIE-32GB
| CUDA DEVICE PM              :       80
| CUDA DEVICE CORE FREQ(GHZ)  :     1.60
| CUDA DEVICE MEMORY SIZE (MB):    32510
| SUPPORTING CUDA VERSION     :      7.0
|--------------------------------------------

 @ Read Job And Atom

  KEYWORD=HF BASIS=CC-PVDZ CUTOFF=1.0E-9 DENSERMS=1.0E-6  ZMAKE OPTIMIZE=5 DIPOLE LOPT                                                                                                                            
 ============== JOB CARD =============
 METHOD = HATREE FOCK
 DIRECT SCF 
 SAD INITAL GUESS 
 USE DIIS SCF
 PRINT ENERGY EVERY CYCLE
 READ SAD GUESS FROM FILE
 Z-MATRIX CONSTRUCTION
 DIPOLE
 GEOMETRY OPTIMIZATION ANALYTICAL GRADIENT
 REQUEST CRITERIA FOR GEOMETRY CONVERGENCE: 
      MAX ALLOWED GEO CHANGE  =  0.189E+00
      MAX GEOMETRY CHANGE     =  0.180E-02
      GEOMETRY CHANGE RMS     =  0.120E-02
      MAX GRADIENT CHANGE     =  0.100E-02
      GRADIENT NORMALIZATION  =  0.300E-03
 GRADIENT CALCULATION
 MAX SCF CYCLES =    200
 MAX DIIS CYCLES =   10
 DELTA DENSITY START CYCLE =    5
 COMPUTATIONAL CUTOFF: 
      TWO-e INTEGRAL   =  0.100E-08
      BASIS SET PRIME  =  0.100E-09
      MATRIX ELEMENTS  =  0.100E-09
      BASIS FUNCTION   =  0.100E-09
      GRADIENT CUTOFF  =  0.100E-08
 DENSITY MATRIX MAXIMUM RMS FOR CONVERGENCE  =  0.100E-05
 BASIS SET = CC-PVDZ,  TYPE = CARTESIAN
| BASIS FILE = /mnt/home/manathun/Work/fix-delta-density-dft/basis/CC-PVDZ.BAS

 @ Finish reading job


 @ Begin SAD initial guess

 For Atom Kind =    1
 ELEMENT = O 
 BASIS FUNCTIONS =   15
 For Atom Kind =    2
 ELEMENT = H 
 BASIS FUNCTIONS =    5

 @ Finish SAD initial guess


 @ Begin Reading Molecular Information


 =========== Molecule Input ==========
 TOTAL MOLECULAR CHARGE  =    0    MULTIPLICITY                =    1
 TOTAL ATOM NUMBER       =    3    NUMBER OF ATOM TYPES        =    2
 NUMBER OF HYDROGEN ATOM =    2    NUMBER OF NON-HYDROGEN ATOM =    1
 NUMBER OF ELECTRONS     =   10

 -- INPUT GEOMETRY -- :
    O          -0.7415       1.7521       2.8963
    H          -1.1112       0.9798       3.3523
    H          -0.9205       2.0364       1.9840

 -- DISTANCE MATRIX -- :
              1           2           3
      1     0.00000
      2     1.83324     0.00000
      3     1.83707     3.28673     0.00000

============== BASIS INFOS ==============
 BASIS FUNCTIONS =   25
 NSHELL =   12 NPRIM  =   56
 JSHELL =   12 JBASIS =   37


 @ End Reading Molecular Information 


 @ Begin Optimization Job


 @ Optimize for New Step


============  GEOMETRY FOR OPTIMIZATION STEP   1 OUT OF    5  ============

GEOMETRY INPUT
ELEMENT      X              Y              Z
  O          -0.741530       1.752130       2.896280
  H          -1.111151       0.979769       3.352290
  H          -0.920500       2.036450       1.984040

 @ Begin Energy Calculation

                                         SCF ENERGY
| ------------------------------------------------------------------------------------------------------------------------
| NCYC       ENERGY         DELTA_E      SCF_TIME  DII_CYC   DII_TIME   O_TIME  DIAG_TIME    MAX_ERR    RMS_CHG    MAX_CHG
| ------------------------------------------------------------------------------------------------------------------------
|  1    -76.044181134      ------         0.025     1        0.01      0.02      0.01    0.1655E+01  0.9455E-01  0.8213E+00
|  2    -75.970164846  -.740163E-01       0.019     2        0.01      0.01      0.01    0.1284E+00  0.3513E-01  0.3840E+00
|  3    -76.004419961  0.342551E-01       0.018     3        0.01      0.01      0.00    0.6992E-01  0.1149E-01  0.1272E+00
|  4    -76.012497067  0.807711E-02       0.018     4        0.01      0.01      0.00    0.1585E-01  0.3459E-02  0.3582E-01
|  5    -76.013204967  0.707900E-03       0.014     5        0.01      0.01      0.00    0.3719E-02  0.1223E-02  0.1153E-01
|  6    -76.013287690  0.827230E-04       0.013     6        0.01      0.01      0.00    0.7968E-03  0.3394E-03  0.3532E-02
|  7    -76.013293276  0.558660E-05       0.011     7        0.01      0.01      0.00    0.1920E-03  0.8126E-04  0.7958E-03
|  8    -76.013293153  -.123206E-06       0.011     8        0.01      0.01      0.00    0.3258E-04  0.1183E-04  0.8341E-04
|  9    -76.013293289  0.135793E-06       0.009     9        0.01      0.00      0.00    0.6079E-05  0.2159E-05  0.1492E-04
| -------------- 2E-INT CUTOFF CHANGE TO 0.1000E-08 ------------
| 10    -76.013293288  -.108149E-08       0.014    10        0.01      0.01      0.00    0.2038E-05  0.6947E-06  0.4935E-05
| ------------------------------------------------------------------------------------------------------------------------
| REACH CONVERGENCE AFTER  10 CYCLES
| MAX ERROR = 0.203753E-05   RMS CHANGE = 0.694715E-06   MAX CHANGE = 0.493480E-05
| -----------------------------------------------
 ELECTRONIC ENERGY    =    -85.036172060
 CORE_CORE REPULSION  =      9.022878773
 TOTAL ENERGY         =    -76.013293288

 @ End Energy calculation


 ANALYTICAL GRADIENT: 
----------------------------------------------------------------------------
 VARIBLES    OLD_X            OLD_GRAD        NEW_GRAD          NEW_X
----------------------------------------------------------------------------
    1X    -0.7415300566     0.0000000000    -0.0151122964    -0.6415300566
    1Y     1.7521301338     0.0000000000    -0.0143993004     1.8521301338
    1Z     2.8962802212     0.0000000000    -0.0109240548     2.9786734950
    2X    -1.1111510849     0.0000000000     0.0028951621    -1.1329874717
    2Y     0.9797690748     0.0000000000    -0.0200092322     1.0797690748
    2Z     3.3522902560     0.0000000000     0.0412798215     3.2522902560
    3X    -0.9205000703     0.0000000000     0.0122171342    -1.0126462284
    3Y     2.0364501555     0.0000000000     0.0344085326     1.9364501555
    3Z     1.9840401515     0.0000000000    -0.0303557667     2.0840401515
----------------------------------------------------------------------------
 OPTIMZATION STATISTICS:
 MAXIMUM GRADIENT ELEMENT =     0.4127982155E-01 (REQUEST =     0.1000000000E-02 )

 @ Finish Optimization for This Step


 @ Optimize for New Step


============  GEOMETRY FOR OPTIMIZATION STEP   2 OUT OF    5  ============

GEOMETRY INPUT
ELEMENT      X              Y              Z
  O          -0.641530       1.852130       2.978673
  H          -1.132987       1.079769       3.252290
  H          -1.012646       1.936450       2.084040

 @ Begin Energy Calculation

                                         SCF ENERGY
| ------------------------------------------------------------------------------------------------------------------------
| NCYC       ENERGY         DELTA_E      SCF_TIME  DII_CYC   DII_TIME   O_TIME  DIAG_TIME    MAX_ERR    RMS_CHG    MAX_CHG
| ------------------------------------------------------------------------------------------------------------------------
|  1    -76.018900267      ------         0.022     1        0.01      0.01      0.01    0.6652E-01  0.2049E-01  0.1387E+00
|  2    -76.024582501  0.568223E-02       0.020     2        0.01      0.01      0.01    0.1212E-01  0.5764E-02  0.5732E-01
|  3    -76.025491732  0.909231E-03       0.021     3        0.01      0.01      0.01    0.4394E-02  0.1281E-02  0.1360E-01
|  4    -76.025585658  0.939251E-04       0.020     4        0.01      0.01      0.01    0.1681E-02  0.4551E-03  0.3547E-02
|  5    -76.025597324  0.116665E-04       0.012     5        0.01      0.01      0.00    0.3500E-03  0.1244E-03  0.1209E-02
|  6    -76.025596663  -.661355E-06       0.012     6        0.01      0.01      0.00    0.1491E-03  0.4399E-04  0.4169E-03
|  7    -76.025597300  0.637617E-06       0.010     7        0.01      0.00      0.00    0.1510E-04  0.6087E-05  0.5121E-04
| -------------- 2E-INT CUTOFF CHANGE TO 0.1000E-08 ------------
|  8    -76.025597303  0.272073E-08       0.014     8        0.01      0.01      0.00    0.5364E-05  0.1819E-05  0.1928E-04
|  9    -76.025597305  0.217172E-08       0.013     9        0.01      0.01      0.00    0.1279E-05  0.4830E-06  0.4615E-05
| ------------------------------------------------------------------------------------------------------------------------
| REACH CONVERGENCE AFTER   9 CYCLES
| MAX ERROR = 0.127883E-05   RMS CHANGE = 0.482997E-06   MAX CHANGE = 0.461530E-05
| -----------------------------------------------
 ELECTRONIC ENERGY    =    -85.174699764
 CORE_CORE REPULSION  =      9.149102459
 TOTAL ENERGY         =    -76.025597305

 @ End Energy calculation


 ANALYTICAL GRADIENT: 
----------------------------------------------------------------------------
 VARIBLES    OLD_X            OLD_GRAD        NEW_GRAD          NEW_X
----------------------------------------------------------------------------
    1X    -0.6415300566    -0.0151122964     0.0237306012    -0.7214768116
    1Y     1.8521301338    -0.0143993004     0.0121540269     1.8189262493
    1Z     2.9786734950    -0.0109240548     0.0282623015     2.8786734950
    2X    -1.1329874717     0.0028951621    -0.0083863682    -1.1018911912
    2Y     1.0797690748    -0.0200092322    -0.0055929894     1.1260155008
    2Z     3.2522902560     0.0412798215    -0.0078471446     3.2365440631
    3X    -1.0126462284     0.0122171342    -0.0153442331    -0.9637957539
    3Y     1.9364501555     0.0344085326    -0.0065610375     1.9234076141
    3Z     2.0840401515    -0.0303557667    -0.0204151569     2.1840401515
----------------------------------------------------------------------------
 OPTIMIZATION STATISTICS:
 ENERGY CHANGE           =    -0.1230401758E-01 (REQUEST=  0.10000E-05 )
 MAXIMUM GEOMETRY CHANGE =     0.1000000000E+00 (REQUEST=  0.18000E-02 )
 GEOMETRY CHANGE RMS     =     0.6092263901E-01 (REQUEST=  0.12000E-02 )
 GRADIENT NORM           =     0.1622097819E-01 (REQUEST=  0.30000E-03 )

 @ Finish Optimization for This Step


 @ Optimize for New Step


============  GEOMETRY FOR OPTIMIZATION STEP   3 OUT OF    5  ============

GEOMETRY INPUT
ELEMENT      X              Y              Z
  O          -0.721477       1.818926       2.878673
  H          -1.101891       1.126016       3.236544
  H          -0.963796       1.923408       2.184040

 @ Begin Energy Calculation

                                         SCF ENERGY
| ------------------------------------------------------------------------------------------------------------------------
| NCYC       ENERGY         DELTA_E      SCF_TIME  DII_CYC   DII_TIME   O_TIME  DIAG_TIME    MAX_ERR    RMS_CHG    MAX_CHG
| ------------------------------------------------------------------------------------------------------------------------
|  1    -76.193567173      ------         0.019     1        0.01      0.01      0.00    0.8618E+00  0.3203E-01  0.2776E+00
|  2    -75.941202843  -.252364E+00       0.018     2        0.01      0.01      0.00    0.2788E-01  0.1149E-01  0.1020E+00
|  3    -75.943701163  0.249832E-02       0.018     3        0.01      0.01      0.00    0.8922E-02  0.2557E-02  0.3162E-01
|  4    -75.943958962  0.257799E-03       0.018     4        0.01      0.01      0.00    0.3574E-02  0.9780E-03  0.6529E-02
|  5    -75.944004542  0.455798E-04       0.013     5        0.01      0.01      0.00    0.7095E-03  0.2811E-03  0.2588E-02
|  6    -75.944008818  0.427618E-05       0.013     6        0.01      0.01      0.00    0.1948E-03  0.6555E-04  0.4201E-03
|  7    -75.944009471  0.652830E-06       0.011     7        0.01      0.01      0.00    0.2272E-04  0.9982E-05  0.6344E-04
| -------------- 2E-INT CUTOFF CHANGE TO 0.1000E-08 ------------
|  8    -75.944009479  0.813569E-08       0.015     8        0.01      0.01      0.00    0.3831E-05  0.1236E-05  0.8917E-05
|  9    -75.944009480  0.728893E-09       0.013     9        0.01      0.01      0.00    0.9307E-06  0.3507E-06  0.2816E-05
| ------------------------------------------------------------------------------------------------------------------------
| REACH CONVERGENCE AFTER   9 CYCLES
| MAX ERROR = 0.930742E-06   RMS CHANGE = 0.350663E-06   MAX CHANGE = 0.281649E-05
| -----------------------------------------------
 ELECTRONIC ENERGY    =    -86.918671714
 CORE_CORE REPULSION  =     10.974662235
 TOTAL ENERGY         =    -75.944009480

 @ End Energy calculation


 ANALYTICAL GRADIENT: 
----------------------------------------------------------------------------
 VARIBLES    OLD_X            OLD_GRAD        NEW_GRAD          NEW_X
----------------------------------------------------------------------------
    1X    -0.7214768116     0.0237306012    -0.2162468130    -0.6521346234
    1Y     1.8189262493     0.0121540269    -0.0233238530     1.8477257923
    1Z     2.8786734950     0.0282623015    -0.4228820913     2.9649528882
    2X    -1.1018911912    -0.0083863682     0.0514615424    -1.1288626941
    2Y     1.1260155008    -0.0055929894     0.0926134769     1.0859034490
    2Z     3.2365440631    -0.0078471446    -0.0465157923     3.2502015964
    3X    -0.9637957539    -0.0153442331     0.1647852706    -1.0061664392
    3Y     1.9234076141    -0.0065610375    -0.0692896240     1.9347201228
    3Z     2.1840401515    -0.0204151569     0.4693978837     2.0998494179
----------------------------------------------------------------------------
 OPTIMIZATION STATISTICS:
 ENERGY CHANGE           =     0.8158782550E-01 (REQUEST=  0.10000E-05 )
 MAXIMUM GEOMETRY CHANGE =     0.8627939321E-01 (REQUEST=  0.18000E-02 )
 GEOMETRY CHANGE RMS     =     0.5229848179E-01 (REQUEST=  0.12000E-02 )
 GRADIENT NORM           =     0.2337650353E+00 (REQUEST=  0.30000E-03 )

 @ Finish Optimization for This Step


 @ Optimize for New Step


============  GEOMETRY FOR OPTIMIZATION STEP   4 OUT OF    5  ============

GEOMETRY INPUT
ELEMENT      X              Y              Z
  O          -0.652135       1.847726       2.964953
  H          -1.128863       1.085903       3.250202
  H          -1.006166       1.934720       2.099849

 @ Begin Energy Calculation

                                         SCF ENERGY
| ------------------------------------------------------------------------------------------------------------------------
| NCYC       ENERGY         DELTA_E      SCF_TIME  DII_CYC   DII_TIME   O_TIME  DIAG_TIME    MAX_ERR    RMS_CHG    MAX_CHG
| ------------------------------------------------------------------------------------------------------------------------
|  1    -75.799138177      ------         0.019     1        0.01      0.01      0.00    0.7915E+00  0.2814E-01  0.2639E+00
|  2    -76.022137195  0.222999E+00       0.018     2        0.01      0.01      0.00    0.4203E-01  0.1261E-01  0.8758E-01
|  3    -76.025618990  0.348179E-02       0.018     3        0.01      0.01      0.00    0.1827E-01  0.3771E-02  0.5218E-01
|  4    -76.026433713  0.814723E-03       0.018     4        0.01      0.01      0.00    0.2952E-02  0.1224E-02  0.1057E-01
|  5    -76.026497019  0.633057E-04       0.014     5        0.01      0.01      0.00    0.8057E-03  0.3255E-03  0.3570E-02
|  6    -76.026501339  0.431960E-05       0.012     6        0.01      0.01      0.00    0.2671E-03  0.8985E-04  0.6873E-03
|  7    -76.026502126  0.787041E-06       0.011     7        0.01      0.01      0.00    0.3458E-04  0.1498E-04  0.9229E-04
|  8    -76.026503369  0.124333E-05       0.009     8        0.01      0.00      0.00    0.5655E-05  0.1576E-05  0.1278E-04
| -------------- 2E-INT CUTOFF CHANGE TO 0.1000E-08 ------------
|  9    -76.026503370  0.845974E-09       0.013     9        0.01      0.01      0.00    0.1847E-05  0.5476E-06  0.5734E-05
| ------------------------------------------------------------------------------------------------------------------------
| REACH CONVERGENCE AFTER   9 CYCLES
| MAX ERROR = 0.184739E-05   RMS CHANGE = 0.547617E-06   MAX CHANGE = 0.573432E-05
| -----------------------------------------------
 ELECTRONIC ENERGY    =    -85.394695878
 CORE_CORE REPULSION  =      9.368192508
 TOTAL ENERGY         =    -76.026503370

 @ End Energy calculation


 ANALYTICAL GRADIENT: 
----------------------------------------------------------------------------
 VARIBLES    OLD_X            OLD_GRAD        NEW_GRAD          NEW_X
----------------------------------------------------------------------------
    1X    -0.6521346234    -0.2162468130     0.0021536525    -0.6814930706
    1Y     1.8477257923    -0.0233238530     0.0037524932     1.8217919914
    1Z     2.9649528882    -0.4228820913    -0.0018018915     2.9421778770
    2X    -1.1288626941     0.0514615424    -0.0010154015    -1.1220042185
    2Y     1.0859034490     0.0926134769     0.0053306537     1.0556499661
    2Z     3.2502015964    -0.0465157923    -0.0108643562     3.3175901590
    3X    -1.0061664392     0.1647852706    -0.0011382510    -0.9836664677
    3Y     1.9347201228    -0.0692896240    -0.0090831469     1.9909074066
    3Z     2.0998494179     0.4693978837     0.0126662477     2.0552358665
----------------------------------------------------------------------------
 OPTIMIZATION STATISTICS:
 ENERGY CHANGE           =    -0.8249389022E-01 (REQUEST=  0.10000E-05 )
 MAXIMUM GEOMETRY CHANGE =     0.6738856256E-01 (REQUEST=  0.18000E-02 )
 GEOMETRY CHANGE RMS     =     0.3831208165E-01 (REQUEST=  0.12000E-02 )
 GRADIENT NORM           =     0.6779711452E-02 (REQUEST=  0.30000E-03 )

 @ Finish Optimization for This Step


 @ Optimize for New Step


============  GEOMETRY FOR OPTIMIZATION STEP   5 OUT OF    5  ============

GEOMETRY INPUT
ELEMENT      X              Y              Z
  O          -0.681493       1.821792       2.942178
  H          -1.122004       1.055650       3.317590
  H          -0.983666       1.990907       2.055236

 @ Begin Energy Calculation

                                         SCF ENERGY
| ------------------------------------------------------------------------------------------------------------------------
| NCYC       ENERGY         DELTA_E      SCF_TIME  DII_CYC   DII_TIME   O_TIME  DIAG_TIME    MAX_ERR    RMS_CHG    MAX_CHG
| ------------------------------------------------------------------------------------------------------------------------
|  1    -76.006943814      ------         0.019     1        0.01      0.01      0.00    0.4555E-01  0.9280E-02  0.6068E-01
|  2    -76.025646176  0.187024E-01       0.017     2        0.01      0.01      0.00    0.6358E-02  0.2768E-02  0.2248E-01
|  3    -76.025830333  0.184157E-03       0.018     3        0.01      0.01      0.00    0.3556E-02  0.7805E-03  0.6992E-02
|  4    -76.025863904  0.335714E-04       0.017     4        0.01      0.01      0.00    0.9966E-03  0.2702E-03  0.2674E-02
|  5    -76.025869306  0.540194E-05       0.012     5        0.01      0.01      0.00    0.2869E-03  0.9782E-04  0.7061E-03
|  6    -76.025870083  0.776702E-06       0.011     6        0.01      0.01      0.00    0.6221E-04  0.2761E-04  0.2264E-03
|  7    -76.025870091  0.811604E-08       0.010     7        0.01      0.01      0.00    0.4923E-05  0.2535E-05  0.1247E-04
| -------------- 2E-INT CUTOFF CHANGE TO 0.1000E-08 ------------
|  8    -76.025870091  -.385812E-09       0.014     8        0.01      0.01      0.00    0.1112E-05  0.3213E-06  0.2150E-05
| ------------------------------------------------------------------------------------------------------------------------
| REACH CONVERGENCE AFTER   8 CYCLES
| MAX ERROR = 0.111186E-05   RMS CHANGE = 0.321345E-06   MAX CHANGE = 0.215009E-05
| -----------------------------------------------
 ELECTRONIC ENERGY    =    -85.216556138
 CORE_CORE REPULSION  =      9.190686048
 TOTAL ENERGY         =    -76.025870091

 @ End Energy calculation


 ANALYTICAL GRADIENT: 
----------------------------------------------------------------------------
 VARIBLES    OLD_X            OLD_GRAD        NEW_GRAD          NEW_X
----------------------------------------------------------------------------
    1X    -0.6814930706     0.0021536525    -0.0013532186    -0.6647854037
    1Y     1.8217919914     0.0037524932     0.0027572162     1.8365507184
    1Z     2.9421778770    -0.0018018915    -0.0072674920     2.9551389610
    2X    -1.1220042185    -0.0010154015    -0.0026361083    -1.1259073243
    2Y     1.0556499661     0.0053306537    -0.0134526895     1.0728669909
    2Z     3.3175901590    -0.0108643562     0.0168569760     3.2792398455
    3X    -0.9836664677    -0.0011382510     0.0039893269    -0.9964710287
    3Y     1.9909074066    -0.0090831469     0.0106954733     1.9589316548
    3Z     2.0552358665     0.0126662477    -0.0095894840     2.0806250960
----------------------------------------------------------------------------
 OPTIMIZATION STATISTICS:
 ENERGY CHANGE           =     0.6332791458E-03 (REQUEST=  0.10000E-05 )
 MAXIMUM GEOMETRY CHANGE =     0.3835031350E-01 (REQUEST=  0.18000E-02 )
 GEOMETRY CHANGE RMS     =     0.2180311149E-01 (REQUEST=  0.12000E-02 )
 GRADIENT NORM           =     0.9168772626E-02 (REQUEST=  0.30000E-03 )

 @ Finish Optimization for This Step

 WARNING: REACHED MAX OPT CYCLES. THE GEOMETRY IS NOT OPTIMIZED.
          PRINTING THE GEOMETRY FROM LAST STEP.
============= GEOMETRY INFORMATION (NOT OPTIMIZED) ===========

 OPTIMIZED GEOMETRY IN CARTESIAN
 ELEMENT      X         Y         Z
  O       -0.6648    1.8366    2.9551
  H       -1.1259    1.0729    3.2792
  H       -0.9965    1.9589    2.0806

 FORCE
 ELEMENT      X         Y         Z
  O        0.0007   -0.0015    0.0038
  H        0.0014    0.0071   -0.0089
  H       -0.0021   -0.0057    0.0051

 MINIMIZED ENERGY =    -76.025870091
===============================================================

 @ Finish Optimization Job


 @ Begin Zmake conversion

  
 Z-MATRIX:

   ATOM  ELEMENTAL  BOND LENGTH    BOND ANGLE    DIHEDRAL ANGLE
  NUMBER  SYMBOL    (ANGSTROMS)    (DEGREES)       (DEGREES)
     I                 I-NA         I-NA-NB        I-NA-NB-NC      NA   NB   NC

     1      O        0.00000  0     0.00000  0      0.00000  0      0    0    0
     2      H        0.94915  1     0.00000  0      0.00000  0      1    0    0
     3      H        0.94327  1   104.48518  1      0.00000  0      1    2    0

 @ End Zmake conversion


 @ Begin Charge and Dipole Calculation

    ATOMIC CHARGES
   ATOM          MULLIKEN            LOWDIN
   O             -0.3182            -0.5873
   H              0.1611             0.2953
   H              0.1571             0.2920
   TOTAL         0.0000             0.0000

    DIPOLE (DEBYE)
      X         Y         Z        TOTAL
   -1.3627   -1.0935   -0.9504    1.9890

 @ End Charge and Dipole Calculation


 @ Output Timing Information

------------- TIMING ---------------
| INITIAL GUESS TIME  =     0.864153000( 16.72%)
| TOTAL SCF TIME      =     0.687777000( 13.30%)
|       TOTAL OP TIME      =     0.441886000(  8.55%)
|             TOTAL 1e TIME      =     0.007233000(  0.14%)
|             TOTAL 2e TIME      =     0.422513000(  8.17%)
|       TOTAL DII TIME      =     0.245550000(  4.75%)
|             TOTAL DIAG TIME    =     0.219664000(  4.25%)
| TOTAL GRADIENT TIME      =     0.265404000(  5.13%)
|       TOTAL 1e GRADIENT TIME      =     0.024286000( 0.56%)
|       TOTAL 2e GRADIENT TIME      =     0.236611000( 4.58%)
| TOTAL TIME          =     5.169876000
------------------------------------
| Job cpu time:  0 days  0 hours  0 minutes  5.2 seconds.

 @ Finish Output Timing Information

| Normal Termination. Task Finished on: Tue May  3 18:28:34 2022
